stm32f7xx_it.c:54:6:NMI_Handler	0	static
stm32f7xx_it.c:67:6:HardFault_Handler	0	static
stm32f7xx_it.c:83:6:MemManage_Handler	0	static
stm32f7xx_it.c:99:6:BusFault_Handler	0	static
stm32f7xx_it.c:115:6:UsageFault_Handler	0	static
stm32f7xx_it.c:131:6:SVC_Handler	0	static
stm32f7xx_it.c:144:6:DebugMon_Handler	0	static
stm32f7xx_it.c:157:6:PendSV_Handler	0	static
stm32f7xx_it.c:170:6:SysTick_Handler	8	static
stm32f7xx_it.c:192:6:USART1_IRQHandler	0	static
stm32f7xx_it.c:206:6:TIM6_DAC_IRQHandler	0	static
stm32f7xx_it.c:220:6:DMA2_Stream2_IRQHandler	0	static
