tim-50610007-pc.c:68:6:MX_TIM1_Init	8	static
tim-50610007-pc.c:150:6:MX_TIM3_Init	8	static
tim-50610007-pc.c:182:6:MX_TIM4_Init	8	static
tim-50610007-pc.c:214:6:MX_TIM5_Init	8	static
tim-50610007-pc.c:246:6:MX_TIM6_Init	8	static
tim-50610007-pc.c:530:6:HAL_TIM_Encoder_MspInit	48	static
tim-50610007-pc.c:628:6:HAL_TIM_PWM_MspInit	16	static
tim-50610007-pc.c:677:6:HAL_TIM_Base_MspInit	32	static
tim-50610007-pc.c:740:6:HAL_TIM_MspPostInit	40	static
tim-50610007-pc.c:102:6:MX_TIM2_Init	8	static
tim-50610007-pc.c:268:6:MX_TIM8_Init	8	static
tim-50610007-pc.c:338:6:MX_TIM9_Init	8	static
tim-50610007-pc.c:370:6:MX_TIM10_Init	8	static
tim-50610007-pc.c:402:6:MX_TIM11_Init	8	static
tim-50610007-pc.c:434:6:MX_TIM12_Init	8	static
tim-50610007-pc.c:466:6:MX_TIM13_Init	8	static
tim-50610007-pc.c:498:6:MX_TIM14_Init	8	static
tim-50610007-pc.c:921:6:HAL_TIM_Encoder_MspDeInit	0	static
tim-50610007-pc.c:998:6:HAL_TIM_PWM_MspDeInit	0	static
tim-50610007-pc.c:1047:6:HAL_TIM_Base_MspDeInit	0	static
