stm32f7xx_hal_flash.c:665:13:FLASH_Program_DoubleWord	8	static
stm32f7xx_hal_flash.c:697:13:FLASH_Program_Word	0	static
stm32f7xx_hal_flash.c:726:13:FLASH_Program_HalfWord	0	static
stm32f7xx_hal_flash.c:756:13:FLASH_Program_Byte	0	static
stm32f7xx_hal_flash.c:777:13:FLASH_SetErrorCode	0	static
stm32f7xx_hal_flash.c:249:19:HAL_FLASH_Program_IT	16	static
stm32f7xx_hal_flash.c:446:13:HAL_FLASH_EndOfOperationCallback	0	static
stm32f7xx_hal_flash.c:464:13:HAL_FLASH_OperationErrorCallback	0	static
stm32f7xx_hal_flash.c:311:6:HAL_FLASH_IRQHandler	16	static
stm32f7xx_hal_flash.c:496:19:HAL_FLASH_Unlock	0	static
stm32f7xx_hal_flash.c:516:19:HAL_FLASH_Lock	0	static
stm32f7xx_hal_flash.c:528:19:HAL_FLASH_OB_Unlock	0	static
stm32f7xx_hal_flash.c:548:19:HAL_FLASH_OB_Lock	0	static
stm32f7xx_hal_flash.c:596:10:HAL_FLASH_GetError	0	static
stm32f7xx_hal_flash.c:610:19:FLASH_WaitForLastOperation	16	static
stm32f7xx_hal_flash.c:180:19:HAL_FLASH_Program	24	static
stm32f7xx_hal_flash.c:560:19:HAL_FLASH_OB_Launch	0	static
