main.c:980:6:_Error_Handler.constprop	8	static
main.c:521:6:SystemClock_Config	240	static
main.c:672:6:sens_test	96	static
main.c:707:6:comu_test	16	static
main.c:771:6:armtest_mode	32	static
main.c:808:6:demo_mode	40	static
main.c:861:6:Calibration	32	static
main.c:904:6:printLCD	0	static
main.c:604:6:main_run	40	static
main.c:732:6:motortest_mode	16	static
main.c:109:5:main	48	static
main.c:918:6:HAL_TIM_PeriodElapsedCallback	16	static
main.c:933:6:HAL_UART_RxCpltCallback	12	static
main.c:968:6:map	8	static
main.c:980:6:_Error_Handler	8	static
