tim.c:281:6:MX_TIM5_Init	8	static
tim.c:312:6:MX_TIM6_Init	8	static
tim.c:333:6:MX_TIM8_Init	8	static
tim.c:490:6:HAL_TIM_PWM_MspInit	24	static
tim.c:561:6:HAL_TIM_Encoder_MspInit	40	static
tim.c:613:6:HAL_TIM_Base_MspInit	24	static
tim.c:654:6:HAL_TIM_MspPostInit	40	static
tim.c:67:6:MX_TIM1_Init	8	static
tim.c:136:6:MX_TIM2_Init	8	static
tim.c:185:6:MX_TIM3_Init	8	static
tim.c:233:6:MX_TIM4_Init	8	static
tim.c:366:6:MX_TIM9_Init	8	static
tim.c:397:6:MX_TIM10_Init	8	static
tim.c:428:6:MX_TIM11_Init	8	static
tim.c:459:6:MX_TIM12_Init	8	static
tim.c:848:6:HAL_TIM_PWM_MspDeInit	0	static
tim.c:919:6:HAL_TIM_Encoder_MspDeInit	0	static
tim.c:960:6:HAL_TIM_Base_MspDeInit	0	static
