Archive member included to satisfy reference by file (symbol)

C:\Users\ryouma\OneDrive\ロボットファクトリー\18回レスコン\組み込み\F767_Hermit_main\libarm_cortexM7lfdp_math.a(arm_sin_f32.o)
                              Src\mecanum.o (arm_sin_f32)
C:\Users\ryouma\OneDrive\ロボットファクトリー\18回レスコン\組み込み\F767_Hermit_main\libarm_cortexM7lfdp_math.a(arm_common_tables.o)
                              C:\Users\ryouma\OneDrive\ロボットファクトリー\18回レスコン\組み込み\F767_Hermit_main\libarm_cortexM7lfdp_math.a(arm_sin_f32.o) (sinTable_f32)
c:/program files (x86)/atollic/truestudio for stm32 9.0.1/armtools/bin/../lib/gcc/arm-atollic-eabi/6.3.1/../../../../arm-atollic-eabi/lib/armv7e-m/fpu/fpv5-d16\libc_nano.a(lib_a-init.o)
                              startup\startup_stm32f767xx.o (__libc_init_array)
c:/program files (x86)/atollic/truestudio for stm32 9.0.1/armtools/bin/../lib/gcc/arm-atollic-eabi/6.3.1/../../../../arm-atollic-eabi/lib/armv7e-m/fpu/fpv5-d16\libc_nano.a(lib_a-memset.o)
                              Src\i2c_lcd.o (memset)

Allocating common symbols
Common symbol       size              file

HOUI_def            0x2               Src\actuator.o
Flug_Rxdata         0x1               Src\main.o
power4_temp         0x4               Src\actuator.o
huart7              0x70              Src\usart.o
xfunc_in            0x4               Src\xprintf.o
htim8               0x40              Src\tim.o
temp2               0x4               Src\actuator.o
motorR              0x1               Src\actuator.o
htim4               0x40              Src\tim.o
power_caluculate    0x10              Src\actuator.o
power               0x4               Src\actuator.o
huart3              0x70              Src\usart.o
hi2c1               0x4c              Src\i2c.o
htim10              0x40              Src\tim.o
hiwdg               0x10              Src\iwdg.o
power3_temp         0x4               Src\actuator.o
sMasterConfig       0xc               Src\actuator.o
hi2c2               0x4c              Src\i2c.o
JY901_I2C           0x4               Src\JY901.o
cnt                 0x10              Src\actuator.o
motorL              0x1               Src\actuator.o
tempdata            0x11              Src\main.o
xfunc_out           0x4               Src\xprintf.o
power3              0x4               Src\actuator.o
Rxdetatemp          0x1               Src\main.o
uwTick              0x4               Drivers\STM32F7xx_HAL_Driver\Src\stm32f7xx_hal.o
pFlash              0x1c              Drivers\STM32F7xx_HAL_Driver\Src\stm32f7xx_hal_flash.o
Rxbuf               0x12              Src\main.o
htim5               0x40              Src\tim.o
power2_temp         0x4               Src\actuator.o
htim3               0x40              Src\tim.o
huart_xprintf       0x4               Src\actuator.o
huart_DFPlayer      0x4               Src\DFPlayer_Mini_mp3.o
huart5              0x70              Src\usart.o
cnt_temp            0xc               Src\actuator.o
temp1               0x4               Src\actuator.o
hdma_usart1_rx      0x60              Src\usart.o
digree              0x4               Src\actuator.o
HOUI                0x2               Src\actuator.o
htim13              0x40              Src\tim.o
huart1              0x70              Src\usart.o
sConfigOC           0x1c              Src\actuator.o
posDataR2           0x2               Src\main.o
power2              0x4               Src\actuator.o
posDataR1           0x2               Src\main.o
sBreakDeadTimeConfig
                    0x2c              Src\actuator.o
htim11              0x40              Src\tim.o
posDataL2           0x2               Src\main.o
power4              0x4               Src\actuator.o
data                0x11              Src\main.o
htim6               0x40              Src\tim.o
htim1               0x40              Src\tim.o
y                   0x4               Src\actuator.o
htim9               0x40              Src\tim.o
power1_temp         0x4               Src\actuator.o
huart8              0x70              Src\usart.o
posDataL1           0x2               Src\main.o
sConfig             0x24              Src\main.o
huart4              0x70              Src\usart.o
htim2               0x40              Src\tim.o
posDataL3           0x2               Src\main.o
motor               0x5               Src\main.o
huart2              0x70              Src\usart.o
htim14              0x40              Src\tim.o
htim12              0x40              Src\tim.o
power1              0x4               Src\actuator.o
digtemp             0x4               Src\actuator.o
posDataR3           0x2               Src\main.o
oled_I2C            0x4               Src\actuator.o
counttime           0x4               Src\actuator.o
cmd                 0x8               Src\DFPlayer_Mini_mp3.o

Discarded input sections

 .text          0x00000000        0x0 c:/program files (x86)/atollic/truestudio for stm32 9.0.1/armtools/bin/../lib/gcc/arm-atollic-eabi/6.3.1/armv7e-m/fpu/fpv5-d16/crti.o
[...]
Memory Configuration

Name             Origin             Length             Attributes
RAM              0x20000000         0x00080000         xrw
FLASH            0x08000000         0x00200000         xr
*default*        0x00000000         0xffffffff

Linker script and memory map

LOAD c:/program files (x86)/atollic/truestudio for stm32 9.0.1/armtools/bin/../lib/gcc/arm-atollic-eabi/6.3.1/armv7e-m/fpu/fpv5-d16/crti.o
LOAD c:/program files (x86)/atollic/truestudio for stm32 9.0.1/armtools/bin/../lib/gcc/arm-atollic-eabi/6.3.1/armv7e-m/fpu/fpv5-d16/crtbegin.o
LOAD Drivers\STM32F7xx_HAL_Driver\Src\stm32f7xx_hal.o
LOAD Drivers\STM32F7xx_HAL_Driver\Src\stm32f7xx_hal_cortex.o
LOAD Drivers\STM32F7xx_HAL_Driver\Src\stm32f7xx_hal_dma.o
LOAD Drivers\STM32F7xx_HAL_Driver\Src\stm32f7xx_hal_dma_ex.o
LOAD Drivers\STM32F7xx_HAL_Driver\Src\stm32f7xx_hal_flash.o
LOAD Drivers\STM32F7xx_HAL_Driver\Src\stm32f7xx_hal_flash_ex.o
LOAD Drivers\STM32F7xx_HAL_Driver\Src\stm32f7xx_hal_gpio.o
LOAD Drivers\STM32F7xx_HAL_Driver\Src\stm32f7xx_hal_i2c.o
LOAD Drivers\STM32F7xx_HAL_Driver\Src\stm32f7xx_hal_i2c_ex.o
LOAD Drivers\STM32F7xx_HAL_Driver\Src\stm32f7xx_hal_iwdg.o
LOAD Drivers\STM32F7xx_HAL_Driver\Src\stm32f7xx_hal_pwr.o
LOAD Drivers\STM32F7xx_HAL_Driver\Src\stm32f7xx_hal_pwr_ex.o
LOAD Drivers\STM32F7xx_HAL_Driver\Src\stm32f7xx_hal_rcc.o
LOAD Drivers\STM32F7xx_HAL_Driver\Src\stm32f7xx_hal_rcc_ex.o
LOAD Drivers\STM32F7xx_HAL_Driver\Src\stm32f7xx_hal_tim.o
LOAD Drivers\STM32F7xx_HAL_Driver\Src\stm32f7xx_hal_tim_ex.o
LOAD Drivers\STM32F7xx_HAL_Driver\Src\stm32f7xx_hal_uart.o
LOAD Src\DFPlayer_Mini_mp3.o
LOAD Src\JY901.o
LOAD Src\actuator.o
LOAD Src\dma.o
LOAD Src\gpio.o
LOAD Src\i2c.o
LOAD Src\i2c_lcd.o
LOAD Src\iwdg.o
LOAD Src\main.o
LOAD Src\mecanum.o
LOAD Src\stm32f7xx_hal_msp.o
LOAD Src\stm32f7xx_it.o
LOAD Src\system_stm32f7xx.o
LOAD Src\tim.o
LOAD Src\usart.o
LOAD Src\xprintf.o
LOAD startup\startup_stm32f767xx.o
LOAD C:\Users\ryouma\OneDrive\ロボットファクトリー\18回レスコン\組み込み\F767_Hermit_main\libarm_cortexM7lfdp_math.a
                0x00000080                malloc_getpagesize_P = 0x80
START GROUP
LOAD c:/program files (x86)/atollic/truestudio for stm32 9.0.1/armtools/bin/../lib/gcc/arm-atollic-eabi/6.3.1/../../../../arm-atollic-eabi/lib/armv7e-m/fpu/fpv5-d16\libc_nano.a
LOAD c:/program files (x86)/atollic/truestudio for stm32 9.0.1/armtools/bin/../lib/gcc/arm-atollic-eabi/6.3.1/../../../../arm-atollic-eabi/lib/armv7e-m/fpu/fpv5-d16\libm.a
END GROUP
START GROUP
LOAD c:/program files (x86)/atollic/truestudio for stm32 9.0.1/armtools/bin/../lib/gcc/arm-atollic-eabi/6.3.1/armv7e-m/fpu/fpv5-d16\libgcc.a
LOAD c:/program files (x86)/atollic/truestudio for stm32 9.0.1/armtools/bin/../lib/gcc/arm-atollic-eabi/6.3.1/../../../../arm-atollic-eabi/lib/armv7e-m/fpu/fpv5-d16\libc_nano.a
END GROUP
START GROUP
LOAD c:/program files (x86)/atollic/truestudio for stm32 9.0.1/armtools/bin/../lib/gcc/arm-atollic-eabi/6.3.1/armv7e-m/fpu/fpv5-d16\libgcc.a
LOAD c:/program files (x86)/atollic/truestudio for stm32 9.0.1/armtools/bin/../lib/gcc/arm-atollic-eabi/6.3.1/../../../../arm-atollic-eabi/lib/armv7e-m/fpu/fpv5-d16\libc_nano.a
LOAD c:/program files (x86)/atollic/truestudio for stm32 9.0.1/armtools/bin/../lib/gcc/arm-atollic-eabi/6.3.1/../../../../arm-atollic-eabi/lib/armv7e-m/fpu/fpv5-d16\libnosys.a
END GROUP
START GROUP
LOAD c:/program files (x86)/atollic/truestudio for stm32 9.0.1/armtools/bin/../lib/gcc/arm-atollic-eabi/6.3.1/armv7e-m/fpu/fpv5-d16\libgcc.a
LOAD c:/program files (x86)/atollic/truestudio for stm32 9.0.1/armtools/bin/../lib/gcc/arm-atollic-eabi/6.3.1/../../../../arm-atollic-eabi/lib/armv7e-m/fpu/fpv5-d16\libc_nano.a
LOAD c:/program files (x86)/atollic/truestudio for stm32 9.0.1/armtools/bin/../lib/gcc/arm-atollic-eabi/6.3.1/../../../../arm-atollic-eabi/lib/armv7e-m/fpu/fpv5-d16\libnosys.a
END GROUP
LOAD c:/program files (x86)/atollic/truestudio for stm32 9.0.1/armtools/bin/../lib/gcc/arm-atollic-eabi/6.3.1/armv7e-m/fpu/fpv5-d16/crtend.o
LOAD c:/program files (x86)/atollic/truestudio for stm32 9.0.1/armtools/bin/../lib/gcc/arm-atollic-eabi/6.3.1/armv7e-m/fpu/fpv5-d16/crtn.o
                0x20080000                _estack = 0x20080000
                0x00000400                _Min_Heap_Size = 0x400
                0x00000800                _Min_Stack_Size = 0x800

.isr_vector     0x08000000      0x1f8
                0x08000000                . = ALIGN (0x4)
 *(.isr_vector)
 .isr_vector    0x08000000      0x1f8 startup\startup_stm32f767xx.o
                0x08000000                g_pfnVectors
                0x080001f8                . = ALIGN (0x4)

.text           0x080001f8     0x884c
                0x080001f8                . = ALIGN (0x4)
 *(.text)
 .text          0x080001f8       0x40 c:/program files (x86)/atollic/truestudio for stm32 9.0.1/armtools/bin/../lib/gcc/arm-atollic-eabi/6.3.1/armv7e-m/fpu/fpv5-d16/crtbegin.o
 *(.text*)
 .text.HAL_InitTick
                0x08000238       0x28 Drivers\STM32F7xx_HAL_Driver\Src\stm32f7xx_hal.o
                0x08000238                HAL_InitTick
 .text.HAL_Init
                0x08000260       0x24 Drivers\STM32F7xx_HAL_Driver\Src\stm32f7xx_hal.o
                0x08000260                HAL_Init
 .text.HAL_IncTick
                0x08000284       0x10 Drivers\STM32F7xx_HAL_Driver\Src\stm32f7xx_hal.o
                0x08000284                HAL_IncTick
 .text.HAL_GetTick
                0x08000294        0xc Drivers\STM32F7xx_HAL_Driver\Src\stm32f7xx_hal.o
                0x08000294                HAL_GetTick
 .text.HAL_Delay
                0x080002a0       0x1a Drivers\STM32F7xx_HAL_Driver\Src\stm32f7xx_hal.o
                0x080002a0                HAL_Delay
 *fill*         0x080002ba        0x2 
 .text.HAL_NVIC_SetPriorityGrouping
                0x080002bc       0x24 Drivers\STM32F7xx_HAL_Driver\Src\stm32f7xx_hal_cortex.o
                0x080002bc                HAL_NVIC_SetPriorityGrouping
 .text.HAL_NVIC_SetPriority
                0x080002e0       0x70 Drivers\STM32F7xx_HAL_Driver\Src\stm32f7xx_hal_cortex.o
                0x080002e0                HAL_NVIC_SetPriority
 .text.HAL_NVIC_EnableIRQ
                0x08000350       0x18 Drivers\STM32F7xx_HAL_Driver\Src\stm32f7xx_hal_cortex.o
                0x08000350                HAL_NVIC_EnableIRQ
 .text.HAL_SYSTICK_Config
                0x08000368       0x2c Drivers\STM32F7xx_HAL_Driver\Src\stm32f7xx_hal_cortex.o
                0x08000368                HAL_SYSTICK_Config
 .text.HAL_SYSTICK_CLKSourceConfig
                0x08000394       0x18 Drivers\STM32F7xx_HAL_Driver\Src\stm32f7xx_hal_cortex.o
                0x08000394                HAL_SYSTICK_CLKSourceConfig
 .text.HAL_SYSTICK_Callback
                0x080003ac        0x2 Drivers\STM32F7xx_HAL_Driver\Src\stm32f7xx_hal_cortex.o
                0x080003ac                HAL_SYSTICK_Callback
 .text.HAL_SYSTICK_IRQHandler
                0x080003ae        0x8 Drivers\STM32F7xx_HAL_Driver\Src\stm32f7xx_hal_cortex.o
                0x080003ae                HAL_SYSTICK_IRQHandler
 *fill*         0x080003b6        0x2 
 .text.DMA_CalcBaseAndBitshift
                0x080003b8       0x2c Drivers\STM32F7xx_HAL_Driver\Src\stm32f7xx_hal_dma.o
 .text.HAL_DMA_Init
                0x080003e4       0xfc Drivers\STM32F7xx_HAL_Driver\Src\stm32f7xx_hal_dma.o
                0x080003e4                HAL_DMA_Init
 .text.HAL_DMA_Start_IT
                0x080004e0       0x7a Drivers\STM32F7xx_HAL_Driver\Src\stm32f7xx_hal_dma.o
                0x080004e0                HAL_DMA_Start_IT
 .text.HAL_DMA_Abort_IT
                0x0800055a       0x24 Drivers\STM32F7xx_HAL_Driver\Src\stm32f7xx_hal_dma.o
                0x0800055a                HAL_DMA_Abort_IT
 *fill*         0x0800057e        0x2 
 .text.HAL_DMA_IRQHandler
                0x08000580      0x17c Drivers\STM32F7xx_HAL_Driver\Src\stm32f7xx_hal_dma.o
                0x08000580                HAL_DMA_IRQHandler
 .text.HAL_GPIO_Init
                0x080006fc      0x1d4 Drivers\STM32F7xx_HAL_Driver\Src\stm32f7xx_hal_gpio.o
                0x080006fc                HAL_GPIO_Init
 .text.HAL_GPIO_ReadPin
                0x080008d0        0xc Drivers\STM32F7xx_HAL_Driver\Src\stm32f7xx_hal_gpio.o
                0x080008d0                HAL_GPIO_ReadPin
 .text.HAL_GPIO_WritePin
                0x080008dc        0xa Drivers\STM32F7xx_HAL_Driver\Src\stm32f7xx_hal_gpio.o
                0x080008dc                HAL_GPIO_WritePin
 .text.HAL_GPIO_TogglePin
                0x080008e6        0x8 Drivers\STM32F7xx_HAL_Driver\Src\stm32f7xx_hal_gpio.o
                0x080008e6                HAL_GPIO_TogglePin
 .text.I2C_Flush_TXDR
                0x080008ee       0x1c Drivers\STM32F7xx_HAL_Driver\Src\stm32f7xx_hal_i2c.o
 .text.I2C_TransferConfig
                0x0800090a       0x2a Drivers\STM32F7xx_HAL_Driver\Src\stm32f7xx_hal_i2c.o
 .text.I2C_WaitOnFlagUntilTimeout
                0x08000934       0x4e Drivers\STM32F7xx_HAL_Driver\Src\stm32f7xx_hal_i2c.o
 .text.I2C_IsAcknowledgeFailed
                0x08000982       0x7a Drivers\STM32F7xx_HAL_Driver\Src\stm32f7xx_hal_i2c.o
 .text.I2C_WaitOnTXISFlagUntilTimeout
                0x080009fc       0x52 Drivers\STM32F7xx_HAL_Driver\Src\stm32f7xx_hal_i2c.o
 .text.I2C_RequestMemoryRead
                0x08000a4e       0x66 Drivers\STM32F7xx_HAL_Driver\Src\stm32f7xx_hal_i2c.o
 .text.I2C_WaitOnSTOPFlagUntilTimeout
                0x08000ab4       0x4e Drivers\STM32F7xx_HAL_Driver\Src\stm32f7xx_hal_i2c.o
 .text.HAL_I2C_Init
                0x08000b02       0xa2 Drivers\STM32F7xx_HAL_Driver\Src\stm32f7xx_hal_i2c.o
                0x08000b02                HAL_I2C_Init
 .text.HAL_I2C_Master_Transmit
                0x08000ba4      0x132 Drivers\STM32F7xx_HAL_Driver\Src\stm32f7xx_hal_i2c.o
                0x08000ba4                HAL_I2C_Master_Transmit
 .text.HAL_I2C_Mem_Read
                0x08000cd6      0x17c Drivers\STM32F7xx_HAL_Driver\Src\stm32f7xx_hal_i2c.o
                0x08000cd6                HAL_I2C_Mem_Read
 .text.HAL_I2CEx_ConfigAnalogFilter
                0x08000e52       0x4c Drivers\STM32F7xx_HAL_Driver\Src\stm32f7xx_hal_i2c_ex.o
                0x08000e52                HAL_I2CEx_ConfigAnalogFilter
 .text.HAL_I2CEx_ConfigDigitalFilter
                0x08000e9e       0x4a Drivers\STM32F7xx_HAL_Driver\Src\stm32f7xx_hal_i2c_ex.o
                0x08000e9e                HAL_I2CEx_ConfigDigitalFilter
 .text.HAL_IWDG_Init
                0x08000ee8       0x4e Drivers\STM32F7xx_HAL_Driver\Src\stm32f7xx_hal_iwdg.o
                0x08000ee8                HAL_IWDG_Init
 .text.HAL_IWDG_Refresh
                0x08000f36        0xc Drivers\STM32F7xx_HAL_Driver\Src\stm32f7xx_hal_iwdg.o
                0x08000f36                HAL_IWDG_Refresh
 *fill*         0x08000f42        0x2 
 .text.HAL_PWREx_EnableOverDrive
                0x08000f44       0x70 Drivers\STM32F7xx_HAL_Driver\Src\stm32f7xx_hal_pwr_ex.o
                0x08000f44                HAL_PWREx_EnableOverDrive
 .text.HAL_RCC_OscConfig
                0x08000fb4      0x328 Drivers\STM32F7xx_HAL_Driver\Src\stm32f7xx_hal_rcc.o
                0x08000fb4                HAL_RCC_OscConfig
 .text.HAL_RCC_GetSysClockFreq
                0x080012dc       0x54 Drivers\STM32F7xx_HAL_Driver\Src\stm32f7xx_hal_rcc.o
                0x080012dc                HAL_RCC_GetSysClockFreq
 .text.HAL_RCC_ClockConfig
                0x08001330      0x120 Drivers\STM32F7xx_HAL_Driver\Src\stm32f7xx_hal_rcc.o
                0x08001330                HAL_RCC_ClockConfig
 .text.HAL_RCC_GetHCLKFreq
                0x08001450        0xc Drivers\STM32F7xx_HAL_Driver\Src\stm32f7xx_hal_rcc.o
                0x08001450                HAL_RCC_GetHCLKFreq
 .text.HAL_RCC_GetPCLK1Freq
                0x0800145c       0x20 Drivers\STM32F7xx_HAL_Driver\Src\stm32f7xx_hal_rcc.o
                0x0800145c                HAL_RCC_GetPCLK1Freq
 .text.HAL_RCC_GetPCLK2Freq
                0x0800147c       0x20 Drivers\STM32F7xx_HAL_Driver\Src\stm32f7xx_hal_rcc.o
                0x0800147c                HAL_RCC_GetPCLK2Freq
 .text.HAL_RCCEx_PeriphCLKConfig
                0x0800149c      0x55c Drivers\STM32F7xx_HAL_Driver\Src\stm32f7xx_hal_rcc_ex.o
                0x0800149c                HAL_RCCEx_PeriphCLKConfig
 .text.HAL_TIM_Base_Start_IT
                0x080019f8       0x16 Drivers\STM32F7xx_HAL_Driver\Src\stm32f7xx_hal_tim.o
                0x080019f8                HAL_TIM_Base_Start_IT
 .text.HAL_TIM_Encoder_Start
                0x08001a0e       0x44 Drivers\STM32F7xx_HAL_Driver\Src\stm32f7xx_hal_tim.o
                0x08001a0e                HAL_TIM_Encoder_Start
 .text.HAL_TIM_OC_DelayElapsedCallback
                0x08001a52        0x2 Drivers\STM32F7xx_HAL_Driver\Src\stm32f7xx_hal_tim.o
                0x08001a52                HAL_TIM_OC_DelayElapsedCallback
 .text.HAL_TIM_IC_CaptureCallback
                0x08001a54        0x2 Drivers\STM32F7xx_HAL_Driver\Src\stm32f7xx_hal_tim.o
                0x08001a54                HAL_TIM_IC_CaptureCallback
 .text.HAL_TIM_PWM_PulseFinishedCallback
                0x08001a56        0x2 Drivers\STM32F7xx_HAL_Driver\Src\stm32f7xx_hal_tim.o
                0x08001a56                HAL_TIM_PWM_PulseFinishedCallback
 .text.HAL_TIM_TriggerCallback
                0x08001a58        0x2 Drivers\STM32F7xx_HAL_Driver\Src\stm32f7xx_hal_tim.o
                0x08001a58                HAL_TIM_TriggerCallback
 .text.HAL_TIM_IRQHandler
                0x08001a5a      0x160 Drivers\STM32F7xx_HAL_Driver\Src\stm32f7xx_hal_tim.o
                0x08001a5a                HAL_TIM_IRQHandler
 *fill*         0x08001bba        0x2 
 .text.TIM_Base_SetConfig
                0x08001bbc       0xd0 Drivers\STM32F7xx_HAL_Driver\Src\stm32f7xx_hal_tim.o
                0x08001bbc                TIM_Base_SetConfig
 .text.HAL_TIM_Base_Init
                0x08001c8c       0x34 Drivers\STM32F7xx_HAL_Driver\Src\stm32f7xx_hal_tim.o
                0x08001c8c                HAL_TIM_Base_Init
 .text.HAL_TIM_PWM_Init
                0x08001cc0       0x34 Drivers\STM32F7xx_HAL_Driver\Src\stm32f7xx_hal_tim.o
                0x08001cc0                HAL_TIM_PWM_Init
 .text.HAL_TIM_Encoder_Init
                0x08001cf4       0x96 Drivers\STM32F7xx_HAL_Driver\Src\stm32f7xx_hal_tim.o
                0x08001cf4                HAL_TIM_Encoder_Init
 *fill*         0x08001d8a        0x2 
 .text.TIM_OC1_SetConfig
                0x08001d8c       0x5c Drivers\STM32F7xx_HAL_Driver\Src\stm32f7xx_hal_tim.o
                0x08001d8c                TIM_OC1_SetConfig
 .text.TIM_OC2_SetConfig
                0x08001de8       0x64 Drivers\STM32F7xx_HAL_Driver\Src\stm32f7xx_hal_tim.o
                0x08001de8                TIM_OC2_SetConfig
 .text.TIM_OC3_SetConfig
                0x08001e4c       0x64 Drivers\STM32F7xx_HAL_Driver\Src\stm32f7xx_hal_tim.o
                0x08001e4c                TIM_OC3_SetConfig
 .text.TIM_OC4_SetConfig
                0x08001eb0       0x54 Drivers\STM32F7xx_HAL_Driver\Src\stm32f7xx_hal_tim.o
                0x08001eb0                TIM_OC4_SetConfig
 .text.TIM_CCxChannelCmd
                0x08001f04       0x18 Drivers\STM32F7xx_HAL_Driver\Src\stm32f7xx_hal_tim.o
                0x08001f04                TIM_CCxChannelCmd
 .text.HAL_TIM_PWM_Start
                0x08001f1c       0x34 Drivers\STM32F7xx_HAL_Driver\Src\stm32f7xx_hal_tim.o
                0x08001f1c                HAL_TIM_PWM_Start
 .text.TIM_OC5_SetConfig
                0x08001f50       0x50 Drivers\STM32F7xx_HAL_Driver\Src\stm32f7xx_hal_tim_ex.o
 .text.TIM_OC6_SetConfig
                0x08001fa0       0x50 Drivers\STM32F7xx_HAL_Driver\Src\stm32f7xx_hal_tim_ex.o
 .text.HAL_TIMEx_MasterConfigSynchronization
                0x08001ff0       0x4c Drivers\STM32F7xx_HAL_Driver\Src\stm32f7xx_hal_tim_ex.o
                0x08001ff0                HAL_TIMEx_MasterConfigSynchronization
 .text.HAL_TIMEx_ConfigBreakDeadTime
                0x0800203c       0x88 Drivers\STM32F7xx_HAL_Driver\Src\stm32f7xx_hal_tim_ex.o
                0x0800203c                HAL_TIMEx_ConfigBreakDeadTime
 .text.HAL_TIMEx_CommutationCallback
                0x080020c4        0x2 Drivers\STM32F7xx_HAL_Driver\Src\stm32f7xx_hal_tim_ex.o
                0x080020c4                HAL_TIMEx_CommutationCallback
 .text.HAL_TIMEx_BreakCallback
                0x080020c6        0x2 Drivers\STM32F7xx_HAL_Driver\Src\stm32f7xx_hal_tim_ex.o
                0x080020c6                HAL_TIMEx_BreakCallback
 .text.HAL_TIM_PWM_ConfigChannel
                0x080020c8      0x10c Drivers\STM32F7xx_HAL_Driver\Src\stm32f7xx_hal_tim_ex.o
                0x080020c8                HAL_TIM_PWM_ConfigChannel
 .text.UART_EndRxTransfer
                0x080021d4       0x1a Drivers\STM32F7xx_HAL_Driver\Src\stm32f7xx_hal_uart.o
 *fill*         0x080021ee        0x2 
 .text.HAL_UART_Receive_DMA
                0x080021f0       0x88 Drivers\STM32F7xx_HAL_Driver\Src\stm32f7xx_hal_uart.o
                0x080021f0                HAL_UART_Receive_DMA
 .text.UART_WaitOnFlagUntilTimeout
                0x08002278       0x62 Drivers\STM32F7xx_HAL_Driver\Src\stm32f7xx_hal_uart.o
                0x08002278                UART_WaitOnFlagUntilTimeout
 .text.HAL_UART_Transmit
                0x080022da       0xb2 Drivers\STM32F7xx_HAL_Driver\Src\stm32f7xx_hal_uart.o
                0x080022da                HAL_UART_Transmit
 .text.HAL_UART_Receive
                0x0800238c       0xe0 Drivers\STM32F7xx_HAL_Driver\Src\stm32f7xx_hal_uart.o
                0x0800238c                HAL_UART_Receive
 .text.HAL_UART_TxCpltCallback
                0x0800246c        0x2 Drivers\STM32F7xx_HAL_Driver\Src\stm32f7xx_hal_uart.o
                0x0800246c                HAL_UART_TxCpltCallback
 .text.UART_DMAReceiveCplt
                0x0800246e       0x3a Drivers\STM32F7xx_HAL_Driver\Src\stm32f7xx_hal_uart.o
 .text.UART_Receive_IT
                0x080024a8       0x6e Drivers\STM32F7xx_HAL_Driver\Src\stm32f7xx_hal_uart.o
 .text.HAL_UART_RxHalfCpltCallback
                0x08002516        0x2 Drivers\STM32F7xx_HAL_Driver\Src\stm32f7xx_hal_uart.o
                0x08002516                HAL_UART_RxHalfCpltCallback
 .text.UART_DMARxHalfCplt
                0x08002518        0xa Drivers\STM32F7xx_HAL_Driver\Src\stm32f7xx_hal_uart.o
 .text.HAL_UART_ErrorCallback
                0x08002522        0x2 Drivers\STM32F7xx_HAL_Driver\Src\stm32f7xx_hal_uart.o
                0x08002522                HAL_UART_ErrorCallback
 .text.UART_DMAError
                0x08002524       0x52 Drivers\STM32F7xx_HAL_Driver\Src\stm32f7xx_hal_uart.o
 *fill*         0x08002576        0x2 
 .text.HAL_UART_IRQHandler
                0x08002578      0x15c Drivers\STM32F7xx_HAL_Driver\Src\stm32f7xx_hal_uart.o
                0x08002578                HAL_UART_IRQHandler
 .text.UART_DMAAbortOnError
                0x080026d4       0x14 Drivers\STM32F7xx_HAL_Driver\Src\stm32f7xx_hal_uart.o
 .text.HAL_UART_GetState
                0x080026e8        0xc Drivers\STM32F7xx_HAL_Driver\Src\stm32f7xx_hal_uart.o
                0x080026e8                HAL_UART_GetState
 .text.UART_SetConfig
                0x080026f4      0x290 Drivers\STM32F7xx_HAL_Driver\Src\stm32f7xx_hal_uart.o
                0x080026f4                UART_SetConfig
 .text.UART_AdvFeatureConfig
                0x08002984       0xaa Drivers\STM32F7xx_HAL_Driver\Src\stm32f7xx_hal_uart.o
                0x08002984                UART_AdvFeatureConfig
 .text.UART_CheckIdleState
                0x08002a2e       0x44 Drivers\STM32F7xx_HAL_Driver\Src\stm32f7xx_hal_uart.o
                0x08002a2e                UART_CheckIdleState
 .text.HAL_UART_Init
                0x08002a72       0x64 Drivers\STM32F7xx_HAL_Driver\Src\stm32f7xx_hal_uart.o
                0x08002a72                HAL_UART_Init
 *fill*         0x08002ad6        0x2 
 .text.DFPlayer_init
                0x08002ad8        0xc Src\DFPlayer_Mini_mp3.o
                0x08002ad8                DFPlayer_init
 .text.DFPlayer_setvolume
                0x08002ae4       0x44 Src\DFPlayer_Mini_mp3.o
                0x08002ae4                DFPlayer_setvolume
 .text.DFPlayer_playmp3
                0x08002b28       0x48 Src\DFPlayer_Mini_mp3.o
                0x08002b28                DFPlayer_playmp3
 .text.DFPlayer_stopmp3
                0x08002b70       0x48 Src\DFPlayer_Mini_mp3.o
                0x08002b70                DFPlayer_stopmp3
 .text.JY901_init
                0x08002bb8        0xc Src\JY901.o
                0x08002bb8                JY901_init
 .text.JY901_calibration
                0x08002bc4       0xb4 Src\JY901.o
                0x08002bc4                JY901_calibration
 .text.JY901_def_set
                0x08002c78       0x3c Src\JY901.o
                0x08002c78                JY901_def_set
 .text.JY901_yaw_get
                0x08002cb4       0x44 Src\JY901.o
                0x08002cb4                JY901_yaw_get
 .text.servo    0x08002cf8       0xd4 Src\actuator.o
                0x08002cf8                servo
 .text.motor2   0x08002dcc       0x68 Src\actuator.o
                0x08002dcc                motor2
 .text.motor1   0x08002e34       0x68 Src\actuator.o
                0x08002e34                motor1
 .text.motor4   0x08002e9c       0x68 Src\actuator.o
                0x08002e9c                motor4
 .text.motor3   0x08002f04       0x68 Src\actuator.o
                0x08002f04                motor3
 .text.Synchronize1
                0x08002f6c       0x64 Src\actuator.o
                0x08002f6c                Synchronize1
 .text.ics_set_pos1
                0x08002fd0       0x46 Src\actuator.o
                0x08002fd0                ics_set_pos1
 *fill*         0x08003016        0x2 
 .text.Rarm     0x08003018      0x120 Src\actuator.o
                0x08003018                Rarm
 .text.Synchronize2
                0x08003138       0x64 Src\actuator.o
                0x08003138                Synchronize2
 .text.ics_set_pos2
                0x0800319c       0x46 Src\actuator.o
                0x0800319c                ics_set_pos2
 *fill*         0x080031e2        0x2 
 .text.Larm     0x080031e4      0x114 Src\actuator.o
                0x080031e4                Larm
 .text.beep     0x080032f8       0x40 Src\actuator.o
                0x080032f8                beep
 .text.MX_DMA_Init
                0x08003338       0x30 Src\dma.o
                0x08003338                MX_DMA_Init
 .text.MX_GPIO_Init
                0x08003368      0x1d4 Src\gpio.o
                0x08003368                MX_GPIO_Init
 .text.MX_I2C1_Init
                0x0800353c       0x68 Src\i2c.o
                0x0800353c                MX_I2C1_Init
 .text.MX_I2C2_Init
                0x080035a4       0x68 Src\i2c.o
                0x080035a4                MX_I2C2_Init
 .text.HAL_I2C_MspInit
                0x0800360c       0x8c Src\i2c.o
                0x0800360c                HAL_I2C_MspInit
 .text.oled_puts
                0x08003698       0x44 Src\i2c_lcd.o
                0x08003698                oled_puts
 .text.oled_writeCommand
                0x080036dc       0x28 Src\i2c_lcd.o
                0x080036dc                oled_writeCommand
 .text.oled_contrast
                0x08003704       0x32 Src\i2c_lcd.o
                0x08003704                oled_contrast
 .text.oled_clear
                0x08003736        0x6 Src\i2c_lcd.o
                0x08003736                oled_clear
 .text.oled_setcursor
                0x0800373c       0x22 Src\i2c_lcd.o
                0x0800373c                oled_setcursor
 .text.oled_returnhome
                0x0800375e        0x6 Src\i2c_lcd.o
                0x0800375e                oled_returnhome
 .text.oled_init
                0x08003764       0x1a Src\i2c_lcd.o
                0x08003764                oled_init
 *fill*         0x0800377e        0x2 
 .text.oled_i2c_to_oled
                0x08003780       0x28 Src\i2c_lcd.o
                0x08003780                oled_i2c_to_oled
 .text.MX_IWDG_Init
                0x080037a8       0x34 Src\iwdg.o
                0x080037a8                MX_IWDG_Init
 .text._Error_Handler.constprop.2
                0x080037dc       0x14 Src\main.o
 .text.SystemClock_Config
                0x080037f0       0xd8 Src\main.o
                0x080037f0                SystemClock_Config
 .text.sens_test
                0x080038c8      0x230 Src\main.o
                0x080038c8                sens_test
 .text.comu_test
                0x08003af8      0x11c Src\main.o
                0x08003af8                comu_test
 .text.armtest_mode
                0x08003c14      0x120 Src\main.o
                0x08003c14                armtest_mode
 .text.demo_mode
                0x08003d34      0x244 Src\main.o
                0x08003d34                demo_mode
 .text.Calibration
                0x08003f78      0x17c Src\main.o
                0x08003f78                Calibration
 .text.printLCD
                0x080040f4       0x8c Src\main.o
                0x080040f4                printLCD
 .text.main_run
                0x08004180      0x204 Src\main.o
                0x08004180                main_run
 .text.motortest_mode
                0x08004384      0x110 Src\main.o
                0x08004384                motortest_mode
 .text.startup.main
                0x08004494      0xbf0 Src\main.o
                0x08004494                main
 .text.HAL_TIM_PeriodElapsedCallback
                0x08005084       0x64 Src\main.o
                0x08005084                HAL_TIM_PeriodElapsedCallback
 .text.HAL_UART_RxCpltCallback
                0x080050e8       0x84 Src\main.o
                0x080050e8                HAL_UART_RxCpltCallback
 .text._Error_Handler
                0x0800516c       0x14 Src\main.o
                0x0800516c                _Error_Handler
 .text.motor_move
                0x08005180     0x2654 Src\mecanum.o
                0x08005180                motor_move
 .text.map_m    0x080077d4       0x14 Src\mecanum.o
                0x080077d4                map_m
 .text.HAL_MspInit
                0x080077e8       0x60 Src\stm32f7xx_hal_msp.o
                0x080077e8                HAL_MspInit
 .text.NMI_Handler
                0x08007848        0x2 Src\stm32f7xx_it.o
                0x08007848                NMI_Handler
 .text.HardFault_Handler
                0x0800784a        0x2 Src\stm32f7xx_it.o
                0x0800784a                HardFault_Handler
 .text.MemManage_Handler
                0x0800784c        0x2 Src\stm32f7xx_it.o
                0x0800784c                MemManage_Handler
 .text.BusFault_Handler
                0x0800784e        0x2 Src\stm32f7xx_it.o
                0x0800784e                BusFault_Handler
 .text.UsageFault_Handler
                0x08007850        0x2 Src\stm32f7xx_it.o
                0x08007850                UsageFault_Handler
 .text.SVC_Handler
                0x08007852        0x2 Src\stm32f7xx_it.o
                0x08007852                SVC_Handler
 .text.DebugMon_Handler
                0x08007854        0x2 Src\stm32f7xx_it.o
                0x08007854                DebugMon_Handler
 .text.PendSV_Handler
                0x08007856        0x2 Src\stm32f7xx_it.o
                0x08007856                PendSV_Handler
 .text.SysTick_Handler
                0x08007858        0xe Src\stm32f7xx_it.o
                0x08007858                SysTick_Handler
 *fill*         0x08007866        0x2 
 .text.USART1_IRQHandler
                0x08007868        0xc Src\stm32f7xx_it.o
                0x08007868                USART1_IRQHandler
 .text.TIM6_DAC_IRQHandler
                0x08007874        0xc Src\stm32f7xx_it.o
                0x08007874                TIM6_DAC_IRQHandler
 .text.DMA2_Stream2_IRQHandler
                0x08007880        0xc Src\stm32f7xx_it.o
                0x08007880                DMA2_Stream2_IRQHandler
 .text.SystemInit
                0x0800788c       0x4c Src\system_stm32f7xx.o
                0x0800788c                SystemInit
 .text.MX_TIM1_Init
                0x080078d8       0x78 Src\tim.o
                0x080078d8                MX_TIM1_Init
 .text.MX_TIM3_Init
                0x08007950       0x74 Src\tim.o
                0x08007950                MX_TIM3_Init
 .text.MX_TIM4_Init
                0x080079c4       0x70 Src\tim.o
                0x080079c4                MX_TIM4_Init
 .text.MX_TIM5_Init
                0x08007a34       0x70 Src\tim.o
                0x08007a34                MX_TIM5_Init
 .text.MX_TIM6_Init
                0x08007aa4       0x5c Src\tim.o
                0x08007aa4                MX_TIM6_Init
 .text.HAL_TIM_Encoder_MspInit
                0x08007b00       0xe4 Src\tim.o
                0x08007b00                HAL_TIM_Encoder_MspInit
 .text.HAL_TIM_PWM_MspInit
                0x08007be4       0x88 Src\tim.o
                0x08007be4                HAL_TIM_PWM_MspInit
 .text.HAL_TIM_Base_MspInit
                0x08007c6c       0xbc Src\tim.o
                0x08007c6c                HAL_TIM_Base_MspInit
 .text.HAL_TIM_MspPostInit
                0x08007d28      0x118 Src\tim.o
                0x08007d28                HAL_TIM_MspPostInit
 .text.MX_TIM2_Init
                0x08007e40       0xb8 Src\tim.o
                0x08007e40                MX_TIM2_Init
 .text.MX_TIM8_Init
                0x08007ef8      0x108 Src\tim.o
                0x08007ef8                MX_TIM8_Init
 .text.MX_TIM9_Init
                0x08008000       0x7c Src\tim.o
                0x08008000                MX_TIM9_Init
 .text.MX_TIM10_Init
                0x0800807c       0x78 Src\tim.o
                0x0800807c                MX_TIM10_Init
 .text.MX_TIM11_Init
                0x080080f4       0x78 Src\tim.o
                0x080080f4                MX_TIM11_Init
 .text.MX_TIM12_Init
                0x0800816c       0x7c Src\tim.o
                0x0800816c                MX_TIM12_Init
 .text.MX_TIM13_Init
                0x080081e8       0x78 Src\tim.o
                0x080081e8                MX_TIM13_Init
 .text.MX_TIM14_Init
                0x08008260       0x78 Src\tim.o
                0x08008260                MX_TIM14_Init
 .text.MX_UART4_Init
                0x080082d8       0x48 Src\usart.o
                0x080082d8                MX_UART4_Init
 .text.MX_UART5_Init
                0x08008320       0x48 Src\usart.o
                0x08008320                MX_UART5_Init
 .text.MX_UART7_Init
                0x08008368       0x44 Src\usart.o
                0x08008368                MX_UART7_Init
 .text.MX_UART8_Init
                0x080083ac       0x44 Src\usart.o
                0x080083ac                MX_UART8_Init
 .text.MX_USART1_UART_Init
                0x080083f0       0x44 Src\usart.o
                0x080083f0                MX_USART1_UART_Init
 .text.MX_USART2_UART_Init
                0x08008434       0x44 Src\usart.o
                0x08008434                MX_USART2_UART_Init
 .text.MX_USART3_UART_Init
                0x08008478       0x44 Src\usart.o
                0x08008478                MX_USART3_UART_Init
 .text.HAL_UART_MspInit
                0x080084bc      0x1f4 Src\usart.o
                0x080084bc                HAL_UART_MspInit
 .text.uart_putc
                0x080086b0       0x20 Src\xprintf.o
                0x080086b0                uart_putc
 .text.xprintf_init
                0x080086d0       0x18 Src\xprintf.o
                0x080086d0                xprintf_init
 .text.xputc    0x080086e8       0x34 Src\xprintf.o
                0x080086e8                xputc
 .text.xputs    0x0800871c       0x12 Src\xprintf.o
                0x0800871c                xputs
 .text.xvprintf
                0x0800872e      0x1ae Src\xprintf.o
 .text.xprintf  0x080088dc       0x1a Src\xprintf.o
                0x080088dc                xprintf
 *fill*         0x080088f6        0x2 
 .text.Reset_Handler
                0x080088f8       0x50 startup\startup_stm32f767xx.o
                0x080088f8                Reset_Handler
 .text.Default_Handler
                0x08008948        0x2 startup\startup_stm32f767xx.o
                0x08008948                RTC_Alarm_IRQHandler
                0x08008948                EXTI2_IRQHandler
                0x08008948                TIM8_CC_IRQHandler
                0x08008948                UART8_IRQHandler
                0x08008948                SPI4_IRQHandler
                0x08008948                TIM1_CC_IRQHandler
                0x08008948                DMA2_Stream5_IRQHandler
                0x08008948                JPEG_IRQHandler
                0x08008948                DMA1_Stream5_IRQHandler
                0x08008948                CAN3_RX1_IRQHandler
                0x08008948                PVD_IRQHandler
                0x08008948                TAMP_STAMP_IRQHandler
                0x08008948                CAN2_RX1_IRQHandler
                0x08008948                EXTI3_IRQHandler
                0x08008948                TIM8_TRG_COM_TIM14_IRQHandler
                0x08008948                DFSDM1_FLT1_IRQHandler
                0x08008948                TIM1_UP_TIM10_IRQHandler
                0x08008948                TIM8_UP_TIM13_IRQHandler
                0x08008948                I2C3_ER_IRQHandler
                0x08008948                DFSDM1_FLT2_IRQHandler
                0x08008948                EXTI0_IRQHandler
                0x08008948                I2C2_EV_IRQHandler
                0x08008948                DMA1_Stream2_IRQHandler
                0x08008948                CAN1_RX0_IRQHandler
                0x08008948                FPU_IRQHandler
                0x08008948                OTG_HS_WKUP_IRQHandler
                0x08008948                CAN3_SCE_IRQHandler
                0x08008948                LTDC_ER_IRQHandler
                0x08008948                CAN2_SCE_IRQHandler
                0x08008948                SPI1_IRQHandler
                0x08008948                TIM1_BRK_TIM9_IRQHandler
                0x08008948                DCMI_IRQHandler
                0x08008948                CAN2_RX0_IRQHandler
                0x08008948                DMA2_Stream3_IRQHandler
                0x08008948                SAI2_IRQHandler
                0x08008948                DFSDM1_FLT3_IRQHandler
                0x08008948                USART6_IRQHandler
                0x08008948                CAN3_RX0_IRQHandler
                0x08008948                USART3_IRQHandler
                0x08008948                CAN1_RX1_IRQHandler
                0x08008948                UART5_IRQHandler
                0x08008948                DMA2_Stream0_IRQHandler
                0x08008948                TIM4_IRQHandler
                0x08008948                QUADSPI_IRQHandler
                0x08008948                I2C1_EV_IRQHandler
                0x08008948                DMA1_Stream6_IRQHandler
                0x08008948                DMA1_Stream1_IRQHandler
                0x08008948                UART4_IRQHandler
                0x08008948                TIM3_IRQHandler
                0x08008948                RCC_IRQHandler
                0x08008948                TIM8_BRK_TIM12_IRQHandler
                0x08008948                Default_Handler
                0x08008948                CEC_IRQHandler
                0x08008948                EXTI15_10_IRQHandler
                0x08008948                ADC_IRQHandler
                0x08008948                DMA1_Stream7_IRQHandler
                0x08008948                SPI5_IRQHandler
                0x08008948                TIM7_IRQHandler
                0x08008948                SDMMC1_IRQHandler
                0x08008948                CAN2_TX_IRQHandler
                0x08008948                TIM5_IRQHandler
                0x08008948                DMA2_Stream7_IRQHandler
                0x08008948                I2C3_EV_IRQHandler
                0x08008948                EXTI9_5_IRQHandler
                0x08008948                RTC_WKUP_IRQHandler
                0x08008948                LTDC_IRQHandler
                0x08008948                ETH_WKUP_IRQHandler
                0x08008948                SPDIF_RX_IRQHandler
                0x08008948                SPI2_IRQHandler
                0x08008948                OTG_HS_EP1_IN_IRQHandler
                0x08008948                DMA1_Stream0_IRQHandler
                0x08008948                CAN1_TX_IRQHandler
                0x08008948                EXTI4_IRQHandler
                0x08008948                RNG_IRQHandler
                0x08008948                ETH_IRQHandler
                0x08008948                OTG_HS_EP1_OUT_IRQHandler
                0x08008948                WWDG_IRQHandler
                0x08008948                SPI6_IRQHandler
                0x08008948                MDIOS_IRQHandler
                0x08008948                I2C4_EV_IRQHandler
                0x08008948                CAN3_TX_IRQHandler
                0x08008948                TIM2_IRQHandler
                0x08008948                OTG_FS_WKUP_IRQHandler
                0x08008948                TIM1_TRG_COM_TIM11_IRQHandler
                0x08008948                OTG_HS_IRQHandler
                0x08008948                DMA2D_IRQHandler
                0x08008948                EXTI1_IRQHandler
                0x08008948                SDMMC2_IRQHandler
                0x08008948                UART7_IRQHandler
                0x08008948                USART2_IRQHandler
                0x08008948                DFSDM1_FLT0_IRQHandler
                0x08008948                I2C2_ER_IRQHandler
                0x08008948                DMA2_Stream1_IRQHandler
                0x08008948                CAN1_SCE_IRQHandler
                0x08008948                FLASH_IRQHandler
                0x08008948                DMA2_Stream4_IRQHandler
                0x08008948                OTG_FS_IRQHandler
                0x08008948                SPI3_IRQHandler
                0x08008948                DMA1_Stream4_IRQHandler
                0x08008948                I2C1_ER_IRQHandler
                0x08008948                FMC_IRQHandler
                0x08008948                LPTIM1_IRQHandler
                0x08008948                I2C4_ER_IRQHandler
                0x08008948                DMA2_Stream6_IRQHandler
                0x08008948                SAI1_IRQHandler
                0x08008948                DMA1_Stream3_IRQHandler
 *fill*         0x0800894a        0x2 
 .text.arm_sin_f32
                0x0800894c       0x88 C:\Users\ryouma\OneDrive\ロボットファクトリー\18回レスコン\組み込み\F767_Hermit_main\libarm_cortexM7lfdp_math.a(arm_sin_f32.o)
                0x0800894c                arm_sin_f32
 .text.__libc_init_array
                0x080089d4       0x48 c:/program files (x86)/atollic/truestudio for stm32 9.0.1/armtools/bin/../lib/gcc/arm-atollic-eabi/6.3.1/../../../../arm-atollic-eabi/lib/armv7e-m/fpu/fpv5-d16\libc_nano.a(lib_a-init.o)
                0x080089d4                __libc_init_array
 .text.memset   0x08008a1c       0x10 c:/program files (x86)/atollic/truestudio for stm32 9.0.1/armtools/bin/../lib/gcc/arm-atollic-eabi/6.3.1/../../../../arm-atollic-eabi/lib/armv7e-m/fpu/fpv5-d16\libc_nano.a(lib_a-memset.o)
                0x08008a1c                memset
 *(.glue_7)
 .glue_7        0x08008a2c        0x0 linker stubs
 *(.glue_7t)
 .glue_7t       0x08008a2c        0x0 linker stubs
 *(.eh_frame)
 .eh_frame      0x08008a2c        0x0 c:/program files (x86)/atollic/truestudio for stm32 9.0.1/armtools/bin/../lib/gcc/arm-atollic-eabi/6.3.1/armv7e-m/fpu/fpv5-d16/crtbegin.o
 *(.init)
 .init          0x08008a2c        0x4 c:/program files (x86)/atollic/truestudio for stm32 9.0.1/armtools/bin/../lib/gcc/arm-atollic-eabi/6.3.1/armv7e-m/fpu/fpv5-d16/crti.o
                0x08008a2c                _init
 .init          0x08008a30        0x8 c:/program files (x86)/atollic/truestudio for stm32 9.0.1/armtools/bin/../lib/gcc/arm-atollic-eabi/6.3.1/armv7e-m/fpu/fpv5-d16/crtn.o
 *(.fini)
 .fini          0x08008a38        0x4 c:/program files (x86)/atollic/truestudio for stm32 9.0.1/armtools/bin/../lib/gcc/arm-atollic-eabi/6.3.1/armv7e-m/fpu/fpv5-d16/crti.o
                0x08008a38                _fini
 .fini          0x08008a3c        0x8 c:/program files (x86)/atollic/truestudio for stm32 9.0.1/armtools/bin/../lib/gcc/arm-atollic-eabi/6.3.1/armv7e-m/fpu/fpv5-d16/crtn.o
                0x08008a44                . = ALIGN (0x4)
                0x08008a44                _etext = .

.vfp11_veneer   0x08008a44        0x0
 .vfp11_veneer  0x08008a44        0x0 linker stubs

.v4_bx          0x08008a44        0x0
 .v4_bx         0x08008a44        0x0 linker stubs

.iplt           0x08008a44        0x0
 .iplt          0x08008a44        0x0 c:/program files (x86)/atollic/truestudio for stm32 9.0.1/armtools/bin/../lib/gcc/arm-atollic-eabi/6.3.1/armv7e-m/fpu/fpv5-d16/crtbegin.o

.rodata         0x08008a44      0xc54
                0x08008a44                . = ALIGN (0x4)
 *(.rodata)
 *(.rodata*)
 .rodata.flagBitshiftOffset.9612
                0x08008a44        0x8 Drivers\STM32F7xx_HAL_Driver\Src\stm32f7xx_hal_dma.o
 .rodata.CSWTCH.38
                0x08008a4c        0x4 Drivers\STM32F7xx_HAL_Driver\Src\stm32f7xx_hal_uart.o
 .rodata.CSWTCH.39
                0x08008a50        0xd Drivers\STM32F7xx_HAL_Driver\Src\stm32f7xx_hal_uart.o
 .rodata.servo.str1.1
                0x08008a5d       0x12 Src\actuator.o
 .rodata.MX_I2C1_Init.str1.1
                0x08008a6f        0xd Src\i2c.o
 .rodata.MX_IWDG_Init.str1.1
                0x08008a7c        0xe Src\iwdg.o
 .rodata.Calibration.str1.1
                0x08008a8a       0x8b Src\main.o
 .rodata.comu_test.str1.1
                0x08008b15       0x76 Src\main.o
 .rodata.demo_mode.str1.1
                0x08008b8b       0x1d Src\main.o
                                 0x25 (size before relaxing)
 .rodata.main.str1.1
                0x08008ba8      0x110 Src\main.o
 .rodata.main_run.str1.1
                0x08008cb8       0x6c Src\main.o
 .rodata.motortest_mode.str1.1
                0x08008d24       0x1e Src\main.o
 .rodata.printLCD.str1.1
                0x08008d42       0x74 Src\main.o
 .rodata.sens_test.str1.1
                0x08008db6       0x80 Src\main.o
                                 0x83 (size before relaxing)
 .rodata.motor_move.str1.1
                0x08008e36       0x2a Src\mecanum.o
                                 0x45 (size before relaxing)
 .rodata.AHBPrescTable
                0x08008e60       0x10 Src\system_stm32f7xx.o
                0x08008e60                AHBPrescTable
 .rodata.APBPrescTable
                0x08008e70        0x8 Src\system_stm32f7xx.o
                0x08008e70                APBPrescTable
 .rodata.MX_TIM1_Init.str1.1
                0x08008e78        0xd Src\tim.o
 .rodata.MX_UART4_Init.str1.1
                0x08008e85        0xf Src\usart.o
 .rodata.sinTable_f32
                0x08008e94      0x804 C:\Users\ryouma\OneDrive\ロボットファクトリー\18回レスコン\組み込み\F767_Hermit_main\libarm_cortexM7lfdp_math.a(arm_common_tables.o)
                0x08008e94                sinTable_f32
                0x08009698                . = ALIGN (0x4)

.rel.dyn        0x08009698        0x0
 .rel.iplt      0x08009698        0x0 c:/program files (x86)/atollic/truestudio for stm32 9.0.1/armtools/bin/../lib/gcc/arm-atollic-eabi/6.3.1/armv7e-m/fpu/fpv5-d16/crtbegin.o

.ARM.extab
 *(.ARM.extab* .gnu.linkonce.armextab.*)

.ARM            0x08009698        0x0
                0x08009698                __exidx_start = .
 *(.ARM.exidx*)
                0x08009698                __exidx_end = .

.preinit_array  0x08009698        0x0
                0x08009698                PROVIDE (__preinit_array_start, .)
 *(.preinit_array*)
                0x08009698                PROVIDE (__preinit_array_end, .)

.init_array     0x08009698        0x4
                0x08009698                PROVIDE (__init_array_start, .)
 *(SORT(.init_array.*))
 *(.init_array*)
 .init_array    0x08009698        0x4 c:/program files (x86)/atollic/truestudio for stm32 9.0.1/armtools/bin/../lib/gcc/arm-atollic-eabi/6.3.1/armv7e-m/fpu/fpv5-d16/crtbegin.o
                0x0800969c                PROVIDE (__init_array_end, .)

.fini_array     0x0800969c        0x4
                [!provide]                PROVIDE (__fini_array_start, .)
 *(SORT(.fini_array.*))
 *(.fini_array*)
 .fini_array    0x0800969c        0x4 c:/program files (x86)/atollic/truestudio for stm32 9.0.1/armtools/bin/../lib/gcc/arm-atollic-eabi/6.3.1/armv7e-m/fpu/fpv5-d16/crtbegin.o
                [!provide]                PROVIDE (__fini_array_end, .)
                0x080096a0                _sidata = LOADADDR (.data)

.data           0x20000000       0x34 load address 0x080096a0
                0x20000000                . = ALIGN (0x4)
                0x20000000                _sdata = .
 *(.data)
 *(.data*)
 .data.Larmdata
                0x20000000        0xa Src\main.o
                0x20000000                Larmdata
 .data.Rarmdata
                0x2000000a        0xa Src\main.o
                0x2000000a                Rarmdata
 .data.Servo    0x20000014        0x4 Src\main.o
                0x20000014                Servo
 .data.ltempdata
                0x20000018        0xa Src\main.o
                0x20000018                ltempdata
 .data.rtempdata
                0x20000022        0xa Src\main.o
                0x20000022                rtempdata
 .data.test_var
                0x2000002c        0x1 Src\main.o
                0x2000002c                test_var
 *fill*         0x2000002d        0x3 
 .data.SystemCoreClock
                0x20000030        0x4 Src\system_stm32f7xx.o
                0x20000030                SystemCoreClock
                0x20000034                . = ALIGN (0x4)
                0x20000034                _edata = .

.igot.plt       0x20000034        0x0 load address 0x080096d4
 .igot.plt      0x20000034        0x0 c:/program files (x86)/atollic/truestudio for stm32 9.0.1/armtools/bin/../lib/gcc/arm-atollic-eabi/6.3.1/armv7e-m/fpu/fpv5-d16/crtbegin.o
                0x20000034                . = ALIGN (0x4)

.bss            0x20000034      0x8dc load address 0x080096d4
                0x20000034                _sbss = .
                0x20000034                __bss_start__ = _sbss
 *(.bss)
 .bss           0x20000034       0x1c c:/program files (x86)/atollic/truestudio for stm32 9.0.1/armtools/bin/../lib/gcc/arm-atollic-eabi/6.3.1/armv7e-m/fpu/fpv5-d16/crtbegin.o
 *(.bss*)
 .bss.TPIPConnect
                0x20000050        0x1 Src\main.o
                0x20000050                TPIPConnect
 .bss.mode      0x20000051        0x1 Src\main.o
                0x20000051                mode
 *fill*         0x20000052        0x2 
 .bss.outptr    0x20000054        0x4 Src\xprintf.o
 *(COMMON)
 COMMON         0x20000058        0x4 Drivers\STM32F7xx_HAL_Driver\Src\stm32f7xx_hal.o
                0x20000058                uwTick
 COMMON         0x2000005c        0xc Src\DFPlayer_Mini_mp3.o
                0x2000005c                huart_DFPlayer
                0x20000060                cmd
 COMMON         0x20000068        0x4 Src\JY901.o
                0x20000068                JY901_I2C
 COMMON         0x2000006c       0xd4 Src\actuator.o
                0x2000006c                HOUI_def
                0x20000070                power4_temp
                0x20000074                temp2
                0x20000078                motorR
                0x2000007c                power_caluculate
                0x2000008c                power
                0x20000090                power3_temp
                0x20000094                sMasterConfig
                0x200000a0                cnt
                0x200000b0                motorL
                0x200000b4                power3
                0x200000b8                power2_temp
                0x200000bc                huart_xprintf
                0x200000c0                cnt_temp
                0x200000cc                temp1
                0x200000d0                digree
                0x200000d4                HOUI
                0x200000d8                sConfigOC
                0x200000f4                power2
                0x200000f8                sBreakDeadTimeConfig
                0x20000124                power4
                0x20000128                y
                0x2000012c                power1_temp
                0x20000130                power1
                0x20000134                digtemp
                0x20000138                oled_I2C
                0x2000013c                counttime
 COMMON         0x20000140       0x98 Src\i2c.o
                0x20000140                hi2c1
                0x2000018c                hi2c2
 COMMON         0x200001d8       0x10 Src\iwdg.o
                0x200001d8                hiwdg
 COMMON         0x200001e8       0x6e Src\main.o
                0x200001e8                Flug_Rxdata
                0x200001e9                tempdata
                0x200001fa                Rxdetatemp
                0x200001fb                Rxbuf
                0x2000020e                posDataR2
                0x20000210                posDataR1
                0x20000212                posDataL2
                0x20000214                data
                0x20000226                posDataL1
                0x20000228                sConfig
                0x2000024c                posDataL3
                0x2000024e                motor
                0x20000254                posDataR3
 *fill*         0x20000256        0x2 
 COMMON         0x20000258      0x340 Src\tim.o
                0x20000258                htim8
                0x20000298                htim4
                0x200002d8                htim10
                0x20000318                htim5
                0x20000358                htim3
                0x20000398                htim13
                0x200003d8                htim11
                0x20000418                htim6
                0x20000458                htim1
                0x20000498                htim9
                0x200004d8                htim2
                0x20000518                htim14
                0x20000558                htim12
 COMMON         0x20000598      0x370 Src\usart.o
                0x20000598                huart7
                0x20000608                huart3
                0x20000678                huart5
                0x200006e8                hdma_usart1_rx
                0x20000748                huart1
                0x200007b8                huart8
                0x20000828                huart4
                0x20000898                huart2
 COMMON         0x20000908        0x8 Src\xprintf.o
                0x20000908                xfunc_in
                0x2000090c                xfunc_out
                0x20000910                . = ALIGN (0x4)
                0x20000910                _ebss = .
                0x20000910                __bss_end__ = _ebss

._user_heap_stack
                0x20000910      0xc00 load address 0x080096d4
                0x20000910                . = ALIGN (0x4)
                [!provide]                PROVIDE (end, .)
                [!provide]                PROVIDE (_end, .)
                0x20000d10                . = (. + _Min_Heap_Size)
 *fill*         0x20000910      0x400 
                0x20001510                . = (. + _Min_Stack_Size)
 *fill*         0x20000d10      0x800 
                0x20001510                . = ALIGN (0x4)

/DISCARD/
 libc.a(*)
 libm.a(*)
 libgcc.a(*)

.ARM.attributes
                0x00000000       0x2e
 *(.ARM.attributes)
 .ARM.attributes
                0x00000000       0x20 c:/program files (x86)/atollic/truestudio for stm32 9.0.1/armtools/bin/../lib/gcc/arm-atollic-eabi/6.3.1/armv7e-m/fpu/fpv5-d16/crti.o
 .ARM.attributes
                0x00000020       0x32 c:/program files (x86)/atollic/truestudio for stm32 9.0.1/armtools/bin/../lib/gcc/arm-atollic-eabi/6.3.1/armv7e-m/fpu/fpv5-d16/crtbegin.o
 .ARM.attributes
                0x00000052       0x37 Drivers\STM32F7xx_HAL_Driver\Src\stm32f7xx_hal.o
 .ARM.attributes
                0x00000089       0x37 Drivers\STM32F7xx_HAL_Driver\Src\stm32f7xx_hal_cortex.o
 .ARM.attributes
                0x000000c0       0x37 Drivers\STM32F7xx_HAL_Driver\Src\stm32f7xx_hal_dma.o
 .ARM.attributes
                0x000000f7       0x37 Drivers\STM32F7xx_HAL_Driver\Src\stm32f7xx_hal_gpio.o
 .ARM.attributes
                0x0000012e       0x37 Drivers\STM32F7xx_HAL_Driver\Src\stm32f7xx_hal_i2c.o
 .ARM.attributes
                0x00000165       0x37 Drivers\STM32F7xx_HAL_Driver\Src\stm32f7xx_hal_i2c_ex.o
 .ARM.attributes
                0x0000019c       0x37 Drivers\STM32F7xx_HAL_Driver\Src\stm32f7xx_hal_iwdg.o
 .ARM.attributes
                0x000001d3       0x37 Drivers\STM32F7xx_HAL_Driver\Src\stm32f7xx_hal_pwr_ex.o
 .ARM.attributes
                0x0000020a       0x37 Drivers\STM32F7xx_HAL_Driver\Src\stm32f7xx_hal_rcc.o
 .ARM.attributes
                0x00000241       0x37 Drivers\STM32F7xx_HAL_Driver\Src\stm32f7xx_hal_rcc_ex.o
 .ARM.attributes
                0x00000278       0x37 Drivers\STM32F7xx_HAL_Driver\Src\stm32f7xx_hal_tim.o
 .ARM.attributes
                0x000002af       0x37 Drivers\STM32F7xx_HAL_Driver\Src\stm32f7xx_hal_tim_ex.o
 .ARM.attributes
                0x000002e6       0x37 Drivers\STM32F7xx_HAL_Driver\Src\stm32f7xx_hal_uart.o
 .ARM.attributes
                0x0000031d       0x37 Src\DFPlayer_Mini_mp3.o
 .ARM.attributes
                0x00000354       0x37 Src\JY901.o
 .ARM.attributes
                0x0000038b       0x37 Src\actuator.o
 .ARM.attributes
                0x000003c2       0x37 Src\dma.o
 .ARM.attributes
                0x000003f9       0x37 Src\gpio.o
 .ARM.attributes
                0x00000430       0x37 Src\i2c.o
 .ARM.attributes
                0x00000467       0x37 Src\i2c_lcd.o
 .ARM.attributes
                0x0000049e       0x37 Src\iwdg.o
 .ARM.attributes
                0x000004d5       0x37 Src\main.o
 .ARM.attributes
                0x0000050c       0x37 Src\mecanum.o
 .ARM.attributes
                0x00000543       0x37 Src\stm32f7xx_hal_msp.o
 .ARM.attributes
                0x0000057a       0x37 Src\stm32f7xx_it.o
 .ARM.attributes
                0x000005b1       0x37 Src\system_stm32f7xx.o
 .ARM.attributes
                0x000005e8       0x37 Src\tim.o
 .ARM.attributes
                0x0000061f       0x37 Src\usart.o
 .ARM.attributes
                0x00000656       0x37 Src\xprintf.o
 .ARM.attributes
                0x0000068d       0x21 startup\startup_stm32f767xx.o
 .ARM.attributes
                0x000006ae       0x37 C:\Users\ryouma\OneDrive\ロボットファクトリー\18回レスコン\組み込み\F767_Hermit_main\libarm_cortexM7lfdp_math.a(arm_sin_f32.o)
 .ARM.attributes
                0x000006e5       0x37 C:\Users\ryouma\OneDrive\ロボットファクトリー\18回レスコン\組み込み\F767_Hermit_main\libarm_cortexM7lfdp_math.a(arm_common_tables.o)
 .ARM.attributes
                0x0000071c       0x32 c:/program files (x86)/atollic/truestudio for stm32 9.0.1/armtools/bin/../lib/gcc/arm-atollic-eabi/6.3.1/../../../../arm-atollic-eabi/lib/armv7e-m/fpu/fpv5-d16\libc_nano.a(lib_a-init.o)
 .ARM.attributes
                0x0000074e       0x32 c:/program files (x86)/atollic/truestudio for stm32 9.0.1/armtools/bin/../lib/gcc/arm-atollic-eabi/6.3.1/../../../../arm-atollic-eabi/lib/armv7e-m/fpu/fpv5-d16\libc_nano.a(lib_a-memset.o)
 .ARM.attributes
                0x00000780       0x20 c:/program files (x86)/atollic/truestudio for stm32 9.0.1/armtools/bin/../lib/gcc/arm-atollic-eabi/6.3.1/armv7e-m/fpu/fpv5-d16/crtn.o
OUTPUT(F767_Hermit_main.elf elf32-littlearm)

.debug_info     0x00000000    0x31bbd
 .debug_info    0x00000000     0x1278 Drivers\STM32F7xx_HAL_Driver\Src\stm32f7xx_hal.o
 .debug_info    0x00001278     0x19a8 Drivers\STM32F7xx_HAL_Driver\Src\stm32f7xx_hal_cortex.o
 .debug_info    0x00002c20     0x125c Drivers\STM32F7xx_HAL_Driver\Src\stm32f7xx_hal_dma.o
 .debug_info    0x00003e7c      0xfbc Drivers\STM32F7xx_HAL_Driver\Src\stm32f7xx_hal_gpio.o
 .debug_info    0x00004e38     0x397c Drivers\STM32F7xx_HAL_Driver\Src\stm32f7xx_hal_i2c.o
 .debug_info    0x000087b4     0x11b6 Drivers\STM32F7xx_HAL_Driver\Src\stm32f7xx_hal_i2c_ex.o
 .debug_info    0x0000996a      0xabf Drivers\STM32F7xx_HAL_Driver\Src\stm32f7xx_hal_iwdg.o
 .debug_info    0x0000a429     0x122c Drivers\STM32F7xx_HAL_Driver\Src\stm32f7xx_hal_pwr_ex.o
 .debug_info    0x0000b655     0x12c4 Drivers\STM32F7xx_HAL_Driver\Src\stm32f7xx_hal_rcc.o
 .debug_info    0x0000c919      0xf46 Drivers\STM32F7xx_HAL_Driver\Src\stm32f7xx_hal_rcc_ex.o
 .debug_info    0x0000d85f     0x3acd Drivers\STM32F7xx_HAL_Driver\Src\stm32f7xx_hal_tim.o
 .debug_info    0x0001132c     0x1e5c Drivers\STM32F7xx_HAL_Driver\Src\stm32f7xx_hal_tim_ex.o
 .debug_info    0x00013188     0x20b0 Drivers\STM32F7xx_HAL_Driver\Src\stm32f7xx_hal_uart.o
 .debug_info    0x00015238      0xffd Src\DFPlayer_Mini_mp3.o
 .debug_info    0x00016235     0x11e9 Src\JY901.o
 .debug_info    0x0001741e     0x2be3 Src\actuator.o
 .debug_info    0x0001a001      0xe3f Src\dma.o
 .debug_info    0x0001ae40      0xefb Src\gpio.o
 .debug_info    0x0001bd3b     0x13f2 Src\i2c.o
 .debug_info    0x0001d12d     0x13dd Src\i2c_lcd.o
 .debug_info    0x0001e50a      0xa8b Src\iwdg.o
 .debug_info    0x0001ef95     0x59ae Src\main.o
 .debug_info    0x00024943     0x4039 Src\mecanum.o
 .debug_info    0x0002897c      0xd03 Src\stm32f7xx_hal_msp.o
 .debug_info    0x0002967f     0x1273 Src\stm32f7xx_it.o
 .debug_info    0x0002a8f2      0xf05 Src\system_stm32f7xx.o
 .debug_info    0x0002b7f7     0x262b Src\tim.o
 .debug_info    0x0002de22     0x1908 Src\usart.o
 .debug_info    0x0002f72a     0x18d7 Src\xprintf.o
 .debug_info    0x00031001       0xa1 startup\startup_stm32f767xx.o
 .debug_info    0x000310a2      0x17e C:\Users\ryouma\OneDrive\ロボットファクトリー\18回レスコン\組み込み\F767_Hermit_main\libarm_cortexM7lfdp_math.a(arm_sin_f32.o)
 .debug_info    0x00031220      0x99d C:\Users\ryouma\OneDrive\ロボットファクトリー\18回レスコン\組み込み\F767_Hermit_main\libarm_cortexM7lfdp_math.a(arm_common_tables.o)

.debug_abbrev   0x00000000     0x514b
 .debug_abbrev  0x00000000      0x2a4 Drivers\STM32F7xx_HAL_Driver\Src\stm32f7xx_hal.o
 .debug_abbrev  0x000002a4      0x399 Drivers\STM32F7xx_HAL_Driver\Src\stm32f7xx_hal_cortex.o
 .debug_abbrev  0x0000063d      0x34a Drivers\STM32F7xx_HAL_Driver\Src\stm32f7xx_hal_dma.o
 .debug_abbrev  0x00000987      0x268 Drivers\STM32F7xx_HAL_Driver\Src\stm32f7xx_hal_gpio.o
 .debug_abbrev  0x00000bef      0x3c9 Drivers\STM32F7xx_HAL_Driver\Src\stm32f7xx_hal_i2c.o
 .debug_abbrev  0x00000fb8      0x209 Drivers\STM32F7xx_HAL_Driver\Src\stm32f7xx_hal_i2c_ex.o
 .debug_abbrev  0x000011c1      0x1e4 Drivers\STM32F7xx_HAL_Driver\Src\stm32f7xx_hal_iwdg.o
 .debug_abbrev  0x000013a5      0x2b6 Drivers\STM32F7xx_HAL_Driver\Src\stm32f7xx_hal_pwr_ex.o
 .debug_abbrev  0x0000165b      0x34b Drivers\STM32F7xx_HAL_Driver\Src\stm32f7xx_hal_rcc.o
 .debug_abbrev  0x000019a6      0x25f Drivers\STM32F7xx_HAL_Driver\Src\stm32f7xx_hal_rcc_ex.o
 .debug_abbrev  0x00001c05      0x3ac Drivers\STM32F7xx_HAL_Driver\Src\stm32f7xx_hal_tim.o
 .debug_abbrev  0x00001fb1      0x30d Drivers\STM32F7xx_HAL_Driver\Src\stm32f7xx_hal_tim_ex.o
 .debug_abbrev  0x000022be      0x3a6 Drivers\STM32F7xx_HAL_Driver\Src\stm32f7xx_hal_uart.o
 .debug_abbrev  0x00002664      0x22e Src\DFPlayer_Mini_mp3.o
 .debug_abbrev  0x00002892      0x29e Src\JY901.o
 .debug_abbrev  0x00002b30      0x3b9 Src\actuator.o
 .debug_abbrev  0x00002ee9      0x1f5 Src\dma.o
 .debug_abbrev  0x000030de      0x1f7 Src\gpio.o
 .debug_abbrev  0x000032d5      0x237 Src\i2c.o
 .debug_abbrev  0x0000350c      0x31c Src\i2c_lcd.o
 .debug_abbrev  0x00003828      0x1e4 Src\iwdg.o
 .debug_abbrev  0x00003a0c      0x40f Src\main.o
 .debug_abbrev  0x00003e1b      0x2f2 Src\mecanum.o
 .debug_abbrev  0x0000410d      0x1d3 Src\stm32f7xx_hal_msp.o
 .debug_abbrev  0x000042e0      0x231 Src\stm32f7xx_it.o
 .debug_abbrev  0x00004511      0x1e6 Src\system_stm32f7xx.o
 .debug_abbrev  0x000046f7      0x2a6 Src\tim.o
 .debug_abbrev  0x0000499d      0x29d Src\usart.o
 .debug_abbrev  0x00004c3a      0x3a8 Src\xprintf.o
 .debug_abbrev  0x00004fe2       0x12 startup\startup_stm32f767xx.o
 .debug_abbrev  0x00004ff4       0xd3 C:\Users\ryouma\OneDrive\ロボットファクトリー\18回レスコン\組み込み\F767_Hermit_main\libarm_cortexM7lfdp_math.a(arm_sin_f32.o)
 .debug_abbrev  0x000050c7       0x84 C:\Users\ryouma\OneDrive\ロボットファクトリー\18回レスコン\組み込み\F767_Hermit_main\libarm_cortexM7lfdp_math.a(arm_common_tables.o)

.debug_loc      0x00000000     0xc86f
 .debug_loc     0x00000000       0x6a Drivers\STM32F7xx_HAL_Driver\Src\stm32f7xx_hal.o
 .debug_loc     0x0000006a      0x536 Drivers\STM32F7xx_HAL_Driver\Src\stm32f7xx_hal_cortex.o
 .debug_loc     0x000005a0      0x7ed Drivers\STM32F7xx_HAL_Driver\Src\stm32f7xx_hal_dma.o
 .debug_loc     0x00000d8d      0x3cd Drivers\STM32F7xx_HAL_Driver\Src\stm32f7xx_hal_gpio.o
 .debug_loc     0x0000115a     0x320f Drivers\STM32F7xx_HAL_Driver\Src\stm32f7xx_hal_i2c.o
 .debug_loc     0x00004369      0x144 Drivers\STM32F7xx_HAL_Driver\Src\stm32f7xx_hal_i2c_ex.o
 .debug_loc     0x000044ad       0x68 Drivers\STM32F7xx_HAL_Driver\Src\stm32f7xx_hal_iwdg.o
 .debug_loc     0x00004515      0x1c2 Drivers\STM32F7xx_HAL_Driver\Src\stm32f7xx_hal_pwr_ex.o
 .debug_loc     0x000046d7      0x37e Drivers\STM32F7xx_HAL_Driver\Src\stm32f7xx_hal_rcc.o
 .debug_loc     0x00004a55      0x4c4 Drivers\STM32F7xx_HAL_Driver\Src\stm32f7xx_hal_rcc_ex.o
 .debug_loc     0x00004f19     0x2eb3 Drivers\STM32F7xx_HAL_Driver\Src\stm32f7xx_hal_tim.o
 .debug_loc     0x00007dcc     0x11e1 Drivers\STM32F7xx_HAL_Driver\Src\stm32f7xx_hal_tim_ex.o
 .debug_loc     0x00008fad     0x131b Drivers\STM32F7xx_HAL_Driver\Src\stm32f7xx_hal_uart.o
 .debug_loc     0x0000a2c8       0x5a Src\DFPlayer_Mini_mp3.o
 .debug_loc     0x0000a322      0x1dd Src\JY901.o
 .debug_loc     0x0000a4ff      0xa2a Src\actuator.o
 .debug_loc     0x0000af29       0x7f Src\i2c.o
 .debug_loc     0x0000afa8      0x32a Src\i2c_lcd.o
 .debug_loc     0x0000b2d2      0x1cc Src\main.o
 .debug_loc     0x0000b49e      0x43f Src\mecanum.o
 .debug_loc     0x0000b8dd      0x11c Src\system_stm32f7xx.o
 .debug_loc     0x0000b9f9      0x18b Src\tim.o
 .debug_loc     0x0000bb84      0x11e Src\usart.o
 .debug_loc     0x0000bca2      0xaf5 Src\xprintf.o
 .debug_loc     0x0000c797       0xd8 C:\Users\ryouma\OneDrive\ロボットファクトリー\18回レスコン\組み込み\F767_Hermit_main\libarm_cortexM7lfdp_math.a(arm_sin_f32.o)

.debug_aranges  0x00000000     0x1068
 .debug_aranges
                0x00000000       0xf0 Drivers\STM32F7xx_HAL_Driver\Src\stm32f7xx_hal.o
 .debug_aranges
                0x000000f0       0xa8 Drivers\STM32F7xx_HAL_Driver\Src\stm32f7xx_hal_cortex.o
 .debug_aranges
                0x00000198       0x80 Drivers\STM32F7xx_HAL_Driver\Src\stm32f7xx_hal_dma.o
 .debug_aranges
                0x00000218       0x58 Drivers\STM32F7xx_HAL_Driver\Src\stm32f7xx_hal_gpio.o
 .debug_aranges
                0x00000270      0x200 Drivers\STM32F7xx_HAL_Driver\Src\stm32f7xx_hal_i2c.o
 .debug_aranges
                0x00000470       0x38 Drivers\STM32F7xx_HAL_Driver\Src\stm32f7xx_hal_i2c_ex.o
 .debug_aranges
                0x000004a8       0x28 Drivers\STM32F7xx_HAL_Driver\Src\stm32f7xx_hal_iwdg.o
 .debug_aranges
                0x000004d0       0x80 Drivers\STM32F7xx_HAL_Driver\Src\stm32f7xx_hal_pwr_ex.o
 .debug_aranges
                0x00000550       0x88 Drivers\STM32F7xx_HAL_Driver\Src\stm32f7xx_hal_rcc.o
 .debug_aranges
                0x000005d8       0x30 Drivers\STM32F7xx_HAL_Driver\Src\stm32f7xx_hal_rcc_ex.o
 .debug_aranges
                0x00000608      0x260 Drivers\STM32F7xx_HAL_Driver\Src\stm32f7xx_hal_tim.o
 .debug_aranges
                0x00000868      0x128 Drivers\STM32F7xx_HAL_Driver\Src\stm32f7xx_hal_tim_ex.o
 .debug_aranges
                0x00000990      0x148 Drivers\STM32F7xx_HAL_Driver\Src\stm32f7xx_hal_uart.o
 .debug_aranges
                0x00000ad8       0x38 Src\DFPlayer_Mini_mp3.o
 .debug_aranges
                0x00000b10       0x38 Src\JY901.o
 .debug_aranges
                0x00000b48       0xa0 Src\actuator.o
 .debug_aranges
                0x00000be8       0x20 Src\dma.o
 .debug_aranges
                0x00000c08       0x20 Src\gpio.o
 .debug_aranges
                0x00000c28       0x38 Src\i2c.o
 .debug_aranges
                0x00000c60       0x78 Src\i2c_lcd.o
 .debug_aranges
                0x00000cd8       0x20 Src\iwdg.o
 .debug_aranges
                0x00000cf8       0x90 Src\main.o
 .debug_aranges
                0x00000d88       0x30 Src\mecanum.o
 .debug_aranges
                0x00000db8       0x20 Src\stm32f7xx_hal_msp.o
 .debug_aranges
                0x00000dd8       0x60 Src\stm32f7xx_it.o
 .debug_aranges
                0x00000e38       0x28 Src\system_stm32f7xx.o
 .debug_aranges
                0x00000e60       0xb8 Src\tim.o
 .debug_aranges
                0x00000f18       0x60 Src\usart.o
 .debug_aranges
                0x00000f78       0x90 Src\xprintf.o
 .debug_aranges
                0x00001008       0x28 startup\startup_stm32f767xx.o
 .debug_aranges
                0x00001030       0x20 C:\Users\ryouma\OneDrive\ロボットファクトリー\18回レスコン\組み込み\F767_Hermit_main\libarm_cortexM7lfdp_math.a(arm_sin_f32.o)
 .debug_aranges
                0x00001050       0x18 C:\Users\ryouma\OneDrive\ロボットファクトリー\18回レスコン\組み込み\F767_Hermit_main\libarm_cortexM7lfdp_math.a(arm_common_tables.o)

.debug_ranges   0x00000000     0x15d0
 .debug_ranges  0x00000000       0xe0 Drivers\STM32F7xx_HAL_Driver\Src\stm32f7xx_hal.o
 .debug_ranges  0x000000e0      0x138 Drivers\STM32F7xx_HAL_Driver\Src\stm32f7xx_hal_cortex.o
 .debug_ranges  0x00000218       0xd0 Drivers\STM32F7xx_HAL_Driver\Src\stm32f7xx_hal_dma.o
 .debug_ranges  0x000002e8       0x70 Drivers\STM32F7xx_HAL_Driver\Src\stm32f7xx_hal_gpio.o
 .debug_ranges  0x00000358      0x268 Drivers\STM32F7xx_HAL_Driver\Src\stm32f7xx_hal_i2c.o
 .debug_ranges  0x000005c0       0x68 Drivers\STM32F7xx_HAL_Driver\Src\stm32f7xx_hal_i2c_ex.o
 .debug_ranges  0x00000628       0x18 Drivers\STM32F7xx_HAL_Driver\Src\stm32f7xx_hal_iwdg.o
 .debug_ranges  0x00000640       0xe8 Drivers\STM32F7xx_HAL_Driver\Src\stm32f7xx_hal_pwr_ex.o
 .debug_ranges  0x00000728       0xf0 Drivers\STM32F7xx_HAL_Driver\Src\stm32f7xx_hal_rcc.o
 .debug_ranges  0x00000818       0x38 Drivers\STM32F7xx_HAL_Driver\Src\stm32f7xx_hal_rcc_ex.o
 .debug_ranges  0x00000850      0x318 Drivers\STM32F7xx_HAL_Driver\Src\stm32f7xx_hal_tim.o
 .debug_ranges  0x00000b68      0x118 Drivers\STM32F7xx_HAL_Driver\Src\stm32f7xx_hal_tim_ex.o
 .debug_ranges  0x00000c80      0x138 Drivers\STM32F7xx_HAL_Driver\Src\stm32f7xx_hal_uart.o
 .debug_ranges  0x00000db8       0x28 Src\DFPlayer_Mini_mp3.o
 .debug_ranges  0x00000de0       0x50 Src\JY901.o
 .debug_ranges  0x00000e30      0x1e8 Src\actuator.o
 .debug_ranges  0x00001018       0x38 Src\dma.o
 .debug_ranges  0x00001050       0x80 Src\gpio.o
 .debug_ranges  0x000010d0       0x28 Src\i2c.o
 .debug_ranges  0x000010f8       0x80 Src\i2c_lcd.o
 .debug_ranges  0x00001178       0x10 Src\iwdg.o
 .debug_ranges  0x00001188      0x110 Src\main.o
 .debug_ranges  0x00001298       0x20 Src\mecanum.o
 .debug_ranges  0x000012b8       0x10 Src\stm32f7xx_hal_msp.o
 .debug_ranges  0x000012c8       0x50 Src\stm32f7xx_it.o
 .debug_ranges  0x00001318       0x18 Src\system_stm32f7xx.o
 .debug_ranges  0x00001330      0x110 Src\tim.o
 .debug_ranges  0x00001440       0xc8 Src\usart.o
 .debug_ranges  0x00001508       0x98 Src\xprintf.o
 .debug_ranges  0x000015a0       0x20 startup\startup_stm32f767xx.o
 .debug_ranges  0x000015c0       0x10 C:\Users\ryouma\OneDrive\ロボットファクトリー\18回レスコン\組み込み\F767_Hermit_main\libarm_cortexM7lfdp_math.a(arm_sin_f32.o)

.debug_line     0x00000000     0xb66b
 .debug_line    0x00000000      0x490 Drivers\STM32F7xx_HAL_Driver\Src\stm32f7xx_hal.o
 .debug_line    0x00000490      0x4e3 Drivers\STM32F7xx_HAL_Driver\Src\stm32f7xx_hal_cortex.o
 .debug_line    0x00000973      0x604 Drivers\STM32F7xx_HAL_Driver\Src\stm32f7xx_hal_dma.o
 .debug_line    0x00000f77      0x4a8 Drivers\STM32F7xx_HAL_Driver\Src\stm32f7xx_hal_gpio.o
 .debug_line    0x0000141f     0x15a9 Drivers\STM32F7xx_HAL_Driver\Src\stm32f7xx_hal_i2c.o
 .debug_line    0x000029c8      0x377 Drivers\STM32F7xx_HAL_Driver\Src\stm32f7xx_hal_i2c_ex.o
 .debug_line    0x00002d3f      0x301 Drivers\STM32F7xx_HAL_Driver\Src\stm32f7xx_hal_iwdg.o
 .debug_line    0x00003040      0x43c Drivers\STM32F7xx_HAL_Driver\Src\stm32f7xx_hal_pwr_ex.o
 .debug_line    0x0000347c      0x5ff Drivers\STM32F7xx_HAL_Driver\Src\stm32f7xx_hal_rcc.o
 .debug_line    0x00003a7b      0x489 Drivers\STM32F7xx_HAL_Driver\Src\stm32f7xx_hal_rcc_ex.o
 .debug_line    0x00003f04     0x12ba Drivers\STM32F7xx_HAL_Driver\Src\stm32f7xx_hal_tim.o
 .debug_line    0x000051be      0x9af Drivers\STM32F7xx_HAL_Driver\Src\stm32f7xx_hal_tim_ex.o
 .debug_line    0x00005b6d      0xc3b Drivers\STM32F7xx_HAL_Driver\Src\stm32f7xx_hal_uart.o
 .debug_line    0x000067a8      0x344 Src\DFPlayer_Mini_mp3.o
 .debug_line    0x00006aec      0x363 Src\JY901.o
 .debug_line    0x00006e4f      0x755 Src\actuator.o
 .debug_line    0x000075a4      0x27b Src\dma.o
 .debug_line    0x0000781f      0x2f3 Src\gpio.o
 .debug_line    0x00007b12      0x368 Src\i2c.o
 .debug_line    0x00007e7a      0x3df Src\i2c_lcd.o
 .debug_line    0x00008259      0x2a0 Src\iwdg.o
 .debug_line    0x000084f9      0xa0f Src\main.o
 .debug_line    0x00008f08      0xa59 Src\mecanum.o
 .debug_line    0x00009961      0x289 Src\stm32f7xx_hal_msp.o
 .debug_line    0x00009bea      0x372 Src\stm32f7xx_it.o
 .debug_line    0x00009f5c      0x274 Src\system_stm32f7xx.o
 .debug_line    0x0000a1d0      0x6e1 Src\tim.o
 .debug_line    0x0000a8b1      0x4b8 Src\usart.o
 .debug_line    0x0000ad69      0x5db Src\xprintf.o
 .debug_line    0x0000b344       0x7f startup\startup_stm32f767xx.o
 .debug_line    0x0000b3c3      0x17a C:\Users\ryouma\OneDrive\ロボットファクトリー\18回レスコン\組み込み\F767_Hermit_main\libarm_cortexM7lfdp_math.a(arm_sin_f32.o)
 .debug_line    0x0000b53d      0x12e C:\Users\ryouma\OneDrive\ロボットファクトリー\18回レスコン\組み込み\F767_Hermit_main\libarm_cortexM7lfdp_math.a(arm_common_tables.o)

.debug_str      0x00000000     0x5ee7
 .debug_str     0x00000000     0x10a0 Drivers\STM32F7xx_HAL_Driver\Src\stm32f7xx_hal.o
                               0x1140 (size before relaxing)
 .debug_str     0x000010a0      0x48e Drivers\STM32F7xx_HAL_Driver\Src\stm32f7xx_hal_cortex.o
                               0x12d6 (size before relaxing)
 .debug_str     0x0000152e      0x522 Drivers\STM32F7xx_HAL_Driver\Src\stm32f7xx_hal_dma.o
                                0xc13 (size before relaxing)
 .debug_str     0x00001a50      0x1ad Drivers\STM32F7xx_HAL_Driver\Src\stm32f7xx_hal_gpio.o
                                0x9aa (size before relaxing)
 .debug_str     0x00001bfd      0xa23 Drivers\STM32F7xx_HAL_Driver\Src\stm32f7xx_hal_i2c.o
                               0x13aa (size before relaxing)
 .debug_str     0x00002620       0xc4 Drivers\STM32F7xx_HAL_Driver\Src\stm32f7xx_hal_i2c_ex.o
                                0xdae (size before relaxing)
 .debug_str     0x000026e4       0xa2 Drivers\STM32F7xx_HAL_Driver\Src\stm32f7xx_hal_iwdg.o
                                0x759 (size before relaxing)
 .debug_str     0x00002786      0x21a Drivers\STM32F7xx_HAL_Driver\Src\stm32f7xx_hal_pwr_ex.o
                                0xb05 (size before relaxing)
 .debug_str     0x000029a0      0x2d3 Drivers\STM32F7xx_HAL_Driver\Src\stm32f7xx_hal_rcc.o
                                0xb7d (size before relaxing)
 .debug_str     0x00002c73      0x395 Drivers\STM32F7xx_HAL_Driver\Src\stm32f7xx_hal_rcc_ex.o
                                0xb72 (size before relaxing)
 .debug_str     0x00003008      0xf13 Drivers\STM32F7xx_HAL_Driver\Src\stm32f7xx_hal_tim.o
                               0x1874 (size before relaxing)
 .debug_str     0x00003f1b      0x636 Drivers\STM32F7xx_HAL_Driver\Src\stm32f7xx_hal_tim_ex.o
                               0x13ba (size before relaxing)
 .debug_str     0x00004551      0x796 Drivers\STM32F7xx_HAL_Driver\Src\stm32f7xx_hal_uart.o
                               0x12bc (size before relaxing)
 .debug_str     0x00004ce7       0xb1 Src\DFPlayer_Mini_mp3.o
                                0xbe2 (size before relaxing)
 .debug_str     0x00004d98       0x82 Src\JY901.o
                                0xca5 (size before relaxing)
 .debug_str     0x00004e1a      0x335 Src\actuator.o
                               0x15f5 (size before relaxing)
 .debug_str     0x0000514f       0x19 Src\dma.o
                                0xdeb (size before relaxing)
 .debug_str     0x00005168       0x1b Src\gpio.o
                                0x843 (size before relaxing)
 .debug_str     0x00005183       0x31 Src\i2c.o
                                0xdda (size before relaxing)
 .debug_str     0x000051b4      0x155 Src\i2c_lcd.o
                                0xd2f (size before relaxing)
 .debug_str     0x00005309       0x1b Src\iwdg.o
                                0x70b (size before relaxing)
 .debug_str     0x00005324      0x2bb Src\main.o
                               0x268b (size before relaxing)
 .debug_str     0x000055df       0x3e Src\mecanum.o
                               0x1472 (size before relaxing)
 .debug_str     0x0000561d       0x1b Src\stm32f7xx_hal_msp.o
                                0xce3 (size before relaxing)
 .debug_str     0x00005638       0xf3 Src\stm32f7xx_it.o
                                0xe58 (size before relaxing)
 .debug_str     0x0000572b       0x45 Src\system_stm32f7xx.o
                                0x8d7 (size before relaxing)
 .debug_str     0x00005770       0x5a Src\tim.o
                               0x1772 (size before relaxing)
 .debug_str     0x000057ca       0x1a Src\usart.o
                               0x148a (size before relaxing)
 .debug_str     0x000057e4       0xae Src\xprintf.o
                                0xf05 (size before relaxing)
 .debug_str     0x00005892      0x15c C:\Users\ryouma\OneDrive\ロボットファクトリー\18回レスコン\組み込み\F767_Hermit_main\libarm_cortexM7lfdp_math.a(arm_sin_f32.o)
                                0x23f (size before relaxing)
 .debug_str     0x000059ee      0x4f9 C:\Users\ryouma\OneDrive\ロボットファクトリー\18回レスコン\組み込み\F767_Hermit_main\libarm_cortexM7lfdp_math.a(arm_common_tables.o)
                                0x701 (size before relaxing)

.comment        0x00000000       0xec
 .comment       0x00000000       0x7c Drivers\STM32F7xx_HAL_Driver\Src\stm32f7xx_hal.o
                                 0x7d (size before relaxing)
 .comment       0x0000007c       0x7d Drivers\STM32F7xx_HAL_Driver\Src\stm32f7xx_hal_cortex.o
 .comment       0x0000007c       0x7d Drivers\STM32F7xx_HAL_Driver\Src\stm32f7xx_hal_dma.o
 .comment       0x0000007c       0x7d Drivers\STM32F7xx_HAL_Driver\Src\stm32f7xx_hal_gpio.o
 .comment       0x0000007c       0x7d Drivers\STM32F7xx_HAL_Driver\Src\stm32f7xx_hal_i2c.o
 .comment       0x0000007c       0x7d Drivers\STM32F7xx_HAL_Driver\Src\stm32f7xx_hal_i2c_ex.o
 .comment       0x0000007c       0x7d Drivers\STM32F7xx_HAL_Driver\Src\stm32f7xx_hal_iwdg.o
 .comment       0x0000007c       0x7d Drivers\STM32F7xx_HAL_Driver\Src\stm32f7xx_hal_pwr_ex.o
 .comment       0x0000007c       0x7d Drivers\STM32F7xx_HAL_Driver\Src\stm32f7xx_hal_rcc.o
 .comment       0x0000007c       0x7d Drivers\STM32F7xx_HAL_Driver\Src\stm32f7xx_hal_rcc_ex.o
 .comment       0x0000007c       0x7d Drivers\STM32F7xx_HAL_Driver\Src\stm32f7xx_hal_tim.o
 .comment       0x0000007c       0x7d Drivers\STM32F7xx_HAL_Driver\Src\stm32f7xx_hal_tim_ex.o
 .comment       0x0000007c       0x7d Drivers\STM32F7xx_HAL_Driver\Src\stm32f7xx_hal_uart.o
 .comment       0x0000007c       0x7d Src\DFPlayer_Mini_mp3.o
 .comment       0x0000007c       0x7d Src\JY901.o
 .comment       0x0000007c       0x7d Src\actuator.o
 .comment       0x0000007c       0x7d Src\dma.o
 .comment       0x0000007c       0x7d Src\gpio.o
 .comment       0x0000007c       0x7d Src\i2c.o
 .comment       0x0000007c       0x7d Src\i2c_lcd.o
 .comment       0x0000007c       0x7d Src\iwdg.o
 .comment       0x0000007c       0x7d Src\main.o
 .comment       0x0000007c       0x7d Src\mecanum.o
 .comment       0x0000007c       0x7d Src\stm32f7xx_hal_msp.o
 .comment       0x0000007c       0x7d Src\stm32f7xx_it.o
 .comment       0x0000007c       0x7d Src\system_stm32f7xx.o
 .comment       0x0000007c       0x7d Src\tim.o
 .comment       0x0000007c       0x7d Src\usart.o
 .comment       0x0000007c       0x7d Src\xprintf.o
 .comment       0x0000007c       0x70 C:\Users\ryouma\OneDrive\ロボットファクトリー\18回レスコン\組み込み\F767_Hermit_main\libarm_cortexM7lfdp_math.a(arm_sin_f32.o)
                                 0x71 (size before relaxing)
 .comment       0x000000ec       0x71 C:\Users\ryouma\OneDrive\ロボットファクトリー\18回レスコン\組み込み\F767_Hermit_main\libarm_cortexM7lfdp_math.a(arm_common_tables.o)

.debug_frame    0x00000000     0x30f8
 .debug_frame   0x00000000      0x1f4 Drivers\STM32F7xx_HAL_Driver\Src\stm32f7xx_hal.o
 .debug_frame   0x000001f4      0x158 Drivers\STM32F7xx_HAL_Driver\Src\stm32f7xx_hal_cortex.o
 .debug_frame   0x0000034c      0x150 Drivers\STM32F7xx_HAL_Driver\Src\stm32f7xx_hal_dma.o
 .debug_frame   0x0000049c       0xd8 Drivers\STM32F7xx_HAL_Driver\Src\stm32f7xx_hal_gpio.o
 .debug_frame   0x00000574      0x804 Drivers\STM32F7xx_HAL_Driver\Src\stm32f7xx_hal_i2c.o
 .debug_frame   0x00000d78       0x70 Drivers\STM32F7xx_HAL_Driver\Src\stm32f7xx_hal_i2c_ex.o
 .debug_frame   0x00000de8       0x3c Drivers\STM32F7xx_HAL_Driver\Src\stm32f7xx_hal_iwdg.o
 .debug_frame   0x00000e24      0x13c Drivers\STM32F7xx_HAL_Driver\Src\stm32f7xx_hal_pwr_ex.o
 .debug_frame   0x00000f60      0x134 Drivers\STM32F7xx_HAL_Driver\Src\stm32f7xx_hal_rcc.o
 .debug_frame   0x00001094       0x5c Drivers\STM32F7xx_HAL_Driver\Src\stm32f7xx_hal_rcc_ex.o
 .debug_frame   0x000010f0      0x87c Drivers\STM32F7xx_HAL_Driver\Src\stm32f7xx_hal_tim.o
 .debug_frame   0x0000196c      0x3f4 Drivers\STM32F7xx_HAL_Driver\Src\stm32f7xx_hal_tim_ex.o
 .debug_frame   0x00001d60      0x424 Drivers\STM32F7xx_HAL_Driver\Src\stm32f7xx_hal_uart.o
 .debug_frame   0x00002184       0x68 Src\DFPlayer_Mini_mp3.o
 .debug_frame   0x000021ec       0x7c Src\JY901.o
 .debug_frame   0x00002268      0x258 Src\actuator.o
 .debug_frame   0x000024c0       0x28 Src\dma.o
 .debug_frame   0x000024e8       0x3c Src\gpio.o
 .debug_frame   0x00002524       0x80 Src\i2c.o
 .debug_frame   0x000025a4      0x140 Src\i2c_lcd.o
 .debug_frame   0x000026e4       0x30 Src\iwdg.o
 .debug_frame   0x00002714      0x224 Src\main.o
 .debug_frame   0x00002938       0x98 Src\mecanum.o
 .debug_frame   0x000029d0       0x2c Src\stm32f7xx_hal_msp.o
 .debug_frame   0x000029fc       0xdc Src\stm32f7xx_it.o
 .debug_frame   0x00002ad8       0x38 Src\system_stm32f7xx.o
 .debug_frame   0x00002b10      0x244 Src\tim.o
 .debug_frame   0x00002d54      0x13c Src\usart.o
 .debug_frame   0x00002e90      0x1fc Src\xprintf.o
 .debug_frame   0x0000308c       0x20 C:\Users\ryouma\OneDrive\ロボットファクトリー\18回レスコン\組み込み\F767_Hermit_main\libarm_cortexM7lfdp_math.a(arm_sin_f32.o)
 .debug_frame   0x000030ac       0x2c c:/program files (x86)/atollic/truestudio for stm32 9.0.1/armtools/bin/../lib/gcc/arm-atollic-eabi/6.3.1/../../../../arm-atollic-eabi/lib/armv7e-m/fpu/fpv5-d16\libc_nano.a(lib_a-init.o)
 .debug_frame   0x000030d8       0x20 c:/program files (x86)/atollic/truestudio for stm32 9.0.1/armtools/bin/../lib/gcc/arm-atollic-eabi/6.3.1/../../../../arm-atollic-eabi/lib/armv7e-m/fpu/fpv5-d16\libc_nano.a(lib_a-memset.o)
