Archive member included to satisfy reference by file (symbol)

c:/program files (x86)/atollic/truestudio for stm32 9.0.1/armtools/bin/../lib/gcc/arm-atollic-eabi/6.3.1/../../../../arm-atollic-eabi/lib/armv7e-m/fpu/fpv5-d16\libc_nano.a(lib_a-init.o)
                              startup\startup_stm32f767xx.o (__libc_init_array)
c:/program files (x86)/atollic/truestudio for stm32 9.0.1/armtools/bin/../lib/gcc/arm-atollic-eabi/6.3.1/../../../../arm-atollic-eabi/lib/armv7e-m/fpu/fpv5-d16\libm.a(lib_a-w_log.o)
                              Src\crawler.o (log)
c:/program files (x86)/atollic/truestudio for stm32 9.0.1/armtools/bin/../lib/gcc/arm-atollic-eabi/6.3.1/../../../../arm-atollic-eabi/lib/armv7e-m/fpu/fpv5-d16\libm.a(lib_a-w_sqrt.o)
                              Src\actuator.o (sqrt)
c:/program files (x86)/atollic/truestudio for stm32 9.0.1/armtools/bin/../lib/gcc/arm-atollic-eabi/6.3.1/../../../../arm-atollic-eabi/lib/armv7e-m/fpu/fpv5-d16\libm.a(lib_a-e_log.o)
                              c:/program files (x86)/atollic/truestudio for stm32 9.0.1/armtools/bin/../lib/gcc/arm-atollic-eabi/6.3.1/../../../../arm-atollic-eabi/lib/armv7e-m/fpu/fpv5-d16\libm.a(lib_a-w_log.o) (__ieee754_log)
c:/program files (x86)/atollic/truestudio for stm32 9.0.1/armtools/bin/../lib/gcc/arm-atollic-eabi/6.3.1/../../../../arm-atollic-eabi/lib/armv7e-m/fpu/fpv5-d16\libm.a(lib_a-e_sqrt.o)
                              c:/program files (x86)/atollic/truestudio for stm32 9.0.1/armtools/bin/../lib/gcc/arm-atollic-eabi/6.3.1/../../../../arm-atollic-eabi/lib/armv7e-m/fpu/fpv5-d16\libm.a(lib_a-w_sqrt.o) (__ieee754_sqrt)
c:/program files (x86)/atollic/truestudio for stm32 9.0.1/armtools/bin/../lib/gcc/arm-atollic-eabi/6.3.1/../../../../arm-atollic-eabi/lib/armv7e-m/fpu/fpv5-d16\libm.a(lib_a-s_lib_ver.o)
                              c:/program files (x86)/atollic/truestudio for stm32 9.0.1/armtools/bin/../lib/gcc/arm-atollic-eabi/6.3.1/../../../../arm-atollic-eabi/lib/armv7e-m/fpu/fpv5-d16\libm.a(lib_a-w_log.o) (__fdlib_version)
c:/program files (x86)/atollic/truestudio for stm32 9.0.1/armtools/bin/../lib/gcc/arm-atollic-eabi/6.3.1/../../../../arm-atollic-eabi/lib/armv7e-m/fpu/fpv5-d16\libm.a(lib_a-s_matherr.o)
                              c:/program files (x86)/atollic/truestudio for stm32 9.0.1/armtools/bin/../lib/gcc/arm-atollic-eabi/6.3.1/../../../../arm-atollic-eabi/lib/armv7e-m/fpu/fpv5-d16\libm.a(lib_a-w_log.o) (matherr)
c:/program files (x86)/atollic/truestudio for stm32 9.0.1/armtools/bin/../lib/gcc/arm-atollic-eabi/6.3.1/../../../../arm-atollic-eabi/lib/armv7e-m/fpu/fpv5-d16\libm.a(lib_a-s_nan.o)
                              c:/program files (x86)/atollic/truestudio for stm32 9.0.1/armtools/bin/../lib/gcc/arm-atollic-eabi/6.3.1/../../../../arm-atollic-eabi/lib/armv7e-m/fpu/fpv5-d16\libm.a(lib_a-w_log.o) (nan)
c:/program files (x86)/atollic/truestudio for stm32 9.0.1/armtools/bin/../lib/gcc/arm-atollic-eabi/6.3.1/../../../../arm-atollic-eabi/lib/armv7e-m/fpu/fpv5-d16\libc_nano.a(lib_a-errno.o)
                              c:/program files (x86)/atollic/truestudio for stm32 9.0.1/armtools/bin/../lib/gcc/arm-atollic-eabi/6.3.1/../../../../arm-atollic-eabi/lib/armv7e-m/fpu/fpv5-d16\libm.a(lib_a-w_log.o) (__errno)
c:/program files (x86)/atollic/truestudio for stm32 9.0.1/armtools/bin/../lib/gcc/arm-atollic-eabi/6.3.1/../../../../arm-atollic-eabi/lib/armv7e-m/fpu/fpv5-d16\libc_nano.a(lib_a-impure.o)
                              c:/program files (x86)/atollic/truestudio for stm32 9.0.1/armtools/bin/../lib/gcc/arm-atollic-eabi/6.3.1/../../../../arm-atollic-eabi/lib/armv7e-m/fpu/fpv5-d16\libc_nano.a(lib_a-errno.o) (_impure_ptr)
c:/program files (x86)/atollic/truestudio for stm32 9.0.1/armtools/bin/../lib/gcc/arm-atollic-eabi/6.3.1/armv7e-m/fpu/fpv5-d16\libgcc.a(_aeabi_uldivmod.o)
                              Drivers\STM32F7xx_HAL_Driver\Src\stm32f7xx_hal_rcc.o (__aeabi_uldivmod)
c:/program files (x86)/atollic/truestudio for stm32 9.0.1/armtools/bin/../lib/gcc/arm-atollic-eabi/6.3.1/armv7e-m/fpu/fpv5-d16\libgcc.a(_udivmoddi4.o)
                              c:/program files (x86)/atollic/truestudio for stm32 9.0.1/armtools/bin/../lib/gcc/arm-atollic-eabi/6.3.1/armv7e-m/fpu/fpv5-d16\libgcc.a(_aeabi_uldivmod.o) (__udivmoddi4)
c:/program files (x86)/atollic/truestudio for stm32 9.0.1/armtools/bin/../lib/gcc/arm-atollic-eabi/6.3.1/armv7e-m/fpu/fpv5-d16\libgcc.a(_dvmd_tls.o)
                              c:/program files (x86)/atollic/truestudio for stm32 9.0.1/armtools/bin/../lib/gcc/arm-atollic-eabi/6.3.1/armv7e-m/fpu/fpv5-d16\libgcc.a(_aeabi_uldivmod.o) (__aeabi_ldiv0)

Allocating common symbols
Common symbol       size              file

HOUI_def            0x2               Src\actuator.o
Expand_flug         0x1               Src\actuator.o
xfunc_in            0x4               Src\xprintf.o
htim8               0x40              Src\tim.o
motorR              0x2               Src\actuator.o
[...]
Memory Configuration

Name             Origin             Length             Attributes
RAM              0x20000000         0x00080000         xrw
FLASH            0x08000000         0x00200000         xr
*default*        0x00000000         0xffffffff

Linker script and memory map

LOAD c:/program files (x86)/atollic/truestudio for stm32 9.0.1/armtools/bin/../lib/gcc/arm-atollic-eabi/6.3.1/armv7e-m/fpu/fpv5-d16/crti.o
LOAD c:/program files (x86)/atollic/truestudio for stm32 9.0.1/armtools/bin/../lib/gcc/arm-atollic-eabi/6.3.1/armv7e-m/fpu/fpv5-d16/crtbegin.o
LOAD Drivers\STM32F7xx_HAL_Driver\Src\stm32f7xx_hal.o
LOAD Drivers\STM32F7xx_HAL_Driver\Src\stm32f7xx_hal_cortex.o
LOAD Drivers\STM32F7xx_HAL_Driver\Src\stm32f7xx_hal_dma.o
LOAD Drivers\STM32F7xx_HAL_Driver\Src\stm32f7xx_hal_dma_ex.o
LOAD Drivers\STM32F7xx_HAL_Driver\Src\stm32f7xx_hal_flash.o
LOAD Drivers\STM32F7xx_HAL_Driver\Src\stm32f7xx_hal_flash_ex.o
LOAD Drivers\STM32F7xx_HAL_Driver\Src\stm32f7xx_hal_gpio.o
LOAD Drivers\STM32F7xx_HAL_Driver\Src\stm32f7xx_hal_i2c.o
LOAD Drivers\STM32F7xx_HAL_Driver\Src\stm32f7xx_hal_i2c_ex.o
LOAD Drivers\STM32F7xx_HAL_Driver\Src\stm32f7xx_hal_iwdg.o
LOAD Drivers\STM32F7xx_HAL_Driver\Src\stm32f7xx_hal_pwr.o
LOAD Drivers\STM32F7xx_HAL_Driver\Src\stm32f7xx_hal_pwr_ex.o
LOAD Drivers\STM32F7xx_HAL_Driver\Src\stm32f7xx_hal_rcc.o
LOAD Drivers\STM32F7xx_HAL_Driver\Src\stm32f7xx_hal_rcc_ex.o
LOAD Drivers\STM32F7xx_HAL_Driver\Src\stm32f7xx_hal_tim.o
LOAD Drivers\STM32F7xx_HAL_Driver\Src\stm32f7xx_hal_tim_ex.o
LOAD Drivers\STM32F7xx_HAL_Driver\Src\stm32f7xx_hal_uart.o
LOAD Src\DFPlayer_Mini_mp3.o
LOAD Src\JY901.o
LOAD Src\actuator.o
LOAD Src\crawler.o
LOAD Src\dma.o
LOAD Src\gpio.o
LOAD Src\i2c.o
LOAD Src\i2c_lcd.o
LOAD Src\iwdg.o
LOAD Src\main.o
LOAD Src\microsectimer.o
LOAD Src\stm32f7xx_hal_msp.o
LOAD Src\stm32f7xx_it.o
LOAD Src\system_stm32f7xx.o
LOAD Src\tim.o
LOAD Src\usart.o
LOAD Src\xprintf.o
LOAD startup\startup_stm32f767xx.o
LOAD C:\Users\ryouma\OneDrive\ロボットファクトリー\18回レスコン\組み込み\F767_Lapin_main\libarm_cortexM7lfdp_math.a
                0x00000080                malloc_getpagesize_P = 0x80
START GROUP
LOAD c:/program files (x86)/atollic/truestudio for stm32 9.0.1/armtools/bin/../lib/gcc/arm-atollic-eabi/6.3.1/../../../../arm-atollic-eabi/lib/armv7e-m/fpu/fpv5-d16\libc_nano.a
LOAD c:/program files (x86)/atollic/truestudio for stm32 9.0.1/armtools/bin/../lib/gcc/arm-atollic-eabi/6.3.1/../../../../arm-atollic-eabi/lib/armv7e-m/fpu/fpv5-d16\libm.a
END GROUP
START GROUP
LOAD c:/program files (x86)/atollic/truestudio for stm32 9.0.1/armtools/bin/../lib/gcc/arm-atollic-eabi/6.3.1/armv7e-m/fpu/fpv5-d16\libgcc.a
LOAD c:/program files (x86)/atollic/truestudio for stm32 9.0.1/armtools/bin/../lib/gcc/arm-atollic-eabi/6.3.1/../../../../arm-atollic-eabi/lib/armv7e-m/fpu/fpv5-d16\libc_nano.a
END GROUP
START GROUP
LOAD c:/program files (x86)/atollic/truestudio for stm32 9.0.1/armtools/bin/../lib/gcc/arm-atollic-eabi/6.3.1/armv7e-m/fpu/fpv5-d16\libgcc.a
LOAD c:/program files (x86)/atollic/truestudio for stm32 9.0.1/armtools/bin/../lib/gcc/arm-atollic-eabi/6.3.1/../../../../arm-atollic-eabi/lib/armv7e-m/fpu/fpv5-d16\libc_nano.a
LOAD c:/program files (x86)/atollic/truestudio for stm32 9.0.1/armtools/bin/../lib/gcc/arm-atollic-eabi/6.3.1/../../../../arm-atollic-eabi/lib/armv7e-m/fpu/fpv5-d16\libnosys.a
END GROUP
START GROUP
LOAD c:/program files (x86)/atollic/truestudio for stm32 9.0.1/armtools/bin/../lib/gcc/arm-atollic-eabi/6.3.1/armv7e-m/fpu/fpv5-d16\libgcc.a
LOAD c:/program files (x86)/atollic/truestudio for stm32 9.0.1/armtools/bin/../lib/gcc/arm-atollic-eabi/6.3.1/../../../../arm-atollic-eabi/lib/armv7e-m/fpu/fpv5-d16\libc_nano.a
LOAD c:/program files (x86)/atollic/truestudio for stm32 9.0.1/armtools/bin/../lib/gcc/arm-atollic-eabi/6.3.1/../../../../arm-atollic-eabi/lib/armv7e-m/fpu/fpv5-d16\libnosys.a
END GROUP
LOAD c:/program files (x86)/atollic/truestudio for stm32 9.0.1/armtools/bin/../lib/gcc/arm-atollic-eabi/6.3.1/armv7e-m/fpu/fpv5-d16/crtend.o
LOAD c:/program files (x86)/atollic/truestudio for stm32 9.0.1/armtools/bin/../lib/gcc/arm-atollic-eabi/6.3.1/armv7e-m/fpu/fpv5-d16/crtn.o
                0x20080000                _estack = 0x20080000
                0x00000400                _Min_Heap_Size = 0x400
                0x00000800                _Min_Stack_Size = 0x800

.isr_vector     0x08000000      0x1f8
                0x08000000                . = ALIGN (0x4)
 *(.isr_vector)
 .isr_vector    0x08000000      0x1f8 startup\startup_stm32f767xx.o
                0x08000000                g_pfnVectors
                0x080001f8                . = ALIGN (0x4)

.text           0x080001f8     0x7024
                0x080001f8                . = ALIGN (0x4)
 *(.text)
 .text          0x080001f8       0x40 c:/program files (x86)/atollic/truestudio for stm32 9.0.1/armtools/bin/../lib/gcc/arm-atollic-eabi/6.3.1/armv7e-m/fpu/fpv5-d16/crtbegin.o
 .text          0x08000238       0x30 c:/program files (x86)/atollic/truestudio for stm32 9.0.1/armtools/bin/../lib/gcc/arm-atollic-eabi/6.3.1/armv7e-m/fpu/fpv5-d16\libgcc.a(_aeabi_uldivmod.o)
                0x08000238                __aeabi_uldivmod
 .text          0x08000268      0x2dc c:/program files (x86)/atollic/truestudio for stm32 9.0.1/armtools/bin/../lib/gcc/arm-atollic-eabi/6.3.1/armv7e-m/fpu/fpv5-d16\libgcc.a(_udivmoddi4.o)
                0x08000268                __udivmoddi4
 .text          0x08000544        0x4 c:/program files (x86)/atollic/truestudio for stm32 9.0.1/armtools/bin/../lib/gcc/arm-atollic-eabi/6.3.1/armv7e-m/fpu/fpv5-d16\libgcc.a(_dvmd_tls.o)
                0x08000544                __aeabi_idiv0
                0x08000544                __aeabi_ldiv0
 *(.text*)
 .text.HAL_InitTick
                0x08000548       0x48 Drivers\STM32F7xx_HAL_Driver\Src\stm32f7xx_hal.o
                0x08000548                HAL_InitTick
 .text.HAL_Init
                0x08000590       0x2c Drivers\STM32F7xx_HAL_Driver\Src\stm32f7xx_hal.o
                0x08000590                HAL_Init
 .text.HAL_IncTick
                0x080005bc       0x18 Drivers\STM32F7xx_HAL_Driver\Src\stm32f7xx_hal.o
                0x080005bc                HAL_IncTick
 .text.HAL_GetTick
                0x080005d4        0xc Drivers\STM32F7xx_HAL_Driver\Src\stm32f7xx_hal.o
                0x080005d4                HAL_GetTick
 .text.HAL_Delay
                0x080005e0       0x24 Drivers\STM32F7xx_HAL_Driver\Src\stm32f7xx_hal.o
                0x080005e0                HAL_Delay
 .text.HAL_NVIC_SetPriorityGrouping
                0x08000604       0x28 Drivers\STM32F7xx_HAL_Driver\Src\stm32f7xx_hal_cortex.o
                0x08000604                HAL_NVIC_SetPriorityGrouping
 .text.HAL_NVIC_SetPriority
                0x0800062c       0x74 Drivers\STM32F7xx_HAL_Driver\Src\stm32f7xx_hal_cortex.o
                0x0800062c                HAL_NVIC_SetPriority
 .text.HAL_NVIC_EnableIRQ
                0x080006a0       0x18 Drivers\STM32F7xx_HAL_Driver\Src\stm32f7xx_hal_cortex.o
                0x080006a0                HAL_NVIC_EnableIRQ
 .text.HAL_SYSTICK_Config
                0x080006b8       0x30 Drivers\STM32F7xx_HAL_Driver\Src\stm32f7xx_hal_cortex.o
                0x080006b8                HAL_SYSTICK_Config
 .text.HAL_SYSTICK_CLKSourceConfig
                0x080006e8       0x18 Drivers\STM32F7xx_HAL_Driver\Src\stm32f7xx_hal_cortex.o
                0x080006e8                HAL_SYSTICK_CLKSourceConfig
 .text.HAL_SYSTICK_Callback
                0x08000700        0x4 Drivers\STM32F7xx_HAL_Driver\Src\stm32f7xx_hal_cortex.o
                0x08000700                HAL_SYSTICK_Callback
 .text.HAL_SYSTICK_IRQHandler
                0x08000704        0x8 Drivers\STM32F7xx_HAL_Driver\Src\stm32f7xx_hal_cortex.o
                0x08000704                HAL_SYSTICK_IRQHandler
 .text.HAL_DMA_Init
                0x0800070c      0x13c Drivers\STM32F7xx_HAL_Driver\Src\stm32f7xx_hal_dma.o
                0x0800070c                HAL_DMA_Init
 .text.HAL_DMA_Start_IT
                0x08000848       0x88 Drivers\STM32F7xx_HAL_Driver\Src\stm32f7xx_hal_dma.o
                0x08000848                HAL_DMA_Start_IT
 .text.HAL_DMA_Abort_IT
                0x080008d0       0x28 Drivers\STM32F7xx_HAL_Driver\Src\stm32f7xx_hal_dma.o
                0x080008d0                HAL_DMA_Abort_IT
 .text.HAL_DMA_IRQHandler
                0x080008f8      0x1a0 Drivers\STM32F7xx_HAL_Driver\Src\stm32f7xx_hal_dma.o
                0x080008f8                HAL_DMA_IRQHandler
 .text.HAL_GPIO_Init
                0x08000a98      0x254 Drivers\STM32F7xx_HAL_Driver\Src\stm32f7xx_hal_gpio.o
                0x08000a98                HAL_GPIO_Init
 .text.HAL_GPIO_ReadPin
                0x08000cec        0xc Drivers\STM32F7xx_HAL_Driver\Src\stm32f7xx_hal_gpio.o
                0x08000cec                HAL_GPIO_ReadPin
 .text.HAL_GPIO_WritePin
                0x08000cf8        0x8 Drivers\STM32F7xx_HAL_Driver\Src\stm32f7xx_hal_gpio.o
                0x08000cf8                HAL_GPIO_WritePin
 .text.HAL_GPIO_TogglePin
                0x08000d00        0x8 Drivers\STM32F7xx_HAL_Driver\Src\stm32f7xx_hal_gpio.o
                0x08000d00                HAL_GPIO_TogglePin
 .text.I2C_WaitOnFlagUntilTimeout
                0x08000d08       0x50 Drivers\STM32F7xx_HAL_Driver\Src\stm32f7xx_hal_i2c.o
 .text.I2C_IsAcknowledgeFailed.part.0
                0x08000d58       0x7c Drivers\STM32F7xx_HAL_Driver\Src\stm32f7xx_hal_i2c.o
 .text.I2C_WaitOnTXISFlagUntilTimeout
                0x08000dd4       0x58 Drivers\STM32F7xx_HAL_Driver\Src\stm32f7xx_hal_i2c.o
 .text.I2C_RequestMemoryRead
                0x08000e2c       0x88 Drivers\STM32F7xx_HAL_Driver\Src\stm32f7xx_hal_i2c.o
 .text.I2C_WaitOnSTOPFlagUntilTimeout
                0x08000eb4       0x54 Drivers\STM32F7xx_HAL_Driver\Src\stm32f7xx_hal_i2c.o
 .text.HAL_I2C_Init
                0x08000f08       0xac Drivers\STM32F7xx_HAL_Driver\Src\stm32f7xx_hal_i2c.o
                0x08000f08                HAL_I2C_Init
 .text.HAL_I2C_Master_Transmit
                0x08000fb4      0x194 Drivers\STM32F7xx_HAL_Driver\Src\stm32f7xx_hal_i2c.o
                0x08000fb4                HAL_I2C_Master_Transmit
 .text.HAL_I2C_Mem_Read
                0x08001148      0x1d0 Drivers\STM32F7xx_HAL_Driver\Src\stm32f7xx_hal_i2c.o
                0x08001148                HAL_I2C_Mem_Read
 .text.HAL_I2CEx_ConfigAnalogFilter
                0x08001318       0x50 Drivers\STM32F7xx_HAL_Driver\Src\stm32f7xx_hal_i2c_ex.o
                0x08001318                HAL_I2CEx_ConfigAnalogFilter
 .text.HAL_I2CEx_ConfigDigitalFilter
                0x08001368       0x50 Drivers\STM32F7xx_HAL_Driver\Src\stm32f7xx_hal_i2c_ex.o
                0x08001368                HAL_I2CEx_ConfigDigitalFilter
 .text.HAL_IWDG_Init
                0x080013b8       0x54 Drivers\STM32F7xx_HAL_Driver\Src\stm32f7xx_hal_iwdg.o
                0x080013b8                HAL_IWDG_Init
 .text.HAL_IWDG_Refresh
                0x0800140c        0xc Drivers\STM32F7xx_HAL_Driver\Src\stm32f7xx_hal_iwdg.o
                0x0800140c                HAL_IWDG_Refresh
 .text.HAL_PWREx_EnableOverDrive
                0x08001418       0x78 Drivers\STM32F7xx_HAL_Driver\Src\stm32f7xx_hal_pwr_ex.o
                0x08001418                HAL_PWREx_EnableOverDrive
 .text.HAL_RCC_OscConfig
                0x08001490      0x3b0 Drivers\STM32F7xx_HAL_Driver\Src\stm32f7xx_hal_rcc.o
                0x08001490                HAL_RCC_OscConfig
 .text.HAL_RCC_GetSysClockFreq
                0x08001840       0x68 Drivers\STM32F7xx_HAL_Driver\Src\stm32f7xx_hal_rcc.o
                0x08001840                HAL_RCC_GetSysClockFreq
 .text.HAL_RCC_ClockConfig
                0x080018a8      0x13c Drivers\STM32F7xx_HAL_Driver\Src\stm32f7xx_hal_rcc.o
                0x080018a8                HAL_RCC_ClockConfig
 .text.HAL_RCC_GetHCLKFreq
                0x080019e4        0xc Drivers\STM32F7xx_HAL_Driver\Src\stm32f7xx_hal_rcc.o
                0x080019e4                HAL_RCC_GetHCLKFreq
 .text.HAL_RCC_GetPCLK1Freq
                0x080019f0       0x20 Drivers\STM32F7xx_HAL_Driver\Src\stm32f7xx_hal_rcc.o
                0x080019f0                HAL_RCC_GetPCLK1Freq
 .text.HAL_RCC_GetPCLK2Freq
                0x08001a10       0x20 Drivers\STM32F7xx_HAL_Driver\Src\stm32f7xx_hal_rcc.o
                0x08001a10                HAL_RCC_GetPCLK2Freq
 .text.HAL_RCCEx_PeriphCLKConfig
                0x08001a30      0x580 Drivers\STM32F7xx_HAL_Driver\Src\stm32f7xx_hal_rcc_ex.o
                0x08001a30                HAL_RCCEx_PeriphCLKConfig
 .text.HAL_TIM_Base_Start_IT
                0x08001fb0       0x18 Drivers\STM32F7xx_HAL_Driver\Src\stm32f7xx_hal_tim.o
                0x08001fb0                HAL_TIM_Base_Start_IT
 .text.HAL_TIM_PWM_Start
                0x08001fc8       0x48 Drivers\STM32F7xx_HAL_Driver\Src\stm32f7xx_hal_tim.o
                0x08001fc8                HAL_TIM_PWM_Start
 .text.HAL_TIM_Encoder_Start
                0x08002010       0x4c Drivers\STM32F7xx_HAL_Driver\Src\stm32f7xx_hal_tim.o
                0x08002010                HAL_TIM_Encoder_Start
 .text.HAL_TIM_OC_DelayElapsedCallback
                0x0800205c        0x4 Drivers\STM32F7xx_HAL_Driver\Src\stm32f7xx_hal_tim.o
                0x0800205c                HAL_TIM_OC_DelayElapsedCallback
 .text.HAL_TIM_IC_CaptureCallback
                0x08002060        0x4 Drivers\STM32F7xx_HAL_Driver\Src\stm32f7xx_hal_tim.o
                0x08002060                HAL_TIM_IC_CaptureCallback
 .text.HAL_TIM_PWM_PulseFinishedCallback
                0x08002064        0x4 Drivers\STM32F7xx_HAL_Driver\Src\stm32f7xx_hal_tim.o
                0x08002064                HAL_TIM_PWM_PulseFinishedCallback
 .text.HAL_TIM_TriggerCallback
                0x08002068        0x4 Drivers\STM32F7xx_HAL_Driver\Src\stm32f7xx_hal_tim.o
                0x08002068                HAL_TIM_TriggerCallback
 .text.HAL_TIM_IRQHandler
                0x0800206c      0x170 Drivers\STM32F7xx_HAL_Driver\Src\stm32f7xx_hal_tim.o
                0x0800206c                HAL_TIM_IRQHandler
 .text.TIM_Base_SetConfig
                0x080021dc      0x11c Drivers\STM32F7xx_HAL_Driver\Src\stm32f7xx_hal_tim.o
                0x080021dc                TIM_Base_SetConfig
 .text.HAL_TIM_Base_Init
                0x080022f8       0x38 Drivers\STM32F7xx_HAL_Driver\Src\stm32f7xx_hal_tim.o
                0x080022f8                HAL_TIM_Base_Init
 .text.HAL_TIM_PWM_Init
                0x08002330       0x38 Drivers\STM32F7xx_HAL_Driver\Src\stm32f7xx_hal_tim.o
                0x08002330                HAL_TIM_PWM_Init
 .text.HAL_TIM_Encoder_Init
                0x08002368       0xac Drivers\STM32F7xx_HAL_Driver\Src\stm32f7xx_hal_tim.o
                0x08002368                HAL_TIM_Encoder_Init
 .text.TIM_OC1_SetConfig
                0x08002414       0x64 Drivers\STM32F7xx_HAL_Driver\Src\stm32f7xx_hal_tim.o
                0x08002414                TIM_OC1_SetConfig
 .text.TIM_OC2_SetConfig
                0x08002478       0x68 Drivers\STM32F7xx_HAL_Driver\Src\stm32f7xx_hal_tim.o
                0x08002478                TIM_OC2_SetConfig
 .text.TIM_OC3_SetConfig
                0x080024e0       0x68 Drivers\STM32F7xx_HAL_Driver\Src\stm32f7xx_hal_tim.o
                0x080024e0                TIM_OC3_SetConfig
 .text.TIM_OC4_SetConfig
                0x08002548       0x58 Drivers\STM32F7xx_HAL_Driver\Src\stm32f7xx_hal_tim.o
                0x08002548                TIM_OC4_SetConfig
 .text.TIM_OC5_SetConfig
                0x080025a0       0x58 Drivers\STM32F7xx_HAL_Driver\Src\stm32f7xx_hal_tim_ex.o
 .text.TIM_OC6_SetConfig
                0x080025f8       0x58 Drivers\STM32F7xx_HAL_Driver\Src\stm32f7xx_hal_tim_ex.o
 .text.HAL_TIMEx_MasterConfigSynchronization
                0x08002650       0x58 Drivers\STM32F7xx_HAL_Driver\Src\stm32f7xx_hal_tim_ex.o
                0x08002650                HAL_TIMEx_MasterConfigSynchronization
 .text.HAL_TIMEx_ConfigBreakDeadTime
                0x080026a8       0x9c Drivers\STM32F7xx_HAL_Driver\Src\stm32f7xx_hal_tim_ex.o
                0x080026a8                HAL_TIMEx_ConfigBreakDeadTime
 .text.HAL_TIMEx_CommutationCallback
                0x08002744        0x4 Drivers\STM32F7xx_HAL_Driver\Src\stm32f7xx_hal_tim_ex.o
                0x08002744                HAL_TIMEx_CommutationCallback
 .text.HAL_TIMEx_BreakCallback
                0x08002748        0x4 Drivers\STM32F7xx_HAL_Driver\Src\stm32f7xx_hal_tim_ex.o
                0x08002748                HAL_TIMEx_BreakCallback
 .text.HAL_TIM_PWM_ConfigChannel
                0x0800274c      0x128 Drivers\STM32F7xx_HAL_Driver\Src\stm32f7xx_hal_tim_ex.o
                0x0800274c                HAL_TIM_PWM_ConfigChannel
 .text.HAL_UART_Receive_DMA
                0x08002874       0x90 Drivers\STM32F7xx_HAL_Driver\Src\stm32f7xx_hal_uart.o
                0x08002874                HAL_UART_Receive_DMA
 .text.UART_WaitOnFlagUntilTimeout
                0x08002904       0x68 Drivers\STM32F7xx_HAL_Driver\Src\stm32f7xx_hal_uart.o
                0x08002904                UART_WaitOnFlagUntilTimeout
 .text.HAL_UART_Transmit
                0x0800296c       0xbc Drivers\STM32F7xx_HAL_Driver\Src\stm32f7xx_hal_uart.o
                0x0800296c                HAL_UART_Transmit
 .text.HAL_UART_TxCpltCallback
                0x08002a28        0x4 Drivers\STM32F7xx_HAL_Driver\Src\stm32f7xx_hal_uart.o
                0x08002a28                HAL_UART_TxCpltCallback
 .text.UART_DMAReceiveCplt
                0x08002a2c       0x38 Drivers\STM32F7xx_HAL_Driver\Src\stm32f7xx_hal_uart.o
 .text.UART_Receive_IT
                0x08002a64       0x7c Drivers\STM32F7xx_HAL_Driver\Src\stm32f7xx_hal_uart.o
 .text.HAL_UART_RxHalfCpltCallback
                0x08002ae0        0x4 Drivers\STM32F7xx_HAL_Driver\Src\stm32f7xx_hal_uart.o
                0x08002ae0                HAL_UART_RxHalfCpltCallback
 .text.UART_DMARxHalfCplt
                0x08002ae4        0xc Drivers\STM32F7xx_HAL_Driver\Src\stm32f7xx_hal_uart.o
 .text.HAL_UART_ErrorCallback
                0x08002af0        0x4 Drivers\STM32F7xx_HAL_Driver\Src\stm32f7xx_hal_uart.o
                0x08002af0                HAL_UART_ErrorCallback
 .text.UART_DMAError
                0x08002af4       0x68 Drivers\STM32F7xx_HAL_Driver\Src\stm32f7xx_hal_uart.o
 .text.HAL_UART_IRQHandler
                0x08002b5c      0x19c Drivers\STM32F7xx_HAL_Driver\Src\stm32f7xx_hal_uart.o
                0x08002b5c                HAL_UART_IRQHandler
 .text.UART_DMAAbortOnError
                0x08002cf8       0x18 Drivers\STM32F7xx_HAL_Driver\Src\stm32f7xx_hal_uart.o
 .text.UART_SetConfig
                0x08002d10      0x2e4 Drivers\STM32F7xx_HAL_Driver\Src\stm32f7xx_hal_uart.o
                0x08002d10                UART_SetConfig
 .text.UART_AdvFeatureConfig
                0x08002ff4       0xb0 Drivers\STM32F7xx_HAL_Driver\Src\stm32f7xx_hal_uart.o
                0x08002ff4                UART_AdvFeatureConfig
 .text.UART_CheckIdleState
                0x080030a4       0x4c Drivers\STM32F7xx_HAL_Driver\Src\stm32f7xx_hal_uart.o
                0x080030a4                UART_CheckIdleState
 .text.HAL_UART_Init
                0x080030f0       0x6c Drivers\STM32F7xx_HAL_Driver\Src\stm32f7xx_hal_uart.o
                0x080030f0                HAL_UART_Init
 .text.DFPlayer_init
                0x0800315c        0xc Src\DFPlayer_Mini_mp3.o
                0x0800315c                DFPlayer_init
 .text.DFPlayer_setvolume
                0x08003168       0x44 Src\DFPlayer_Mini_mp3.o
                0x08003168                DFPlayer_setvolume
 .text.DFPlayer_playmp3
                0x080031ac       0x4c Src\DFPlayer_Mini_mp3.o
                0x080031ac                DFPlayer_playmp3
 .text.DFPlayer_stopmp3
                0x080031f8       0x48 Src\DFPlayer_Mini_mp3.o
                0x080031f8                DFPlayer_stopmp3
 .text.JY901_init
                0x08003240        0xc Src\JY901.o
                0x08003240                JY901_init
 .text.JY901_calibration
                0x0800324c       0xe8 Src\JY901.o
                0x0800324c                JY901_calibration
 .text.JY901_def_set
                0x08003334       0x3c Src\JY901.o
                0x08003334                JY901_def_set
 .text.JY901_yaw_get
                0x08003370       0x48 Src\JY901.o
                0x08003370                JY901_yaw_get
 .text.func     0x080033b8       0x9c Src\actuator.o
                0x080033b8                func
 .text.pwm      0x08003454       0x6c Src\actuator.o
                0x08003454                pwm
 .text.slider   0x080034c0      0x180 Src\actuator.o
                0x080034c0                slider
 .text.servo    0x08003640      0x274 Src\actuator.o
                0x08003640                servo
 .text.encordermotor1
                0x080038b4      0x2e0 Src\actuator.o
                0x080038b4                encordermotor1
 .text.beep     0x08003b94       0x48 Src\actuator.o
                0x08003b94                beep
 .text.recuber  0x08003bdc      0x234 Src\crawler.o
                0x08003bdc                recuber
 .text.motor_move
                0x08003e10      0x6b8 Src\crawler.o
                0x08003e10                motor_move
 .text.MX_DMA_Init
                0x080044c8       0x30 Src\dma.o
                0x080044c8                MX_DMA_Init
 .text.MX_GPIO_Init
                0x080044f8      0x14c Src\gpio.o
                0x080044f8                MX_GPIO_Init
 .text.MX_I2C1_Init
                0x08004644       0x6c Src\i2c.o
                0x08004644                MX_I2C1_Init
 .text.MX_I2C2_Init
                0x080046b0       0x6c Src\i2c.o
                0x080046b0                MX_I2C2_Init
 .text.HAL_I2C_MspInit
                0x0800471c       0x8c Src\i2c.o
                0x0800471c                HAL_I2C_MspInit
 .text.oled_power.part.0
                0x080047a8       0x30 Src\i2c_lcd.o
 .text.oled_puts
                0x080047d8       0x50 Src\i2c_lcd.o
                0x080047d8                oled_puts
 .text.oled_contrast
                0x08004828       0xb0 Src\i2c_lcd.o
                0x08004828                oled_contrast
 .text.oled_clear
                0x080048d8       0x2c Src\i2c_lcd.o
                0x080048d8                oled_clear
 .text.oled_display_setting
                0x08004904       0x3c Src\i2c_lcd.o
                0x08004904                oled_display_setting
 .text.oled_setcursor
                0x08004940       0x6c Src\i2c_lcd.o
                0x08004940                oled_setcursor
 .text.oled_returnhome
                0x080049ac       0x2c Src\i2c_lcd.o
                0x080049ac                oled_returnhome
 .text.oled_i2c_to_oled
                0x080049d8       0x30 Src\i2c_lcd.o
                0x080049d8                oled_i2c_to_oled
 .text.MX_IWDG_Init
                0x08004a08       0x38 Src\iwdg.o
                0x08004a08                MX_IWDG_Init
 .text.HAL_TIM_PeriodElapsedCallback
                0x08004a40       0x58 Src\main.o
                0x08004a40                HAL_TIM_PeriodElapsedCallback
 .text.SystemClock_Config
                0x08004a98      0x114 Src\main.o
                0x08004a98                SystemClock_Config
 .text.main_run
                0x08004bac      0x1b0 Src\main.o
                0x08004bac                main_run
 .text.sens_test
                0x08004d5c      0x108 Src\main.o
                0x08004d5c                sens_test
 .text.test_mode
                0x08004e64       0xf0 Src\main.o
                0x08004e64                test_mode
 .text.calib_mode
                0x08004f54      0x188 Src\main.o
                0x08004f54                calib_mode
 .text.startup.main
                0x080050dc      0xa2c Src\main.o
                0x080050dc                main
 .text.HAL_UART_RxCpltCallback
                0x08005b08      0x130 Src\main.o
                0x08005b08                HAL_UART_RxCpltCallback
 .text._Error_Handler
                0x08005c38       0x14 Src\main.o
                0x08005c38                _Error_Handler
 .text.getUs    0x08005c4c       0x3c Src\microsectimer.o
                0x08005c4c                getUs
 .text.delayUs  0x08005c88       0x1c Src\microsectimer.o
                0x08005c88                delayUs
 .text.HAL_MspInit
                0x08005ca4       0x60 Src\stm32f7xx_hal_msp.o
                0x08005ca4                HAL_MspInit
 .text.NMI_Handler
                0x08005d04        0x4 Src\stm32f7xx_it.o
                0x08005d04                NMI_Handler
 .text.HardFault_Handler
                0x08005d08        0x4 Src\stm32f7xx_it.o
                0x08005d08                HardFault_Handler
 .text.MemManage_Handler
                0x08005d0c        0x4 Src\stm32f7xx_it.o
                0x08005d0c                MemManage_Handler
 .text.BusFault_Handler
                0x08005d10        0x4 Src\stm32f7xx_it.o
                0x08005d10                BusFault_Handler
 .text.UsageFault_Handler
                0x08005d14        0x4 Src\stm32f7xx_it.o
                0x08005d14                UsageFault_Handler
 .text.SVC_Handler
                0x08005d18        0x4 Src\stm32f7xx_it.o
                0x08005d18                SVC_Handler
 .text.DebugMon_Handler
                0x08005d1c        0x4 Src\stm32f7xx_it.o
                0x08005d1c                DebugMon_Handler
 .text.PendSV_Handler
                0x08005d20        0x4 Src\stm32f7xx_it.o
                0x08005d20                PendSV_Handler
 .text.SysTick_Handler
                0x08005d24       0x10 Src\stm32f7xx_it.o
                0x08005d24                SysTick_Handler
 .text.USART1_IRQHandler
                0x08005d34        0xc Src\stm32f7xx_it.o
                0x08005d34                USART1_IRQHandler
 .text.TIM6_DAC_IRQHandler
                0x08005d40        0xc Src\stm32f7xx_it.o
                0x08005d40                TIM6_DAC_IRQHandler
 .text.DMA2_Stream2_IRQHandler
                0x08005d4c        0xc Src\stm32f7xx_it.o
                0x08005d4c                DMA2_Stream2_IRQHandler
 .text.SystemInit
                0x08005d58       0x50 Src\system_stm32f7xx.o
                0x08005d58                SystemInit
 .text.MX_TIM1_Init
                0x08005da8       0x7c Src\tim.o
                0x08005da8                MX_TIM1_Init
 .text.MX_TIM3_Init
                0x08005e24       0x78 Src\tim.o
                0x08005e24                MX_TIM3_Init
 .text.MX_TIM6_Init
                0x08005e9c       0x60 Src\tim.o
                0x08005e9c                MX_TIM6_Init
 .text.HAL_TIM_Encoder_MspInit
                0x08005efc       0x84 Src\tim.o
                0x08005efc                HAL_TIM_Encoder_MspInit
 .text.HAL_TIM_PWM_MspInit
                0x08005f80       0xd0 Src\tim.o
                0x08005f80                HAL_TIM_PWM_MspInit
 .text.HAL_TIM_Base_MspInit
                0x08006050       0x80 Src\tim.o
                0x08006050                HAL_TIM_Base_MspInit
 .text.HAL_TIM_MspPostInit
                0x080060d0      0x118 Src\tim.o
                0x080060d0                HAL_TIM_MspPostInit
 .text.MX_TIM2_Init
                0x080061e8       0x9c Src\tim.o
                0x080061e8                MX_TIM2_Init
 .text.MX_TIM4_Init
                0x08006284       0xd0 Src\tim.o
                0x08006284                MX_TIM4_Init
 .text.MX_TIM5_Init
                0x08006354       0xd4 Src\tim.o
                0x08006354                MX_TIM5_Init
 .text.MX_TIM8_Init
                0x08006428      0x128 Src\tim.o
                0x08006428                MX_TIM8_Init
 .text.MX_TIM9_Init
                0x08006550       0x88 Src\tim.o
                0x08006550                MX_TIM9_Init
 .text.MX_TIM10_Init
                0x080065d8       0x84 Src\tim.o
                0x080065d8                MX_TIM10_Init
 .text.MX_TIM11_Init
                0x0800665c       0x84 Src\tim.o
                0x0800665c                MX_TIM11_Init
 .text.MX_TIM12_Init
                0x080066e0       0x84 Src\tim.o
                0x080066e0                MX_TIM12_Init
 .text.MX_USART1_UART_Init
                0x08006764       0x44 Src\usart.o
                0x08006764                MX_USART1_UART_Init
 .text.MX_USART2_UART_Init
                0x080067a8       0x44 Src\usart.o
                0x080067a8                MX_USART2_UART_Init
 .text.MX_USART3_UART_Init
                0x080067ec       0x44 Src\usart.o
                0x080067ec                MX_USART3_UART_Init
 .text.HAL_UART_MspInit
                0x08006830      0x138 Src\usart.o
                0x08006830                HAL_UART_MspInit
 .text.uart_putc
                0x08006968       0x20 Src\xprintf.o
                0x08006968                uart_putc
 .text.xprintf_init
                0x08006988       0x18 Src\xprintf.o
                0x08006988                xprintf_init
 .text.xputc    0x080069a0       0x38 Src\xprintf.o
                0x080069a0                xputc
 .text.xvprintf
                0x080069d8      0x25c Src\xprintf.o
 .text.xprintf  0x08006c34       0x20 Src\xprintf.o
                0x08006c34                xprintf
 .text.Reset_Handler
                0x08006c54       0x50 startup\startup_stm32f767xx.o
                0x08006c54                Reset_Handler
 .text.Default_Handler
                0x08006ca4        0x2 startup\startup_stm32f767xx.o
                0x08006ca4                RTC_Alarm_IRQHandler
                0x08006ca4                EXTI2_IRQHandler
                0x08006ca4                TIM8_CC_IRQHandler
                0x08006ca4                UART8_IRQHandler
                0x08006ca4                SPI4_IRQHandler
                0x08006ca4                TIM1_CC_IRQHandler
                0x08006ca4                DMA2_Stream5_IRQHandler
                0x08006ca4                JPEG_IRQHandler
                0x08006ca4                DMA1_Stream5_IRQHandler
                0x08006ca4                CAN3_RX1_IRQHandler
                0x08006ca4                PVD_IRQHandler
                0x08006ca4                TAMP_STAMP_IRQHandler
                0x08006ca4                CAN2_RX1_IRQHandler
                0x08006ca4                EXTI3_IRQHandler
                0x08006ca4                TIM8_TRG_COM_TIM14_IRQHandler
                0x08006ca4                DFSDM1_FLT1_IRQHandler
                0x08006ca4                TIM1_UP_TIM10_IRQHandler
                0x08006ca4                TIM8_UP_TIM13_IRQHandler
                0x08006ca4                I2C3_ER_IRQHandler
                0x08006ca4                DFSDM1_FLT2_IRQHandler
                0x08006ca4                EXTI0_IRQHandler
                0x08006ca4                I2C2_EV_IRQHandler
                0x08006ca4                DMA1_Stream2_IRQHandler
                0x08006ca4                CAN1_RX0_IRQHandler
                0x08006ca4                FPU_IRQHandler
                0x08006ca4                OTG_HS_WKUP_IRQHandler
                0x08006ca4                CAN3_SCE_IRQHandler
                0x08006ca4                LTDC_ER_IRQHandler
                0x08006ca4                CAN2_SCE_IRQHandler
                0x08006ca4                SPI1_IRQHandler
                0x08006ca4                TIM1_BRK_TIM9_IRQHandler
                0x08006ca4                DCMI_IRQHandler
                0x08006ca4                CAN2_RX0_IRQHandler
                0x08006ca4                DMA2_Stream3_IRQHandler
                0x08006ca4                SAI2_IRQHandler
                0x08006ca4                DFSDM1_FLT3_IRQHandler
                0x08006ca4                USART6_IRQHandler
                0x08006ca4                CAN3_RX0_IRQHandler
                0x08006ca4                USART3_IRQHandler
                0x08006ca4                CAN1_RX1_IRQHandler
                0x08006ca4                UART5_IRQHandler
                0x08006ca4                DMA2_Stream0_IRQHandler
                0x08006ca4                TIM4_IRQHandler
                0x08006ca4                QUADSPI_IRQHandler
                0x08006ca4                I2C1_EV_IRQHandler
                0x08006ca4                DMA1_Stream6_IRQHandler
                0x08006ca4                DMA1_Stream1_IRQHandler
                0x08006ca4                UART4_IRQHandler
                0x08006ca4                TIM3_IRQHandler
                0x08006ca4                RCC_IRQHandler
                0x08006ca4                TIM8_BRK_TIM12_IRQHandler
                0x08006ca4                Default_Handler
                0x08006ca4                CEC_IRQHandler
                0x08006ca4                EXTI15_10_IRQHandler
                0x08006ca4                ADC_IRQHandler
                0x08006ca4                DMA1_Stream7_IRQHandler
                0x08006ca4                SPI5_IRQHandler
                0x08006ca4                TIM7_IRQHandler
                0x08006ca4                SDMMC1_IRQHandler
                0x08006ca4                CAN2_TX_IRQHandler
                0x08006ca4                TIM5_IRQHandler
                0x08006ca4                DMA2_Stream7_IRQHandler
                0x08006ca4                I2C3_EV_IRQHandler
                0x08006ca4                EXTI9_5_IRQHandler
                0x08006ca4                RTC_WKUP_IRQHandler
                0x08006ca4                LTDC_IRQHandler
                0x08006ca4                ETH_WKUP_IRQHandler
                0x08006ca4                SPDIF_RX_IRQHandler
                0x08006ca4                SPI2_IRQHandler
                0x08006ca4                OTG_HS_EP1_IN_IRQHandler
                0x08006ca4                DMA1_Stream0_IRQHandler
                0x08006ca4                CAN1_TX_IRQHandler
                0x08006ca4                EXTI4_IRQHandler
                0x08006ca4                RNG_IRQHandler
                0x08006ca4                ETH_IRQHandler
                0x08006ca4                OTG_HS_EP1_OUT_IRQHandler
                0x08006ca4                WWDG_IRQHandler
                0x08006ca4                SPI6_IRQHandler
                0x08006ca4                MDIOS_IRQHandler
                0x08006ca4                I2C4_EV_IRQHandler
                0x08006ca4                CAN3_TX_IRQHandler
                0x08006ca4                TIM2_IRQHandler
                0x08006ca4                OTG_FS_WKUP_IRQHandler
                0x08006ca4                TIM1_TRG_COM_TIM11_IRQHandler
                0x08006ca4                OTG_HS_IRQHandler
                0x08006ca4                DMA2D_IRQHandler
                0x08006ca4                EXTI1_IRQHandler
                0x08006ca4                SDMMC2_IRQHandler
                0x08006ca4                UART7_IRQHandler
                0x08006ca4                USART2_IRQHandler
                0x08006ca4                DFSDM1_FLT0_IRQHandler
                0x08006ca4                I2C2_ER_IRQHandler
                0x08006ca4                DMA2_Stream1_IRQHandler
                0x08006ca4                CAN1_SCE_IRQHandler
                0x08006ca4                FLASH_IRQHandler
                0x08006ca4                DMA2_Stream4_IRQHandler
                0x08006ca4                OTG_FS_IRQHandler
                0x08006ca4                SPI3_IRQHandler
                0x08006ca4                DMA1_Stream4_IRQHandler
                0x08006ca4                I2C1_ER_IRQHandler
                0x08006ca4                FMC_IRQHandler
                0x08006ca4                LPTIM1_IRQHandler
                0x08006ca4                I2C4_ER_IRQHandler
                0x08006ca4                DMA2_Stream6_IRQHandler
                0x08006ca4                SAI1_IRQHandler
                0x08006ca4                DMA1_Stream3_IRQHandler
 *fill*         0x08006ca6        0x2 
 .text.__libc_init_array
                0x08006ca8       0x48 c:/program files (x86)/atollic/truestudio for stm32 9.0.1/armtools/bin/../lib/gcc/arm-atollic-eabi/6.3.1/../../../../arm-atollic-eabi/lib/armv7e-m/fpu/fpv5-d16\libc_nano.a(lib_a-init.o)
                0x08006ca8                __libc_init_array
 .text.log      0x08006cf0       0xdc c:/program files (x86)/atollic/truestudio for stm32 9.0.1/armtools/bin/../lib/gcc/arm-atollic-eabi/6.3.1/../../../../arm-atollic-eabi/lib/armv7e-m/fpu/fpv5-d16\libm.a(lib_a-w_log.o)
                0x08006cf0                log
 *fill*         0x08006dcc        0x4 
 .text.sqrt     0x08006dd0       0x98 c:/program files (x86)/atollic/truestudio for stm32 9.0.1/armtools/bin/../lib/gcc/arm-atollic-eabi/6.3.1/../../../../arm-atollic-eabi/lib/armv7e-m/fpu/fpv5-d16\libm.a(lib_a-w_sqrt.o)
                0x08006dd0                sqrt
 .text.__ieee754_log
                0x08006e68      0x23c c:/program files (x86)/atollic/truestudio for stm32 9.0.1/armtools/bin/../lib/gcc/arm-atollic-eabi/6.3.1/../../../../arm-atollic-eabi/lib/armv7e-m/fpu/fpv5-d16\libm.a(lib_a-e_log.o)
                0x08006e68                __ieee754_log
 .text.__ieee754_sqrt
                0x080070a4      0x13c c:/program files (x86)/atollic/truestudio for stm32 9.0.1/armtools/bin/../lib/gcc/arm-atollic-eabi/6.3.1/../../../../arm-atollic-eabi/lib/armv7e-m/fpu/fpv5-d16\libm.a(lib_a-e_sqrt.o)
                0x080070a4                __ieee754_sqrt
 .text.matherr  0x080071e0        0x4 c:/program files (x86)/atollic/truestudio for stm32 9.0.1/armtools/bin/../lib/gcc/arm-atollic-eabi/6.3.1/../../../../arm-atollic-eabi/lib/armv7e-m/fpu/fpv5-d16\libm.a(lib_a-s_matherr.o)
                0x080071e0                matherr
 *fill*         0x080071e4        0x4 
 .text.nan      0x080071e8       0x10 c:/program files (x86)/atollic/truestudio for stm32 9.0.1/armtools/bin/../lib/gcc/arm-atollic-eabi/6.3.1/../../../../arm-atollic-eabi/lib/armv7e-m/fpu/fpv5-d16\libm.a(lib_a-s_nan.o)
                0x080071e8                nan
 .text.__errno  0x080071f8        0xc c:/program files (x86)/atollic/truestudio for stm32 9.0.1/armtools/bin/../lib/gcc/arm-atollic-eabi/6.3.1/../../../../arm-atollic-eabi/lib/armv7e-m/fpu/fpv5-d16\libc_nano.a(lib_a-errno.o)
                0x080071f8                __errno
 *(.glue_7)
 .glue_7        0x08007204        0x0 linker stubs
 *(.glue_7t)
 .glue_7t       0x08007204        0x0 linker stubs
 *(.eh_frame)
 .eh_frame      0x08007204        0x0 c:/program files (x86)/atollic/truestudio for stm32 9.0.1/armtools/bin/../lib/gcc/arm-atollic-eabi/6.3.1/armv7e-m/fpu/fpv5-d16/crtbegin.o
 *(.init)
 .init          0x08007204        0x4 c:/program files (x86)/atollic/truestudio for stm32 9.0.1/armtools/bin/../lib/gcc/arm-atollic-eabi/6.3.1/armv7e-m/fpu/fpv5-d16/crti.o
                0x08007204                _init
 .init          0x08007208        0x8 c:/program files (x86)/atollic/truestudio for stm32 9.0.1/armtools/bin/../lib/gcc/arm-atollic-eabi/6.3.1/armv7e-m/fpu/fpv5-d16/crtn.o
 *(.fini)
 .fini          0x08007210        0x4 c:/program files (x86)/atollic/truestudio for stm32 9.0.1/armtools/bin/../lib/gcc/arm-atollic-eabi/6.3.1/armv7e-m/fpu/fpv5-d16/crti.o
                0x08007210                _fini
 .fini          0x08007214        0x8 c:/program files (x86)/atollic/truestudio for stm32 9.0.1/armtools/bin/../lib/gcc/arm-atollic-eabi/6.3.1/armv7e-m/fpu/fpv5-d16/crtn.o
                0x0800721c                . = ALIGN (0x4)
                0x0800721c                _etext = .

.vfp11_veneer   0x0800721c        0x0
 .vfp11_veneer  0x0800721c        0x0 linker stubs

.v4_bx          0x0800721c        0x0
 .v4_bx         0x0800721c        0x0 linker stubs

.iplt           0x0800721c        0x0
 .iplt          0x0800721c        0x0 c:/program files (x86)/atollic/truestudio for stm32 9.0.1/armtools/bin/../lib/gcc/arm-atollic-eabi/6.3.1/armv7e-m/fpu/fpv5-d16/crtbegin.o

.rodata         0x0800721c      0x4c4
                0x0800721c                . = ALIGN (0x4)
 *(.rodata)
 *(.rodata*)
 .rodata.flagBitshiftOffset.9632
                0x0800721c        0x8 Drivers\STM32F7xx_HAL_Driver\Src\stm32f7xx_hal_dma.o
 .rodata.CSWTCH.38
                0x08007224        0x4 Drivers\STM32F7xx_HAL_Driver\Src\stm32f7xx_hal_uart.o
 .rodata.CSWTCH.39
                0x08007228        0xd Drivers\STM32F7xx_HAL_Driver\Src\stm32f7xx_hal_uart.o
 *fill*         0x08007235        0x3 
 .rodata.MX_I2C1_Init.str1.4
                0x08007238        0xd Src\i2c.o
 *fill*         0x08007245        0x3 
 .rodata.MX_IWDG_Init.str1.4
                0x08007248        0xe Src\iwdg.o
 *fill*         0x08007256        0x2 
 .rodata.calib_mode.str1.4
                0x08007258       0xa3 Src\main.o
 *fill*         0x080072fb        0x1 
 .rodata.main.str1.4
                0x080072fc      0x1f1 Src\main.o
 *fill*         0x080074ed        0x3 
 .rodata.main_run.str1.4
                0x080074f0      0x116 Src\main.o
 *fill*         0x08007606        0x2 
 .rodata.sens_test.str1.4
                0x08007608       0x57 Src\main.o
 *fill*         0x0800765f        0x1 
 .rodata.test_mode.str1.4
                0x08007660       0x3b Src\main.o
                                 0x43 (size before relaxing)
 *fill*         0x0800769b        0x1 
 .rodata.AHBPrescTable
                0x0800769c       0x10 Src\system_stm32f7xx.o
                0x0800769c                AHBPrescTable
 .rodata.APBPrescTable
                0x080076ac        0x8 Src\system_stm32f7xx.o
                0x080076ac                APBPrescTable
 .rodata.MX_TIM1_Init.str1.4
                0x080076b4        0xd Src\tim.o
 *fill*         0x080076c1        0x3 
 .rodata.MX_USART1_UART_Init.str1.4
                0x080076c4       0x10 Src\usart.o
                                  0xf (size before relaxing)
 .rodata.log.str1.1
                0x080076d4        0x4 c:/program files (x86)/atollic/truestudio for stm32 9.0.1/armtools/bin/../lib/gcc/arm-atollic-eabi/6.3.1/../../../../arm-atollic-eabi/lib/armv7e-m/fpu/fpv5-d16\libm.a(lib_a-w_log.o)
                                  0x5 (size before relaxing)
 .rodata.sqrt.str1.1
                0x080076d8        0x5 c:/program files (x86)/atollic/truestudio for stm32 9.0.1/armtools/bin/../lib/gcc/arm-atollic-eabi/6.3.1/../../../../arm-atollic-eabi/lib/armv7e-m/fpu/fpv5-d16\libm.a(lib_a-w_sqrt.o)
                0x080076e0                . = ALIGN (0x4)
 *fill*         0x080076dd        0x3 

.ARM.extab
 *(.ARM.extab* .gnu.linkonce.armextab.*)

.ARM            0x080076e0        0x8
                0x080076e0                __exidx_start = .
 *(.ARM.exidx*)
 .ARM.exidx     0x080076e0        0x8 c:/program files (x86)/atollic/truestudio for stm32 9.0.1/armtools/bin/../lib/gcc/arm-atollic-eabi/6.3.1/armv7e-m/fpu/fpv5-d16\libgcc.a(_udivmoddi4.o)
                0x080076e8                __exidx_end = .

.rel.dyn        0x080076e8        0x0
 .rel.iplt      0x080076e8        0x0 c:/program files (x86)/atollic/truestudio for stm32 9.0.1/armtools/bin/../lib/gcc/arm-atollic-eabi/6.3.1/armv7e-m/fpu/fpv5-d16/crtbegin.o

.preinit_array  0x080076e8        0x0
                0x080076e8                PROVIDE (__preinit_array_start, .)
 *(.preinit_array*)
                0x080076e8                PROVIDE (__preinit_array_end, .)

.init_array     0x080076e8        0x4
                0x080076e8                PROVIDE (__init_array_start, .)
 *(SORT(.init_array.*))
 *(.init_array*)
 .init_array    0x080076e8        0x4 c:/program files (x86)/atollic/truestudio for stm32 9.0.1/armtools/bin/../lib/gcc/arm-atollic-eabi/6.3.1/armv7e-m/fpu/fpv5-d16/crtbegin.o
                0x080076ec                PROVIDE (__init_array_end, .)

.fini_array     0x080076ec        0x4
                [!provide]                PROVIDE (__fini_array_start, .)
 *(SORT(.fini_array.*))
 *(.fini_array*)
 .fini_array    0x080076ec        0x4 c:/program files (x86)/atollic/truestudio for stm32 9.0.1/armtools/bin/../lib/gcc/arm-atollic-eabi/6.3.1/armv7e-m/fpu/fpv5-d16/crtbegin.o
                [!provide]                PROVIDE (__fini_array_end, .)
                0x080076f0                _sidata = LOADADDR (.data)

.data           0x20000000       0x84 load address 0x080076f0
                0x20000000                . = ALIGN (0x4)
                0x20000000                _sdata = .
 *(.data)
 *(.data*)
 .data.uwTickFreq
                0x20000000        0x1 Drivers\STM32F7xx_HAL_Driver\Src\stm32f7xx_hal.o
                0x20000000                uwTickFreq
 *fill*         0x20000001        0x3 
 .data.uwTickPrio
                0x20000004        0x4 Drivers\STM32F7xx_HAL_Driver\Src\stm32f7xx_hal.o
                0x20000004                uwTickPrio
 .data.servodata
                0x20000008        0x8 Src\main.o
                0x20000008                servodata
 .data.servotemp
                0x20000010        0x8 Src\main.o
                0x20000010                servotemp
 .data.SystemCoreClock
                0x20000018        0x4 Src\system_stm32f7xx.o
                0x20000018                SystemCoreClock
 .data.__fdlib_version
                0x2000001c        0x1 c:/program files (x86)/atollic/truestudio for stm32 9.0.1/armtools/bin/../lib/gcc/arm-atollic-eabi/6.3.1/../../../../arm-atollic-eabi/lib/armv7e-m/fpu/fpv5-d16\libm.a(lib_a-s_lib_ver.o)
                0x2000001c                __fdlib_version
 *fill*         0x2000001d        0x3 
 .data._impure_ptr
                0x20000020        0x4 c:/program files (x86)/atollic/truestudio for stm32 9.0.1/armtools/bin/../lib/gcc/arm-atollic-eabi/6.3.1/../../../../arm-atollic-eabi/lib/armv7e-m/fpu/fpv5-d16\libc_nano.a(lib_a-impure.o)
                0x20000020                _impure_ptr
 .data.impure_data
                0x20000024       0x60 c:/program files (x86)/atollic/truestudio for stm32 9.0.1/armtools/bin/../lib/gcc/arm-atollic-eabi/6.3.1/../../../../arm-atollic-eabi/lib/armv7e-m/fpu/fpv5-d16\libc_nano.a(lib_a-impure.o)
                0x20000084                . = ALIGN (0x4)
                0x20000084                _edata = .

.igot.plt       0x20000084        0x0 load address 0x08007774
 .igot.plt      0x20000084        0x0 c:/program files (x86)/atollic/truestudio for stm32 9.0.1/armtools/bin/../lib/gcc/arm-atollic-eabi/6.3.1/armv7e-m/fpu/fpv5-d16/crtbegin.o
                0x20000084                . = ALIGN (0x4)

.bss            0x20000084      0x640 load address 0x08007774
                0x20000084                _sbss = .
                0x20000084                __bss_start__ = _sbss
 *(.bss)
 .bss           0x20000084       0x1c c:/program files (x86)/atollic/truestudio for stm32 9.0.1/armtools/bin/../lib/gcc/arm-atollic-eabi/6.3.1/armv7e-m/fpu/fpv5-d16/crtbegin.o
 *(.bss*)
 .bss.before_result.12565
                0x200000a0        0x4 Src\actuator.o
 .bss.uwDirectionCounta
                0x200000a4        0x4 Src\actuator.o
                0x200000a4                uwDirectionCounta
 .bss.tempL.12564
                0x200000a8        0x1 Src\crawler.o
 .bss.tempR.12563
                0x200000a9        0x1 Src\crawler.o
 .bss.Flug_Rxdata
                0x200000aa        0x1 Src\main.o
                0x200000aa                Flug_Rxdata
 .bss.Rxdetatemp
                0x200000ab        0x1 Src\main.o
                0x200000ab                Rxdetatemp
 .bss.TPIPConnect
                0x200000ac        0x1 Src\main.o
                0x200000ac                TPIPConnect
 *fill*         0x200000ad        0x3 
 .bss.uwDirectionCount1
                0x200000b0        0x4 Src\main.o
                0x200000b0                uwDirectionCount1
 .bss.outptr    0x200000b4        0x4 Src\xprintf.o
 *(COMMON)
 COMMON         0x200000b8        0x4 Drivers\STM32F7xx_HAL_Driver\Src\stm32f7xx_hal.o
                0x200000b8                uwTick
 COMMON         0x200000bc        0xc Src\DFPlayer_Mini_mp3.o
                0x200000bc                huart_DFPlayer
                0x200000c0                cmd
 COMMON         0x200000c8        0x4 Src\JY901.o
                0x200000c8                JY901_I2C
 COMMON         0x200000cc       0x98 Src\actuator.o
                0x200000cc                HOUI_def
                0x200000ce                Expand_flug
                0x200000d0                motorR
                0x200000d4                sMasterConfig
                0x200000e0                motorL
                0x200000e4                huart_xprintf
                0x200000e8                HOUI
                0x200000ec                sConfigOC
                0x20000108                sBreakDeadTimeConfig
                0x20000134                Txdata
                0x20000138                sConfig
                0x2000015c                oled_I2C
                0x20000160                counttime
 COMMON         0x20000164       0x98 Src\i2c.o
                0x20000164                hi2c1
                0x200001b0                hi2c2
 COMMON         0x200001fc       0x10 Src\iwdg.o
                0x200001fc                hiwdg
 COMMON         0x2000020c       0x3d Src\main.o
                0x2000020c                tempdata
                0x2000021c                Rxbuf
                0x2000022b                mode
                0x2000022c                data
                0x2000023c                SW
                0x20000244                motor
 *fill*         0x20000249        0x3 
 COMMON         0x2000024c      0x2c0 Src\tim.o
                0x2000024c                htim8
                0x2000028c                htim4
                0x200002cc                htim10
                0x2000030c                htim5
                0x2000034c                htim3
                0x2000038c                htim11
                0x200003cc                htim6
                0x2000040c                htim1
                0x2000044c                htim9
                0x2000048c                htim2
                0x200004cc                htim12
 COMMON         0x2000050c      0x1b0 Src\usart.o
                0x2000050c                huart3
                0x2000057c                hdma_usart1_rx
                0x200005dc                huart1
                0x2000064c                huart2
 COMMON         0x200006bc        0x8 Src\xprintf.o
                0x200006bc                xfunc_in
                0x200006c0                xfunc_out
                0x200006c4                . = ALIGN (0x4)
                0x200006c4                _ebss = .
                0x200006c4                __bss_end__ = _ebss

._user_heap_stack
                0x200006c4      0xc00 load address 0x08007774
                0x200006c4                . = ALIGN (0x4)
                [!provide]                PROVIDE (end, .)
                [!provide]                PROVIDE (_end, .)
                0x20000ac4                . = (. + _Min_Heap_Size)
 *fill*         0x200006c4      0x400 
                0x200012c4                . = (. + _Min_Stack_Size)
 *fill*         0x20000ac4      0x800 
                0x200012c4                . = ALIGN (0x4)

/DISCARD/
 libc.a(*)
 libm.a(*)
 libgcc.a(*)

.ARM.attributes
                0x00000000       0x2e
 *(.ARM.attributes)
 .ARM.attributes
                0x00000000       0x20 c:/program files (x86)/atollic/truestudio for stm32 9.0.1/armtools/bin/../lib/gcc/arm-atollic-eabi/6.3.1/armv7e-m/fpu/fpv5-d16/crti.o
 .ARM.attributes
                0x00000020       0x32 c:/program files (x86)/atollic/truestudio for stm32 9.0.1/armtools/bin/../lib/gcc/arm-atollic-eabi/6.3.1/armv7e-m/fpu/fpv5-d16/crtbegin.o
 .ARM.attributes
                0x00000052       0x37 Drivers\STM32F7xx_HAL_Driver\Src\stm32f7xx_hal.o
 .ARM.attributes
                0x00000089       0x37 Drivers\STM32F7xx_HAL_Driver\Src\stm32f7xx_hal_cortex.o
 .ARM.attributes
                0x000000c0       0x37 Drivers\STM32F7xx_HAL_Driver\Src\stm32f7xx_hal_dma.o
 .ARM.attributes
                0x000000f7       0x37 Drivers\STM32F7xx_HAL_Driver\Src\stm32f7xx_hal_gpio.o
 .ARM.attributes
                0x0000012e       0x37 Drivers\STM32F7xx_HAL_Driver\Src\stm32f7xx_hal_i2c.o
 .ARM.attributes
                0x00000165       0x37 Drivers\STM32F7xx_HAL_Driver\Src\stm32f7xx_hal_i2c_ex.o
 .ARM.attributes
                0x0000019c       0x37 Drivers\STM32F7xx_HAL_Driver\Src\stm32f7xx_hal_iwdg.o
 .ARM.attributes
                0x000001d3       0x37 Drivers\STM32F7xx_HAL_Driver\Src\stm32f7xx_hal_pwr_ex.o
 .ARM.attributes
                0x0000020a       0x37 Drivers\STM32F7xx_HAL_Driver\Src\stm32f7xx_hal_rcc.o
 .ARM.attributes
                0x00000241       0x37 Drivers\STM32F7xx_HAL_Driver\Src\stm32f7xx_hal_rcc_ex.o
 .ARM.attributes
                0x00000278       0x37 Drivers\STM32F7xx_HAL_Driver\Src\stm32f7xx_hal_tim.o
 .ARM.attributes
                0x000002af       0x37 Drivers\STM32F7xx_HAL_Driver\Src\stm32f7xx_hal_tim_ex.o
 .ARM.attributes
                0x000002e6       0x37 Drivers\STM32F7xx_HAL_Driver\Src\stm32f7xx_hal_uart.o
 .ARM.attributes
                0x0000031d       0x37 Src\DFPlayer_Mini_mp3.o
 .ARM.attributes
                0x00000354       0x37 Src\JY901.o
 .ARM.attributes
                0x0000038b       0x37 Src\actuator.o
 .ARM.attributes
                0x000003c2       0x37 Src\crawler.o
 .ARM.attributes
                0x000003f9       0x37 Src\dma.o
 .ARM.attributes
                0x00000430       0x37 Src\gpio.o
 .ARM.attributes
                0x00000467       0x37 Src\i2c.o
 .ARM.attributes
                0x0000049e       0x37 Src\i2c_lcd.o
 .ARM.attributes
                0x000004d5       0x37 Src\iwdg.o
 .ARM.attributes
                0x0000050c       0x37 Src\main.o
 .ARM.attributes
                0x00000543       0x37 Src\microsectimer.o
 .ARM.attributes
                0x0000057a       0x37 Src\stm32f7xx_hal_msp.o
 .ARM.attributes
                0x000005b1       0x37 Src\stm32f7xx_it.o
 .ARM.attributes
                0x000005e8       0x37 Src\system_stm32f7xx.o
 .ARM.attributes
                0x0000061f       0x37 Src\tim.o
 .ARM.attributes
                0x00000656       0x37 Src\usart.o
 .ARM.attributes
                0x0000068d       0x37 Src\xprintf.o
 .ARM.attributes
                0x000006c4       0x21 startup\startup_stm32f767xx.o
 .ARM.attributes
                0x000006e5       0x32 c:/program files (x86)/atollic/truestudio for stm32 9.0.1/armtools/bin/../lib/gcc/arm-atollic-eabi/6.3.1/../../../../arm-atollic-eabi/lib/armv7e-m/fpu/fpv5-d16\libc_nano.a(lib_a-init.o)
 .ARM.attributes
                0x00000717       0x32 c:/program files (x86)/atollic/truestudio for stm32 9.0.1/armtools/bin/../lib/gcc/arm-atollic-eabi/6.3.1/../../../../arm-atollic-eabi/lib/armv7e-m/fpu/fpv5-d16\libm.a(lib_a-w_log.o)
 .ARM.attributes
                0x00000749       0x32 c:/program files (x86)/atollic/truestudio for stm32 9.0.1/armtools/bin/../lib/gcc/arm-atollic-eabi/6.3.1/../../../../arm-atollic-eabi/lib/armv7e-m/fpu/fpv5-d16\libm.a(lib_a-w_sqrt.o)
 .ARM.attributes
                0x0000077b       0x32 c:/program files (x86)/atollic/truestudio for stm32 9.0.1/armtools/bin/../lib/gcc/arm-atollic-eabi/6.3.1/../../../../arm-atollic-eabi/lib/armv7e-m/fpu/fpv5-d16\libm.a(lib_a-e_log.o)
 .ARM.attributes
                0x000007ad       0x32 c:/program files (x86)/atollic/truestudio for stm32 9.0.1/armtools/bin/../lib/gcc/arm-atollic-eabi/6.3.1/../../../../arm-atollic-eabi/lib/armv7e-m/fpu/fpv5-d16\libm.a(lib_a-e_sqrt.o)
 .ARM.attributes
                0x000007df       0x32 c:/program files (x86)/atollic/truestudio for stm32 9.0.1/armtools/bin/../lib/gcc/arm-atollic-eabi/6.3.1/../../../../arm-atollic-eabi/lib/armv7e-m/fpu/fpv5-d16\libm.a(lib_a-s_lib_ver.o)
 .ARM.attributes
                0x00000811       0x32 c:/program files (x86)/atollic/truestudio for stm32 9.0.1/armtools/bin/../lib/gcc/arm-atollic-eabi/6.3.1/../../../../arm-atollic-eabi/lib/armv7e-m/fpu/fpv5-d16\libm.a(lib_a-s_matherr.o)
 .ARM.attributes
                0x00000843       0x32 c:/program files (x86)/atollic/truestudio for stm32 9.0.1/armtools/bin/../lib/gcc/arm-atollic-eabi/6.3.1/../../../../arm-atollic-eabi/lib/armv7e-m/fpu/fpv5-d16\libm.a(lib_a-s_nan.o)
 .ARM.attributes
                0x00000875       0x32 c:/program files (x86)/atollic/truestudio for stm32 9.0.1/armtools/bin/../lib/gcc/arm-atollic-eabi/6.3.1/../../../../arm-atollic-eabi/lib/armv7e-m/fpu/fpv5-d16\libc_nano.a(lib_a-errno.o)
 .ARM.attributes
                0x000008a7       0x32 c:/program files (x86)/atollic/truestudio for stm32 9.0.1/armtools/bin/../lib/gcc/arm-atollic-eabi/6.3.1/../../../../arm-atollic-eabi/lib/armv7e-m/fpu/fpv5-d16\libc_nano.a(lib_a-impure.o)
 .ARM.attributes
                0x000008d9       0x20 c:/program files (x86)/atollic/truestudio for stm32 9.0.1/armtools/bin/../lib/gcc/arm-atollic-eabi/6.3.1/armv7e-m/fpu/fpv5-d16\libgcc.a(_aeabi_uldivmod.o)
 .ARM.attributes
                0x000008f9       0x32 c:/program files (x86)/atollic/truestudio for stm32 9.0.1/armtools/bin/../lib/gcc/arm-atollic-eabi/6.3.1/armv7e-m/fpu/fpv5-d16\libgcc.a(_udivmoddi4.o)
 .ARM.attributes
                0x0000092b       0x20 c:/program files (x86)/atollic/truestudio for stm32 9.0.1/armtools/bin/../lib/gcc/arm-atollic-eabi/6.3.1/armv7e-m/fpu/fpv5-d16\libgcc.a(_dvmd_tls.o)
 .ARM.attributes
                0x0000094b       0x20 c:/program files (x86)/atollic/truestudio for stm32 9.0.1/armtools/bin/../lib/gcc/arm-atollic-eabi/6.3.1/armv7e-m/fpu/fpv5-d16/crtn.o
OUTPUT(F767_Lapin_main.elf elf32-littlearm)

.debug_info     0x00000000    0x30501
 .debug_info    0x00000000     0x1371 Drivers\STM32F7xx_HAL_Driver\Src\stm32f7xx_hal.o
 .debug_info    0x00001371     0x19aa Drivers\STM32F7xx_HAL_Driver\Src\stm32f7xx_hal_cortex.o
 .debug_info    0x00002d1b     0x12a6 Drivers\STM32F7xx_HAL_Driver\Src\stm32f7xx_hal_dma.o
 .debug_info    0x00003fc1      0xfbe Drivers\STM32F7xx_HAL_Driver\Src\stm32f7xx_hal_gpio.o
 .debug_info    0x00004f7f     0x42c7 Drivers\STM32F7xx_HAL_Driver\Src\stm32f7xx_hal_i2c.o
 .debug_info    0x00009246     0x11b6 Drivers\STM32F7xx_HAL_Driver\Src\stm32f7xx_hal_i2c_ex.o
 .debug_info    0x0000a3fc      0xabf Drivers\STM32F7xx_HAL_Driver\Src\stm32f7xx_hal_iwdg.o
 .debug_info    0x0000aebb     0x1228 Drivers\STM32F7xx_HAL_Driver\Src\stm32f7xx_hal_pwr_ex.o
 .debug_info    0x0000c0e3     0x1389 Drivers\STM32F7xx_HAL_Driver\Src\stm32f7xx_hal_rcc.o
 .debug_info    0x0000d46c     0x108a Drivers\STM32F7xx_HAL_Driver\Src\stm32f7xx_hal_rcc_ex.o
 .debug_info    0x0000e4f6     0x3ffd Drivers\STM32F7xx_HAL_Driver\Src\stm32f7xx_hal_tim.o
 .debug_info    0x000124f3     0x2001 Drivers\STM32F7xx_HAL_Driver\Src\stm32f7xx_hal_tim_ex.o
 .debug_info    0x000144f4     0x20ae Drivers\STM32F7xx_HAL_Driver\Src\stm32f7xx_hal_uart.o
 .debug_info    0x000165a2      0xfd1 Src\DFPlayer_Mini_mp3.o
 .debug_info    0x00017573     0x1215 Src\JY901.o
 .debug_info    0x00018788     0x2731 Src\actuator.o
 .debug_info    0x0001aeb9     0x283e Src\crawler.o
 .debug_info    0x0001d6f7      0xe3f Src\dma.o
 .debug_info    0x0001e536      0xe35 Src\gpio.o
 .debug_info    0x0001f36b     0x141e Src\i2c.o
 .debug_info    0x00020789     0x1768 Src\i2c_lcd.o
 .debug_info    0x00021ef1      0xa8b Src\iwdg.o
 .debug_info    0x0002297c     0x4aa5 Src\main.o
 .debug_info    0x00027421      0xa57 Src\microsectimer.o
 .debug_info    0x00027e78      0xd03 Src\stm32f7xx_hal_msp.o
 .debug_info    0x00028b7b     0x1277 Src\stm32f7xx_it.o
 .debug_info    0x00029df2      0xf05 Src\system_stm32f7xx.o
 .debug_info    0x0002acf7     0x2645 Src\tim.o
 .debug_info    0x0002d33c     0x1780 Src\usart.o
 .debug_info    0x0002eabc     0x19a5 Src\xprintf.o
 .debug_info    0x00030461       0xa0 startup\startup_stm32f767xx.o

.debug_abbrev   0x00000000     0x5383
 .debug_abbrev  0x00000000      0x2f9 Drivers\STM32F7xx_HAL_Driver\Src\stm32f7xx_hal.o
 .debug_abbrev  0x000002f9      0x390 Drivers\STM32F7xx_HAL_Driver\Src\stm32f7xx_hal_cortex.o
 .debug_abbrev  0x00000689      0x342 Drivers\STM32F7xx_HAL_Driver\Src\stm32f7xx_hal_dma.o
 .debug_abbrev  0x000009cb      0x268 Drivers\STM32F7xx_HAL_Driver\Src\stm32f7xx_hal_gpio.o
 .debug_abbrev  0x00000c33      0x3f2 Drivers\STM32F7xx_HAL_Driver\Src\stm32f7xx_hal_i2c.o
 .debug_abbrev  0x00001025      0x209 Drivers\STM32F7xx_HAL_Driver\Src\stm32f7xx_hal_i2c_ex.o
 .debug_abbrev  0x0000122e      0x1e4 Drivers\STM32F7xx_HAL_Driver\Src\stm32f7xx_hal_iwdg.o
 .debug_abbrev  0x00001412      0x2ab Drivers\STM32F7xx_HAL_Driver\Src\stm32f7xx_hal_pwr_ex.o
 .debug_abbrev  0x000016bd      0x34a Drivers\STM32F7xx_HAL_Driver\Src\stm32f7xx_hal_rcc.o
 .debug_abbrev  0x00001a07      0x25f Drivers\STM32F7xx_HAL_Driver\Src\stm32f7xx_hal_rcc_ex.o
 .debug_abbrev  0x00001c66      0x38a Drivers\STM32F7xx_HAL_Driver\Src\stm32f7xx_hal_tim.o
 .debug_abbrev  0x00001ff0      0x35c Drivers\STM32F7xx_HAL_Driver\Src\stm32f7xx_hal_tim_ex.o
 .debug_abbrev  0x0000234c      0x3db Drivers\STM32F7xx_HAL_Driver\Src\stm32f7xx_hal_uart.o
 .debug_abbrev  0x00002727      0x22e Src\DFPlayer_Mini_mp3.o
 .debug_abbrev  0x00002955      0x2ab Src\JY901.o
 .debug_abbrev  0x00002c00      0x3bc Src\actuator.o
 .debug_abbrev  0x00002fbc      0x321 Src\crawler.o
 .debug_abbrev  0x000032dd      0x1f5 Src\dma.o
 .debug_abbrev  0x000034d2      0x1f7 Src\gpio.o
 .debug_abbrev  0x000036c9      0x239 Src\i2c.o
 .debug_abbrev  0x00003902      0x33d Src\i2c_lcd.o
 .debug_abbrev  0x00003c3f      0x1e4 Src\iwdg.o
 .debug_abbrev  0x00003e23      0x463 Src\main.o
 .debug_abbrev  0x00004286      0x1fd Src\microsectimer.o
 .debug_abbrev  0x00004483      0x1d3 Src\stm32f7xx_hal_msp.o
 .debug_abbrev  0x00004656      0x231 Src\stm32f7xx_it.o
 .debug_abbrev  0x00004887      0x1e6 Src\system_stm32f7xx.o
 .debug_abbrev  0x00004a6d      0x2a8 Src\tim.o
 .debug_abbrev  0x00004d15      0x25c Src\usart.o
 .debug_abbrev  0x00004f71      0x400 Src\xprintf.o
 .debug_abbrev  0x00005371       0x12 startup\startup_stm32f767xx.o

.debug_loc      0x00000000    0x11259
 .debug_loc     0x00000000      0x11b Drivers\STM32F7xx_HAL_Driver\Src\stm32f7xx_hal.o
 .debug_loc     0x0000011b      0x634 Drivers\STM32F7xx_HAL_Driver\Src\stm32f7xx_hal_cortex.o
 .debug_loc     0x0000074f      0x89f Drivers\STM32F7xx_HAL_Driver\Src\stm32f7xx_hal_dma.o
 .debug_loc     0x00000fee      0x43b Drivers\STM32F7xx_HAL_Driver\Src\stm32f7xx_hal_gpio.o
 .debug_loc     0x00001429     0x4fa3 Drivers\STM32F7xx_HAL_Driver\Src\stm32f7xx_hal_i2c.o
 .debug_loc     0x000063cc      0x13b Drivers\STM32F7xx_HAL_Driver\Src\stm32f7xx_hal_i2c_ex.o
 .debug_loc     0x00006507       0x8c Drivers\STM32F7xx_HAL_Driver\Src\stm32f7xx_hal_iwdg.o
 .debug_loc     0x00006593      0x257 Drivers\STM32F7xx_HAL_Driver\Src\stm32f7xx_hal_pwr_ex.o
 .debug_loc     0x000067ea      0x4c0 Drivers\STM32F7xx_HAL_Driver\Src\stm32f7xx_hal_rcc.o
 .debug_loc     0x00006caa      0x677 Drivers\STM32F7xx_HAL_Driver\Src\stm32f7xx_hal_rcc_ex.o
 .debug_loc     0x00007321     0x455e Drivers\STM32F7xx_HAL_Driver\Src\stm32f7xx_hal_tim.o
 .debug_loc     0x0000b87f     0x1875 Drivers\STM32F7xx_HAL_Driver\Src\stm32f7xx_hal_tim_ex.o
 .debug_loc     0x0000d0f4     0x1680 Drivers\STM32F7xx_HAL_Driver\Src\stm32f7xx_hal_uart.o
 .debug_loc     0x0000e774       0x5a Src\DFPlayer_Mini_mp3.o
 .debug_loc     0x0000e7ce      0x1e1 Src\JY901.o
 .debug_loc     0x0000e9af      0x774 Src\actuator.o
 .debug_loc     0x0000f123      0x7cd Src\crawler.o
 .debug_loc     0x0000f8f0       0x8d Src\i2c.o
 .debug_loc     0x0000f97d      0x4dd Src\i2c_lcd.o
 .debug_loc     0x0000fe5a      0x2bb Src\main.o
 .debug_loc     0x00010115       0x83 Src\microsectimer.o
 .debug_loc     0x00010198      0x14c Src\system_stm32f7xx.o
 .debug_loc     0x000102e4      0x1c3 Src\tim.o
 .debug_loc     0x000104a7       0xc7 Src\usart.o
 .debug_loc     0x0001056e      0xceb Src\xprintf.o

.debug_aranges  0x00000000      0xfb8
 .debug_aranges
                0x00000000      0x108 Drivers\STM32F7xx_HAL_Driver\Src\stm32f7xx_hal.o
 .debug_aranges
                0x00000108       0xa8 Drivers\STM32F7xx_HAL_Driver\Src\stm32f7xx_hal_cortex.o
 .debug_aranges
                0x000001b0       0x78 Drivers\STM32F7xx_HAL_Driver\Src\stm32f7xx_hal_dma.o
 .debug_aranges
                0x00000228       0x58 Drivers\STM32F7xx_HAL_Driver\Src\stm32f7xx_hal_gpio.o
 .debug_aranges
                0x00000280      0x1e8 Drivers\STM32F7xx_HAL_Driver\Src\stm32f7xx_hal_i2c.o
 .debug_aranges
                0x00000468       0x38 Drivers\STM32F7xx_HAL_Driver\Src\stm32f7xx_hal_i2c_ex.o
 .debug_aranges
                0x000004a0       0x28 Drivers\STM32F7xx_HAL_Driver\Src\stm32f7xx_hal_iwdg.o
 .debug_aranges
                0x000004c8       0x80 Drivers\STM32F7xx_HAL_Driver\Src\stm32f7xx_hal_pwr_ex.o
 .debug_aranges
                0x00000548       0x88 Drivers\STM32F7xx_HAL_Driver\Src\stm32f7xx_hal_rcc.o
 .debug_aranges
                0x000005d0       0x50 Drivers\STM32F7xx_HAL_Driver\Src\stm32f7xx_hal_rcc_ex.o
 .debug_aranges
                0x00000620      0x250 Drivers\STM32F7xx_HAL_Driver\Src\stm32f7xx_hal_tim.o
 .debug_aranges
                0x00000870      0x120 Drivers\STM32F7xx_HAL_Driver\Src\stm32f7xx_hal_tim_ex.o
 .debug_aranges
                0x00000990      0x140 Drivers\STM32F7xx_HAL_Driver\Src\stm32f7xx_hal_uart.o
 .debug_aranges
                0x00000ad0       0x38 Src\DFPlayer_Mini_mp3.o
 .debug_aranges
                0x00000b08       0x38 Src\JY901.o
 .debug_aranges
                0x00000b40       0x50 Src\actuator.o
 .debug_aranges
                0x00000b90       0x30 Src\crawler.o
 .debug_aranges
                0x00000bc0       0x20 Src\dma.o
 .debug_aranges
                0x00000be0       0x20 Src\gpio.o
 .debug_aranges
                0x00000c00       0x38 Src\i2c.o
 .debug_aranges
                0x00000c38       0x80 Src\i2c_lcd.o
 .debug_aranges
                0x00000cb8       0x20 Src\iwdg.o
 .debug_aranges
                0x00000cd8       0x70 Src\main.o
 .debug_aranges
                0x00000d48       0x28 Src\microsectimer.o
 .debug_aranges
                0x00000d70       0x20 Src\stm32f7xx_hal_msp.o
 .debug_aranges
                0x00000d90       0x60 Src\stm32f7xx_it.o
 .debug_aranges
                0x00000df0       0x28 Src\system_stm32f7xx.o
 .debug_aranges
                0x00000e18       0xa8 Src\tim.o
 .debug_aranges
                0x00000ec0       0x40 Src\usart.o
 .debug_aranges
                0x00000f00       0x90 Src\xprintf.o
 .debug_aranges
                0x00000f90       0x28 startup\startup_stm32f767xx.o

.debug_ranges   0x00000000     0x2698
 .debug_ranges  0x00000000       0xf8 Drivers\STM32F7xx_HAL_Driver\Src\stm32f7xx_hal.o
 .debug_ranges  0x000000f8      0x180 Drivers\STM32F7xx_HAL_Driver\Src\stm32f7xx_hal_cortex.o
 .debug_ranges  0x00000278      0x138 Drivers\STM32F7xx_HAL_Driver\Src\stm32f7xx_hal_dma.o
 .debug_ranges  0x000003b0       0x78 Drivers\STM32F7xx_HAL_Driver\Src\stm32f7xx_hal_gpio.o
 .debug_ranges  0x00000428      0xbe8 Drivers\STM32F7xx_HAL_Driver\Src\stm32f7xx_hal_i2c.o
 .debug_ranges  0x00001010       0x58 Drivers\STM32F7xx_HAL_Driver\Src\stm32f7xx_hal_i2c_ex.o
 .debug_ranges  0x00001068       0x18 Drivers\STM32F7xx_HAL_Driver\Src\stm32f7xx_hal_iwdg.o
 .debug_ranges  0x00001080      0x130 Drivers\STM32F7xx_HAL_Driver\Src\stm32f7xx_hal_pwr_ex.o
 .debug_ranges  0x000011b0      0x130 Drivers\STM32F7xx_HAL_Driver\Src\stm32f7xx_hal_rcc.o
 .debug_ranges  0x000012e0       0x60 Drivers\STM32F7xx_HAL_Driver\Src\stm32f7xx_hal_rcc_ex.o
 .debug_ranges  0x00001340      0x620 Drivers\STM32F7xx_HAL_Driver\Src\stm32f7xx_hal_tim.o
 .debug_ranges  0x00001960      0x230 Drivers\STM32F7xx_HAL_Driver\Src\stm32f7xx_hal_tim_ex.o
 .debug_ranges  0x00001b90      0x160 Drivers\STM32F7xx_HAL_Driver\Src\stm32f7xx_hal_uart.o
 .debug_ranges  0x00001cf0       0x28 Src\DFPlayer_Mini_mp3.o
 .debug_ranges  0x00001d18       0x28 Src\JY901.o
 .debug_ranges  0x00001d40      0x1f0 Src\actuator.o
 .debug_ranges  0x00001f30       0xa0 Src\crawler.o
 .debug_ranges  0x00001fd0       0x30 Src\dma.o
 .debug_ranges  0x00002000       0x50 Src\gpio.o
 .debug_ranges  0x00002050       0x28 Src\i2c.o
 .debug_ranges  0x00002078      0x168 Src\i2c_lcd.o
 .debug_ranges  0x000021e0       0x10 Src\iwdg.o
 .debug_ranges  0x000021f0      0x170 Src\main.o
 .debug_ranges  0x00002360       0x18 Src\microsectimer.o
 .debug_ranges  0x00002378       0x10 Src\stm32f7xx_hal_msp.o
 .debug_ranges  0x00002388       0x50 Src\stm32f7xx_it.o
 .debug_ranges  0x000023d8       0x18 Src\system_stm32f7xx.o
 .debug_ranges  0x000023f0      0x110 Src\tim.o
 .debug_ranges  0x00002500       0xe0 Src\usart.o
 .debug_ranges  0x000025e0       0x98 Src\xprintf.o
 .debug_ranges  0x00002678       0x20 startup\startup_stm32f767xx.o

.debug_line     0x00000000     0xc685
 .debug_line    0x00000000      0x4eb Drivers\STM32F7xx_HAL_Driver\Src\stm32f7xx_hal.o
 .debug_line    0x000004eb      0x520 Drivers\STM32F7xx_HAL_Driver\Src\stm32f7xx_hal_cortex.o
 .debug_line    0x00000a0b      0x762 Drivers\STM32F7xx_HAL_Driver\Src\stm32f7xx_hal_dma.o
 .debug_line    0x0000116d      0x4e8 Drivers\STM32F7xx_HAL_Driver\Src\stm32f7xx_hal_gpio.o
 .debug_line    0x00001655     0x1ccb Drivers\STM32F7xx_HAL_Driver\Src\stm32f7xx_hal_i2c.o
 .debug_line    0x00003320      0x3c7 Drivers\STM32F7xx_HAL_Driver\Src\stm32f7xx_hal_i2c_ex.o
 .debug_line    0x000036e7      0x30b Drivers\STM32F7xx_HAL_Driver\Src\stm32f7xx_hal_iwdg.o
 .debug_line    0x000039f2      0x46f Drivers\STM32F7xx_HAL_Driver\Src\stm32f7xx_hal_pwr_ex.o
 .debug_line    0x00003e61      0x6f4 Drivers\STM32F7xx_HAL_Driver\Src\stm32f7xx_hal_rcc.o
 .debug_line    0x00004555      0x55f Drivers\STM32F7xx_HAL_Driver\Src\stm32f7xx_hal_rcc_ex.o
 .debug_line    0x00004ab4     0x17c9 Drivers\STM32F7xx_HAL_Driver\Src\stm32f7xx_hal_tim.o
 .debug_line    0x0000627d      0xbe3 Drivers\STM32F7xx_HAL_Driver\Src\stm32f7xx_hal_tim_ex.o
 .debug_line    0x00006e60      0xe17 Drivers\STM32F7xx_HAL_Driver\Src\stm32f7xx_hal_uart.o
 .debug_line    0x00007c77      0x34a Src\DFPlayer_Mini_mp3.o
 .debug_line    0x00007fc1      0x378 Src\JY901.o
 .debug_line    0x00008339      0x719 Src\actuator.o
 .debug_line    0x00008a52      0x63f Src\crawler.o
 .debug_line    0x00009091      0x27c Src\dma.o
 .debug_line    0x0000930d      0x2c3 Src\gpio.o
 .debug_line    0x000095d0      0x381 Src\i2c.o
 .debug_line    0x00009951      0x49b Src\i2c_lcd.o
 .debug_line    0x00009dec      0x2a7 Src\iwdg.o
 .debug_line    0x0000a093      0x90e Src\main.o
 .debug_line    0x0000a9a1      0x2a3 Src\microsectimer.o
 .debug_line    0x0000ac44      0x289 Src\stm32f7xx_hal_msp.o
 .debug_line    0x0000aecd      0x372 Src\stm32f7xx_it.o
 .debug_line    0x0000b23f      0x287 Src\system_stm32f7xx.o
 .debug_line    0x0000b4c6      0x704 Src\tim.o
 .debug_line    0x0000bbca      0x439 Src\usart.o
 .debug_line    0x0000c003      0x603 Src\xprintf.o
 .debug_line    0x0000c606       0x7f startup\startup_stm32f767xx.o

.debug_str      0x00000000     0x5842
 .debug_str     0x00000000     0x1146 Drivers\STM32F7xx_HAL_Driver\Src\stm32f7xx_hal.o
                               0x11fa (size before relaxing)
 .debug_str     0x00001146      0x48e Drivers\STM32F7xx_HAL_Driver\Src\stm32f7xx_hal_cortex.o
                               0x12d5 (size before relaxing)
 .debug_str     0x000015d4      0x522 Drivers\STM32F7xx_HAL_Driver\Src\stm32f7xx_hal_dma.o
                                0xc12 (size before relaxing)
 .debug_str     0x00001af6      0x1ad Drivers\STM32F7xx_HAL_Driver\Src\stm32f7xx_hal_gpio.o
                                0x9a9 (size before relaxing)
 .debug_str     0x00001ca3      0xa29 Drivers\STM32F7xx_HAL_Driver\Src\stm32f7xx_hal_i2c.o
                               0x13a2 (size before relaxing)
 .debug_str     0x000026cc       0xc4 Drivers\STM32F7xx_HAL_Driver\Src\stm32f7xx_hal_i2c_ex.o
                                0xdad (size before relaxing)
 .debug_str     0x00002790       0xa2 Drivers\STM32F7xx_HAL_Driver\Src\stm32f7xx_hal_iwdg.o
                                0x758 (size before relaxing)
 .debug_str     0x00002832      0x21a Drivers\STM32F7xx_HAL_Driver\Src\stm32f7xx_hal_pwr_ex.o
                                0xb04 (size before relaxing)
 .debug_str     0x00002a4c      0x2de Drivers\STM32F7xx_HAL_Driver\Src\stm32f7xx_hal_rcc.o
                                0xb90 (size before relaxing)
 .debug_str     0x00002d2a      0x3fb Drivers\STM32F7xx_HAL_Driver\Src\stm32f7xx_hal_rcc_ex.o
                                0xbe5 (size before relaxing)
 .debug_str     0x00003125      0xf0f Drivers\STM32F7xx_HAL_Driver\Src\stm32f7xx_hal_tim.o
                               0x1887 (size before relaxing)
 .debug_str     0x00004034      0x636 Drivers\STM32F7xx_HAL_Driver\Src\stm32f7xx_hal_tim_ex.o
                               0x13cd (size before relaxing)
 .debug_str     0x0000466a      0x796 Drivers\STM32F7xx_HAL_Driver\Src\stm32f7xx_hal_uart.o
                               0x12bb (size before relaxing)
 .debug_str     0x00004e00       0x95 Src\DFPlayer_Mini_mp3.o
                                0xbc5 (size before relaxing)
 .debug_str     0x00004e95       0x82 Src\JY901.o
                                0xca4 (size before relaxing)
 .debug_str     0x00004f17      0x21c Src\actuator.o
                               0x1529 (size before relaxing)
 .debug_str     0x00005133       0x76 Src\crawler.o
                               0x1492 (size before relaxing)
 .debug_str     0x000051a9       0x19 Src\dma.o
                                0xdea (size before relaxing)
 .debug_str     0x000051c2       0x1b Src\gpio.o
                                0x842 (size before relaxing)
 .debug_str     0x000051dd       0x40 Src\i2c.o
                                0xdd9 (size before relaxing)
 .debug_str     0x0000521d      0x14e Src\i2c_lcd.o
                                0xd27 (size before relaxing)
 .debug_str     0x0000536b       0x1b Src\iwdg.o
                                0x70a (size before relaxing)
 .debug_str     0x00005386      0x211 Src\main.o
                               0x2589 (size before relaxing)
 .debug_str     0x00005597       0x36 Src\microsectimer.o
                                0x6e3 (size before relaxing)
 .debug_str     0x000055cd       0x1b Src\stm32f7xx_hal_msp.o
                                0xce2 (size before relaxing)
 .debug_str     0x000055e8       0xf3 Src\stm32f7xx_it.o
                                0xe6b (size before relaxing)
 .debug_str     0x000056db       0x45 Src\system_stm32f7xx.o
                                0x8d6 (size before relaxing)
 .debug_str     0x00005720       0x5a Src\tim.o
                               0x175b (size before relaxing)
 .debug_str     0x0000577a       0x1a Src\usart.o
                               0x1435 (size before relaxing)
 .debug_str     0x00005794       0xae Src\xprintf.o
                                0xf04 (size before relaxing)

.comment        0x00000000       0x7c
 .comment       0x00000000       0x7c Drivers\STM32F7xx_HAL_Driver\Src\stm32f7xx_hal.o
                                 0x7d (size before relaxing)
 .comment       0x0000007c       0x7d Drivers\STM32F7xx_HAL_Driver\Src\stm32f7xx_hal_cortex.o
 .comment       0x0000007c       0x7d Drivers\STM32F7xx_HAL_Driver\Src\stm32f7xx_hal_dma.o
 .comment       0x0000007c       0x7d Drivers\STM32F7xx_HAL_Driver\Src\stm32f7xx_hal_gpio.o
 .comment       0x0000007c       0x7d Drivers\STM32F7xx_HAL_Driver\Src\stm32f7xx_hal_i2c.o
 .comment       0x0000007c       0x7d Drivers\STM32F7xx_HAL_Driver\Src\stm32f7xx_hal_i2c_ex.o
 .comment       0x0000007c       0x7d Drivers\STM32F7xx_HAL_Driver\Src\stm32f7xx_hal_iwdg.o
 .comment       0x0000007c       0x7d Drivers\STM32F7xx_HAL_Driver\Src\stm32f7xx_hal_pwr_ex.o
 .comment       0x0000007c       0x7d Drivers\STM32F7xx_HAL_Driver\Src\stm32f7xx_hal_rcc.o
 .comment       0x0000007c       0x7d Drivers\STM32F7xx_HAL_Driver\Src\stm32f7xx_hal_rcc_ex.o
 .comment       0x0000007c       0x7d Drivers\STM32F7xx_HAL_Driver\Src\stm32f7xx_hal_tim.o
 .comment       0x0000007c       0x7d Drivers\STM32F7xx_HAL_Driver\Src\stm32f7xx_hal_tim_ex.o
 .comment       0x0000007c       0x7d Drivers\STM32F7xx_HAL_Driver\Src\stm32f7xx_hal_uart.o
 .comment       0x0000007c       0x7d Src\DFPlayer_Mini_mp3.o
 .comment       0x0000007c       0x7d Src\JY901.o
 .comment       0x0000007c       0x7d Src\actuator.o
 .comment       0x0000007c       0x7d Src\crawler.o
 .comment       0x0000007c       0x7d Src\dma.o
 .comment       0x0000007c       0x7d Src\gpio.o
 .comment       0x0000007c       0x7d Src\i2c.o
 .comment       0x0000007c       0x7d Src\i2c_lcd.o
 .comment       0x0000007c       0x7d Src\iwdg.o
 .comment       0x0000007c       0x7d Src\main.o
 .comment       0x0000007c       0x7d Src\microsectimer.o
 .comment       0x0000007c       0x7d Src\stm32f7xx_hal_msp.o
 .comment       0x0000007c       0x7d Src\stm32f7xx_it.o
 .comment       0x0000007c       0x7d Src\system_stm32f7xx.o
 .comment       0x0000007c       0x7d Src\tim.o
 .comment       0x0000007c       0x7d Src\usart.o
 .comment       0x0000007c       0x7d Src\xprintf.o

.debug_frame    0x00000000     0x36cc
 .debug_frame   0x00000000      0x22c Drivers\STM32F7xx_HAL_Driver\Src\stm32f7xx_hal.o
 .debug_frame   0x0000022c      0x198 Drivers\STM32F7xx_HAL_Driver\Src\stm32f7xx_hal_cortex.o
 .debug_frame   0x000003c4      0x18c Drivers\STM32F7xx_HAL_Driver\Src\stm32f7xx_hal_dma.o
 .debug_frame   0x00000550       0xd8 Drivers\STM32F7xx_HAL_Driver\Src\stm32f7xx_hal_gpio.o
 .debug_frame   0x00000628      0x850 Drivers\STM32F7xx_HAL_Driver\Src\stm32f7xx_hal_i2c.o
 .debug_frame   0x00000e78       0x80 Drivers\STM32F7xx_HAL_Driver\Src\stm32f7xx_hal_i2c_ex.o
 .debug_frame   0x00000ef8       0x50 Drivers\STM32F7xx_HAL_Driver\Src\stm32f7xx_hal_iwdg.o
 .debug_frame   0x00000f48      0x15c Drivers\STM32F7xx_HAL_Driver\Src\stm32f7xx_hal_pwr_ex.o
 .debug_frame   0x000010a4      0x178 Drivers\STM32F7xx_HAL_Driver\Src\stm32f7xx_hal_rcc.o
 .debug_frame   0x0000121c       0xd4 Drivers\STM32F7xx_HAL_Driver\Src\stm32f7xx_hal_rcc_ex.o
 .debug_frame   0x000012f0      0x964 Drivers\STM32F7xx_HAL_Driver\Src\stm32f7xx_hal_tim.o
 .debug_frame   0x00001c54      0x4b4 Drivers\STM32F7xx_HAL_Driver\Src\stm32f7xx_hal_tim_ex.o
 .debug_frame   0x00002108      0x4cc Drivers\STM32F7xx_HAL_Driver\Src\stm32f7xx_hal_uart.o
 .debug_frame   0x000025d4       0x8c Src\DFPlayer_Mini_mp3.o
 .debug_frame   0x00002660       0x90 Src\JY901.o
 .debug_frame   0x000026f0      0x138 Src\actuator.o
 .debug_frame   0x00002828       0xe8 Src\crawler.o
 .debug_frame   0x00002910       0x30 Src\dma.o
 .debug_frame   0x00002940       0x34 Src\gpio.o
 .debug_frame   0x00002974       0x94 Src\i2c.o
 .debug_frame   0x00002a08      0x1d4 Src\i2c_lcd.o
 .debug_frame   0x00002bdc       0x2c Src\iwdg.o
 .debug_frame   0x00002c08      0x1ac Src\main.o
 .debug_frame   0x00002db4       0x4c Src\microsectimer.o
 .debug_frame   0x00002e00       0x2c Src\stm32f7xx_hal_msp.o
 .debug_frame   0x00002e2c       0xdc Src\stm32f7xx_it.o
 .debug_frame   0x00002f08       0x40 Src\system_stm32f7xx.o
 .debug_frame   0x00002f48      0x2a4 Src\tim.o
 .debug_frame   0x000031ec       0xc0 Src\usart.o
 .debug_frame   0x000032ac      0x258 Src\xprintf.o
 .debug_frame   0x00003504       0x2c c:/program files (x86)/atollic/truestudio for stm32 9.0.1/armtools/bin/../lib/gcc/arm-atollic-eabi/6.3.1/../../../../arm-atollic-eabi/lib/armv7e-m/fpu/fpv5-d16\libc_nano.a(lib_a-init.o)
 .debug_frame   0x00003530       0x3c c:/program files (x86)/atollic/truestudio for stm32 9.0.1/armtools/bin/../lib/gcc/arm-atollic-eabi/6.3.1/../../../../arm-atollic-eabi/lib/armv7e-m/fpu/fpv5-d16\libm.a(lib_a-w_log.o)
 .debug_frame   0x0000356c       0x40 c:/program files (x86)/atollic/truestudio for stm32 9.0.1/armtools/bin/../lib/gcc/arm-atollic-eabi/6.3.1/../../../../arm-atollic-eabi/lib/armv7e-m/fpu/fpv5-d16\libm.a(lib_a-w_sqrt.o)
 .debug_frame   0x000035ac       0x30 c:/program files (x86)/atollic/truestudio for stm32 9.0.1/armtools/bin/../lib/gcc/arm-atollic-eabi/6.3.1/../../../../arm-atollic-eabi/lib/armv7e-m/fpu/fpv5-d16\libm.a(lib_a-e_log.o)
 .debug_frame   0x000035dc       0x30 c:/program files (x86)/atollic/truestudio for stm32 9.0.1/armtools/bin/../lib/gcc/arm-atollic-eabi/6.3.1/../../../../arm-atollic-eabi/lib/armv7e-m/fpu/fpv5-d16\libm.a(lib_a-e_sqrt.o)
 .debug_frame   0x0000360c       0x20 c:/program files (x86)/atollic/truestudio for stm32 9.0.1/armtools/bin/../lib/gcc/arm-atollic-eabi/6.3.1/../../../../arm-atollic-eabi/lib/armv7e-m/fpu/fpv5-d16\libm.a(lib_a-s_matherr.o)
 .debug_frame   0x0000362c       0x20 c:/program files (x86)/atollic/truestudio for stm32 9.0.1/armtools/bin/../lib/gcc/arm-atollic-eabi/6.3.1/../../../../arm-atollic-eabi/lib/armv7e-m/fpu/fpv5-d16\libm.a(lib_a-s_nan.o)
 .debug_frame   0x0000364c       0x20 c:/program files (x86)/atollic/truestudio for stm32 9.0.1/armtools/bin/../lib/gcc/arm-atollic-eabi/6.3.1/../../../../arm-atollic-eabi/lib/armv7e-m/fpu/fpv5-d16\libc_nano.a(lib_a-errno.o)
 .debug_frame   0x0000366c       0x2c c:/program files (x86)/atollic/truestudio for stm32 9.0.1/armtools/bin/../lib/gcc/arm-atollic-eabi/6.3.1/armv7e-m/fpu/fpv5-d16\libgcc.a(_aeabi_uldivmod.o)
 .debug_frame   0x00003698       0x34 c:/program files (x86)/atollic/truestudio for stm32 9.0.1/armtools/bin/../lib/gcc/arm-atollic-eabi/6.3.1/armv7e-m/fpu/fpv5-d16\libgcc.a(_udivmoddi4.o)
