Archive member included to satisfy reference by file (symbol)

c:/program files (x86)/atollic/truestudio for stm32 9.0.0/armtools/bin/../lib/gcc/arm-atollic-eabi/6.3.1/../../../../arm-atollic-eabi/lib/armv7e-m/fpu/fpv5-d16\libc_nano.a(lib_a-init.o)
                              startup\startup_stm32f767xx.o (__libc_init_array)
c:/program files (x86)/atollic/truestudio for stm32 9.0.0/armtools/bin/../lib/gcc/arm-atollic-eabi/6.3.1/../../../../arm-atollic-eabi/lib/armv7e-m/fpu/fpv5-d16\libc_nano.a(lib_a-memcpy-stub.o)
                              Middlewares\Third_Party\FreeRTOS\Source\queue.o (memcpy)
c:/program files (x86)/atollic/truestudio for stm32 9.0.0/armtools/bin/../lib/gcc/arm-atollic-eabi/6.3.1/armv7e-m/fpu/fpv5-d16\libgcc.a(_aeabi_uldivmod.o)
                              Drivers\STM32F7xx_HAL_Driver\Src\stm32f7xx_hal_rcc.o (__aeabi_uldivmod)
c:/program files (x86)/atollic/truestudio for stm32 9.0.0/armtools/bin/../lib/gcc/arm-atollic-eabi/6.3.1/armv7e-m/fpu/fpv5-d16\libgcc.a(_udivmoddi4.o)
                              c:/program files (x86)/atollic/truestudio for stm32 9.0.0/armtools/bin/../lib/gcc/arm-atollic-eabi/6.3.1/armv7e-m/fpu/fpv5-d16\libgcc.a(_aeabi_uldivmod.o) (__udivmoddi4)
c:/program files (x86)/atollic/truestudio for stm32 9.0.0/armtools/bin/../lib/gcc/arm-atollic-eabi/6.3.1/armv7e-m/fpu/fpv5-d16\libgcc.a(_dvmd_tls.o)
                              c:/program files (x86)/atollic/truestudio for stm32 9.0.0/armtools/bin/../lib/gcc/arm-atollic-eabi/6.3.1/armv7e-m/fpu/fpv5-d16\libgcc.a(_aeabi_uldivmod.o) (__aeabi_ldiv0)

Allocating common symbols
Common symbol       size              file

defaultTaskHandle   0x4               Src\freertos.o
xfunc_in            0x4               Src\xprintf.o
xfunc_out           0x4               Src\xprintf.o
uwTick              0x4               Drivers\STM32F7xx_HAL_Driver\Src\stm32f7xx_hal.o
xQueueRegistry      0x40              Middlewares\Third_Party\FreeRTOS\Source\queue.o
pFlash              0x1c              Drivers\STM32F7xx_HAL_Driver\Src\stm32f7xx_hal_flash.o
UsonicHandle        0x4               Src\freertos.o
flug                0x1               Src\freertos.o
huart_xprintf       0x4               Src\freertos.o
huart1              0x70              Src\usart.o
count               0x4               Src\freertos.o
huart2              0x70              Src\usart.o
htim7               0x40              Src\stm32f7xx_hal_timebase_TIM.o

Discarded input sections

 .text          0x00000000        0x0 c:/program files (x86)/atollic/truestudio for stm32 9.0.0/armtools/bin/../lib/gcc/arm-atollic-eabi/6.3.1/armv7e-m/fpu/fpv5-d16/crti.o
 .data          0x00000000        0x0 c:/program files (x86)/atollic/truestudio for stm32 9.0.0/armtools/bin/../lib/gcc/arm-atollic-eabi/6.3.1/armv7e-m/fpu/fpv5-d16/crti.o
 .bss           0x00000000        0x0 c:/program files (x86)/atollic/truestudio for stm32 9.0.0/armtools/bin/../lib/gcc/arm-atollic-eabi/6.3.1/armv7e-m/fpu/fpv5-d16/crti.o
 .data          0x00000000        0x4 c:/program files (x86)/atollic/truestudio for stm32 9.0.0/armtools/bin/../lib/gcc/arm-atollic-eabi/6.3.1/armv7e-m/fpu/fpv5-d16/crtbegin.o
 .text          0x00000000        0x0 Drivers\STM32F7xx_HAL_Driver\Src\stm32f7xx_hal.o
 .data          0x00000000        0x0 Drivers\STM32F7xx_HAL_Driver\Src\stm32f7xx_hal.o
 .bss           0x00000000        0x0 Drivers\STM32F7xx_HAL_Driver\Src\stm32f7xx_hal.o
 .text.HAL_MspInit
                0x00000000        0x2 Drivers\STM32F7xx_HAL_Driver\Src\stm32f7xx_hal.o
 .text.HAL_MspDeInit
                0x00000000        0x2 Drivers\STM32F7xx_HAL_Driver\Src\stm32f7xx_hal.o
 .text.HAL_DeInit
                0x00000000       0x2c Drivers\STM32F7xx_HAL_Driver\Src\stm32f7xx_hal.o
 .text.HAL_InitTick
                0x00000000       0x48 Drivers\STM32F7xx_HAL_Driver\Src\stm32f7xx_hal.o
 .text.HAL_GetTickPrio
                0x00000000        0xc Drivers\STM32F7xx_HAL_Driver\Src\stm32f7xx_hal.o
 .text.HAL_SetTickFreq
                0x00000000       0x24 Drivers\STM32F7xx_HAL_Driver\Src\stm32f7xx_hal.o
 .text.HAL_GetTickFreq
                0x00000000        0xc Drivers\STM32F7xx_HAL_Driver\Src\stm32f7xx_hal.o
 .text.HAL_Delay
                0x00000000       0x24 Drivers\STM32F7xx_HAL_Driver\Src\stm32f7xx_hal.o
 .text.HAL_SuspendTick
                0x00000000       0x10 Drivers\STM32F7xx_HAL_Driver\Src\stm32f7xx_hal.o
 .text.HAL_ResumeTick
                0x00000000       0x10 Drivers\STM32F7xx_HAL_Driver\Src\stm32f7xx_hal.o
 .text.HAL_GetHalVersion
                0x00000000        0x8 Drivers\STM32F7xx_HAL_Driver\Src\stm32f7xx_hal.o
 .text.HAL_GetREVID
                0x00000000        0xc Drivers\STM32F7xx_HAL_Driver\Src\stm32f7xx_hal.o
 .text.HAL_GetDEVID
                0x00000000       0x10 Drivers\STM32F7xx_HAL_Driver\Src\stm32f7xx_hal.o
 .text.HAL_GetUIDw0
                0x00000000        0xc Drivers\STM32F7xx_HAL_Driver\Src\stm32f7xx_hal.o
 .text.HAL_GetUIDw1
[...]
Memory Configuration

Name             Origin             Length             Attributes
RAM              0x20000000         0x00080000         xrw
FLASH            0x08000000         0x00200000         xr
*default*        0x00000000         0xffffffff

Linker script and memory map

LOAD c:/program files (x86)/atollic/truestudio for stm32 9.0.0/armtools/bin/../lib/gcc/arm-atollic-eabi/6.3.1/armv7e-m/fpu/fpv5-d16/crti.o
LOAD c:/program files (x86)/atollic/truestudio for stm32 9.0.0/armtools/bin/../lib/gcc/arm-atollic-eabi/6.3.1/armv7e-m/fpu/fpv5-d16/crtbegin.o
LOAD Drivers\STM32F7xx_HAL_Driver\Src\stm32f7xx_hal.o
LOAD Drivers\STM32F7xx_HAL_Driver\Src\stm32f7xx_hal_cortex.o
LOAD Drivers\STM32F7xx_HAL_Driver\Src\stm32f7xx_hal_dma.o
LOAD Drivers\STM32F7xx_HAL_Driver\Src\stm32f7xx_hal_dma_ex.o
LOAD Drivers\STM32F7xx_HAL_Driver\Src\stm32f7xx_hal_flash.o
LOAD Drivers\STM32F7xx_HAL_Driver\Src\stm32f7xx_hal_flash_ex.o
LOAD Drivers\STM32F7xx_HAL_Driver\Src\stm32f7xx_hal_gpio.o
LOAD Drivers\STM32F7xx_HAL_Driver\Src\stm32f7xx_hal_i2c.o
LOAD Drivers\STM32F7xx_HAL_Driver\Src\stm32f7xx_hal_i2c_ex.o
LOAD Drivers\STM32F7xx_HAL_Driver\Src\stm32f7xx_hal_pwr.o
LOAD Drivers\STM32F7xx_HAL_Driver\Src\stm32f7xx_hal_pwr_ex.o
LOAD Drivers\STM32F7xx_HAL_Driver\Src\stm32f7xx_hal_rcc.o
LOAD Drivers\STM32F7xx_HAL_Driver\Src\stm32f7xx_hal_rcc_ex.o
LOAD Drivers\STM32F7xx_HAL_Driver\Src\stm32f7xx_hal_tim.o
LOAD Drivers\STM32F7xx_HAL_Driver\Src\stm32f7xx_hal_tim_ex.o
LOAD Drivers\STM32F7xx_HAL_Driver\Src\stm32f7xx_hal_uart.o
LOAD Middlewares\Third_Party\FreeRTOS\Source\CMSIS_RTOS\cmsis_os.o
LOAD Middlewares\Third_Party\FreeRTOS\Source\croutine.o
LOAD Middlewares\Third_Party\FreeRTOS\Source\event_groups.o
LOAD Middlewares\Third_Party\FreeRTOS\Source\list.o
LOAD Middlewares\Third_Party\FreeRTOS\Source\portable\GCC\ARM_CM7\r0p1\port.o
LOAD Middlewares\Third_Party\FreeRTOS\Source\portable\MemMang\heap_4.o
LOAD Middlewares\Third_Party\FreeRTOS\Source\queue.o
LOAD Middlewares\Third_Party\FreeRTOS\Source\tasks.o
LOAD Middlewares\Third_Party\FreeRTOS\Source\timers.o
LOAD Src\freertos.o
LOAD Src\gpio.o
LOAD Src\main.o
LOAD Src\microsectimer.o
LOAD Src\stm32f7xx_hal_msp.o
LOAD Src\stm32f7xx_hal_timebase_TIM.o
LOAD Src\stm32f7xx_it.o
LOAD Src\system_stm32f7xx.o
LOAD Src\usart.o
LOAD Src\xprintf.o
LOAD startup\startup_stm32f767xx.o
                0x00000080                malloc_getpagesize_P = 0x80
START GROUP
LOAD c:/program files (x86)/atollic/truestudio for stm32 9.0.0/armtools/bin/../lib/gcc/arm-atollic-eabi/6.3.1/../../../../arm-atollic-eabi/lib/armv7e-m/fpu/fpv5-d16\libc_nano.a
LOAD c:/program files (x86)/atollic/truestudio for stm32 9.0.0/armtools/bin/../lib/gcc/arm-atollic-eabi/6.3.1/../../../../arm-atollic-eabi/lib/armv7e-m/fpu/fpv5-d16\libm.a
END GROUP
START GROUP
LOAD c:/program files (x86)/atollic/truestudio for stm32 9.0.0/armtools/bin/../lib/gcc/arm-atollic-eabi/6.3.1/armv7e-m/fpu/fpv5-d16\libgcc.a
LOAD c:/program files (x86)/atollic/truestudio for stm32 9.0.0/armtools/bin/../lib/gcc/arm-atollic-eabi/6.3.1/../../../../arm-atollic-eabi/lib/armv7e-m/fpu/fpv5-d16\libc_nano.a
END GROUP
START GROUP
LOAD c:/program files (x86)/atollic/truestudio for stm32 9.0.0/armtools/bin/../lib/gcc/arm-atollic-eabi/6.3.1/armv7e-m/fpu/fpv5-d16\libgcc.a
LOAD c:/program files (x86)/atollic/truestudio for stm32 9.0.0/armtools/bin/../lib/gcc/arm-atollic-eabi/6.3.1/../../../../arm-atollic-eabi/lib/armv7e-m/fpu/fpv5-d16\libc_nano.a
LOAD c:/program files (x86)/atollic/truestudio for stm32 9.0.0/armtools/bin/../lib/gcc/arm-atollic-eabi/6.3.1/../../../../arm-atollic-eabi/lib/armv7e-m/fpu/fpv5-d16\libnosys.a
END GROUP
START GROUP
LOAD c:/program files (x86)/atollic/truestudio for stm32 9.0.0/armtools/bin/../lib/gcc/arm-atollic-eabi/6.3.1/armv7e-m/fpu/fpv5-d16\libgcc.a
LOAD c:/program files (x86)/atollic/truestudio for stm32 9.0.0/armtools/bin/../lib/gcc/arm-atollic-eabi/6.3.1/../../../../arm-atollic-eabi/lib/armv7e-m/fpu/fpv5-d16\libc_nano.a
LOAD c:/program files (x86)/atollic/truestudio for stm32 9.0.0/armtools/bin/../lib/gcc/arm-atollic-eabi/6.3.1/../../../../arm-atollic-eabi/lib/armv7e-m/fpu/fpv5-d16\libnosys.a
END GROUP
LOAD c:/program files (x86)/atollic/truestudio for stm32 9.0.0/armtools/bin/../lib/gcc/arm-atollic-eabi/6.3.1/armv7e-m/fpu/fpv5-d16/crtend.o
LOAD c:/program files (x86)/atollic/truestudio for stm32 9.0.0/armtools/bin/../lib/gcc/arm-atollic-eabi/6.3.1/armv7e-m/fpu/fpv5-d16/crtn.o
                0x20080000                _estack = 0x20080000
                0x00000400                _Min_Heap_Size = 0x400
                0x00000800                _Min_Stack_Size = 0x800

.isr_vector     0x08000000      0x1f8
                0x08000000                . = ALIGN (0x4)
 *(.isr_vector)
 .isr_vector    0x08000000      0x1f8 startup\startup_stm32f767xx.o
                0x08000000                g_pfnVectors
                0x080001f8                . = ALIGN (0x4)

.text           0x08000200     0x2d48
                0x08000200                . = ALIGN (0x4)
 *(.text)
 .text          0x08000200       0x40 c:/program files (x86)/atollic/truestudio for stm32 9.0.0/armtools/bin/../lib/gcc/arm-atollic-eabi/6.3.1/armv7e-m/fpu/fpv5-d16/crtbegin.o
 .text          0x08000240       0x30 c:/program files (x86)/atollic/truestudio for stm32 9.0.0/armtools/bin/../lib/gcc/arm-atollic-eabi/6.3.1/armv7e-m/fpu/fpv5-d16\libgcc.a(_aeabi_uldivmod.o)
                0x08000240                __aeabi_uldivmod
 .text          0x08000270      0x2dc c:/program files (x86)/atollic/truestudio for stm32 9.0.0/armtools/bin/../lib/gcc/arm-atollic-eabi/6.3.1/armv7e-m/fpu/fpv5-d16\libgcc.a(_udivmoddi4.o)
                0x08000270                __udivmoddi4
 .text          0x0800054c        0x4 c:/program files (x86)/atollic/truestudio for stm32 9.0.0/armtools/bin/../lib/gcc/arm-atollic-eabi/6.3.1/armv7e-m/fpu/fpv5-d16\libgcc.a(_dvmd_tls.o)
                0x0800054c                __aeabi_idiv0
                0x0800054c                __aeabi_ldiv0
 *(.text*)
 .text.HAL_Init
                0x08000550       0x24 Drivers\STM32F7xx_HAL_Driver\Src\stm32f7xx_hal.o
                0x08000550                HAL_Init
 .text.HAL_IncTick
                0x08000574       0x18 Drivers\STM32F7xx_HAL_Driver\Src\stm32f7xx_hal.o
                0x08000574                HAL_IncTick
 .text.HAL_GetTick
                0x0800058c        0xc Drivers\STM32F7xx_HAL_Driver\Src\stm32f7xx_hal.o
                0x0800058c                HAL_GetTick
 .text.HAL_NVIC_SetPriorityGrouping
                0x08000598       0x24 Drivers\STM32F7xx_HAL_Driver\Src\stm32f7xx_hal_cortex.o
                0x08000598                HAL_NVIC_SetPriorityGrouping
 .text.HAL_NVIC_SetPriority
                0x080005bc       0x70 Drivers\STM32F7xx_HAL_Driver\Src\stm32f7xx_hal_cortex.o
                0x080005bc                HAL_NVIC_SetPriority
 .text.HAL_NVIC_EnableIRQ
                0x0800062c       0x18 Drivers\STM32F7xx_HAL_Driver\Src\stm32f7xx_hal_cortex.o
                0x0800062c                HAL_NVIC_EnableIRQ
 .text.HAL_SYSTICK_Config
                0x08000644       0x2c Drivers\STM32F7xx_HAL_Driver\Src\stm32f7xx_hal_cortex.o
                0x08000644                HAL_SYSTICK_Config
 .text.HAL_SYSTICK_CLKSourceConfig
                0x08000670       0x18 Drivers\STM32F7xx_HAL_Driver\Src\stm32f7xx_hal_cortex.o
                0x08000670                HAL_SYSTICK_CLKSourceConfig
 .text.HAL_GPIO_Init
                0x08000688      0x1d4 Drivers\STM32F7xx_HAL_Driver\Src\stm32f7xx_hal_gpio.o
                0x08000688                HAL_GPIO_Init
 .text.HAL_GPIO_WritePin
                0x0800085c        0xa Drivers\STM32F7xx_HAL_Driver\Src\stm32f7xx_hal_gpio.o
                0x0800085c                HAL_GPIO_WritePin
 .text.HAL_GPIO_TogglePin
                0x08000866        0x8 Drivers\STM32F7xx_HAL_Driver\Src\stm32f7xx_hal_gpio.o
                0x08000866                HAL_GPIO_TogglePin
 *fill*         0x0800086e        0x2 
 .text.HAL_PWREx_EnableOverDrive
                0x08000870       0x70 Drivers\STM32F7xx_HAL_Driver\Src\stm32f7xx_hal_pwr_ex.o
                0x08000870                HAL_PWREx_EnableOverDrive
 .text.HAL_RCC_OscConfig
                0x080008e0      0x328 Drivers\STM32F7xx_HAL_Driver\Src\stm32f7xx_hal_rcc.o
                0x080008e0                HAL_RCC_OscConfig
 .text.HAL_RCC_GetSysClockFreq
                0x08000c08       0x5c Drivers\STM32F7xx_HAL_Driver\Src\stm32f7xx_hal_rcc.o
                0x08000c08                HAL_RCC_GetSysClockFreq
 .text.HAL_RCC_ClockConfig
                0x08000c64      0x13c Drivers\STM32F7xx_HAL_Driver\Src\stm32f7xx_hal_rcc.o
                0x08000c64                HAL_RCC_ClockConfig
 .text.HAL_RCC_GetHCLKFreq
                0x08000da0        0xc Drivers\STM32F7xx_HAL_Driver\Src\stm32f7xx_hal_rcc.o
                0x08000da0                HAL_RCC_GetHCLKFreq
 .text.HAL_RCC_GetPCLK1Freq
                0x08000dac       0x20 Drivers\STM32F7xx_HAL_Driver\Src\stm32f7xx_hal_rcc.o
                0x08000dac                HAL_RCC_GetPCLK1Freq
 .text.HAL_RCC_GetPCLK2Freq
                0x08000dcc       0x20 Drivers\STM32F7xx_HAL_Driver\Src\stm32f7xx_hal_rcc.o
                0x08000dcc                HAL_RCC_GetPCLK2Freq
 .text.HAL_RCC_GetClockConfig
                0x08000dec       0x3c Drivers\STM32F7xx_HAL_Driver\Src\stm32f7xx_hal_rcc.o
                0x08000dec                HAL_RCC_GetClockConfig
 .text.HAL_RCCEx_PeriphCLKConfig
                0x08000e28      0x55c Drivers\STM32F7xx_HAL_Driver\Src\stm32f7xx_hal_rcc_ex.o
                0x08000e28                HAL_RCCEx_PeriphCLKConfig
 .text.HAL_TIM_Base_MspInit
                0x08001384        0x2 Drivers\STM32F7xx_HAL_Driver\Src\stm32f7xx_hal_tim.o
                0x08001384                HAL_TIM_Base_MspInit
 .text.HAL_TIM_Base_Start_IT
                0x08001386       0x16 Drivers\STM32F7xx_HAL_Driver\Src\stm32f7xx_hal_tim.o
                0x08001386                HAL_TIM_Base_Start_IT
 .text.HAL_TIM_OC_DelayElapsedCallback
                0x0800139c        0x2 Drivers\STM32F7xx_HAL_Driver\Src\stm32f7xx_hal_tim.o
                0x0800139c                HAL_TIM_OC_DelayElapsedCallback
 .text.HAL_TIM_IC_CaptureCallback
                0x0800139e        0x2 Drivers\STM32F7xx_HAL_Driver\Src\stm32f7xx_hal_tim.o
                0x0800139e                HAL_TIM_IC_CaptureCallback
 .text.HAL_TIM_PWM_PulseFinishedCallback
                0x080013a0        0x2 Drivers\STM32F7xx_HAL_Driver\Src\stm32f7xx_hal_tim.o
                0x080013a0                HAL_TIM_PWM_PulseFinishedCallback
 .text.HAL_TIM_TriggerCallback
                0x080013a2        0x2 Drivers\STM32F7xx_HAL_Driver\Src\stm32f7xx_hal_tim.o
                0x080013a2                HAL_TIM_TriggerCallback
 .text.HAL_TIM_IRQHandler
                0x080013a4      0x160 Drivers\STM32F7xx_HAL_Driver\Src\stm32f7xx_hal_tim.o
                0x080013a4                HAL_TIM_IRQHandler
 .text.TIM_Base_SetConfig
                0x08001504       0xd0 Drivers\STM32F7xx_HAL_Driver\Src\stm32f7xx_hal_tim.o
                0x08001504                TIM_Base_SetConfig
 .text.HAL_TIM_Base_Init
                0x080015d4       0x34 Drivers\STM32F7xx_HAL_Driver\Src\stm32f7xx_hal_tim.o
                0x080015d4                HAL_TIM_Base_Init
 .text.HAL_TIMEx_CommutationCallback
                0x08001608        0x2 Drivers\STM32F7xx_HAL_Driver\Src\stm32f7xx_hal_tim_ex.o
                0x08001608                HAL_TIMEx_CommutationCallback
 .text.HAL_TIMEx_BreakCallback
                0x0800160a        0x2 Drivers\STM32F7xx_HAL_Driver\Src\stm32f7xx_hal_tim_ex.o
                0x0800160a                HAL_TIMEx_BreakCallback
 .text.UART_WaitOnFlagUntilTimeout
                0x0800160c       0x62 Drivers\STM32F7xx_HAL_Driver\Src\stm32f7xx_hal_uart.o
                0x0800160c                UART_WaitOnFlagUntilTimeout
 .text.HAL_UART_Transmit
                0x0800166e       0xb2 Drivers\STM32F7xx_HAL_Driver\Src\stm32f7xx_hal_uart.o
                0x0800166e                HAL_UART_Transmit
 .text.UART_SetConfig
                0x08001720      0x290 Drivers\STM32F7xx_HAL_Driver\Src\stm32f7xx_hal_uart.o
                0x08001720                UART_SetConfig
 .text.UART_AdvFeatureConfig
                0x080019b0       0xaa Drivers\STM32F7xx_HAL_Driver\Src\stm32f7xx_hal_uart.o
                0x080019b0                UART_AdvFeatureConfig
 .text.UART_CheckIdleState
                0x08001a5a       0x44 Drivers\STM32F7xx_HAL_Driver\Src\stm32f7xx_hal_uart.o
                0x08001a5a                UART_CheckIdleState
 .text.HAL_UART_Init
                0x08001a9e       0x64 Drivers\STM32F7xx_HAL_Driver\Src\stm32f7xx_hal_uart.o
                0x08001a9e                HAL_UART_Init
 .text.osKernelStart
                0x08001b02        0xa Middlewares\Third_Party\FreeRTOS\Source\CMSIS_RTOS\cmsis_os.o
                0x08001b02                osKernelStart
 .text.osThreadCreate
                0x08001b0c       0x30 Middlewares\Third_Party\FreeRTOS\Source\CMSIS_RTOS\cmsis_os.o
                0x08001b0c                osThreadCreate
 .text.osSignalWait
                0x08001b3c       0x48 Middlewares\Third_Party\FreeRTOS\Source\CMSIS_RTOS\cmsis_os.o
                0x08001b3c                osSignalWait
 .text.osSystickHandler
                0x08001b84       0x14 Middlewares\Third_Party\FreeRTOS\Source\CMSIS_RTOS\cmsis_os.o
                0x08001b84                osSystickHandler
 .text.vListInitialise
                0x08001b98       0x16 Middlewares\Third_Party\FreeRTOS\Source\list.o
                0x08001b98                vListInitialise
 .text.vListInitialiseItem
                0x08001bae        0x6 Middlewares\Third_Party\FreeRTOS\Source\list.o
                0x08001bae                vListInitialiseItem
 .text.vListInsertEnd
                0x08001bb4       0x18 Middlewares\Third_Party\FreeRTOS\Source\list.o
                0x08001bb4                vListInsertEnd
 .text.vListInsert
                0x08001bcc       0x2e Middlewares\Third_Party\FreeRTOS\Source\list.o
                0x08001bcc                vListInsert
 .text.uxListRemove
                0x08001bfa       0x20 Middlewares\Third_Party\FreeRTOS\Source\list.o
                0x08001bfa                uxListRemove
 *fill*         0x08001c1a        0x2 
 .text.prvTaskExitError
                0x08001c1c       0x38 Middlewares\Third_Party\FreeRTOS\Source\portable\GCC\ARM_CM7\r0p1\port.o
 .text.prvPortStartFirstTask
                0x08001c54       0x20 Middlewares\Third_Party\FreeRTOS\Source\portable\GCC\ARM_CM7\r0p1\port.o
 .text.vPortEnableVFP
                0x08001c74       0x14 Middlewares\Third_Party\FreeRTOS\Source\portable\GCC\ARM_CM7\r0p1\port.o
 .text.pxPortInitialiseStack
                0x08001c88       0x24 Middlewares\Third_Party\FreeRTOS\Source\portable\GCC\ARM_CM7\r0p1\port.o
                0x08001c88                pxPortInitialiseStack
 *fill*         0x08001cac        0x4 
 .text.SVC_Handler
                0x08001cb0       0x24 Middlewares\Third_Party\FreeRTOS\Source\portable\GCC\ARM_CM7\r0p1\port.o
                0x08001cb0                SVC_Handler
 .text.vPortEnterCritical
                0x08001cd4       0x4c Middlewares\Third_Party\FreeRTOS\Source\portable\GCC\ARM_CM7\r0p1\port.o
                0x08001cd4                vPortEnterCritical
 .text.vPortExitCritical
                0x08001d20       0x2c Middlewares\Third_Party\FreeRTOS\Source\portable\GCC\ARM_CM7\r0p1\port.o
                0x08001d20                vPortExitCritical
 *fill*         0x08001d4c        0x4 
 .text.PendSV_Handler
                0x08001d50       0x64 Middlewares\Third_Party\FreeRTOS\Source\portable\GCC\ARM_CM7\r0p1\port.o
                0x08001d50                PendSV_Handler
 .text.xPortSysTickHandler
                0x08001db4       0x30 Middlewares\Third_Party\FreeRTOS\Source\portable\GCC\ARM_CM7\r0p1\port.o
                0x08001db4                xPortSysTickHandler
 .text.vPortSetupTimerInterrupt
                0x08001de4       0x28 Middlewares\Third_Party\FreeRTOS\Source\portable\GCC\ARM_CM7\r0p1\port.o
                0x08001de4                vPortSetupTimerInterrupt
 .text.xPortStartScheduler
                0x08001e0c       0xa8 Middlewares\Third_Party\FreeRTOS\Source\portable\GCC\ARM_CM7\r0p1\port.o
                0x08001e0c                xPortStartScheduler
 .text.unlikely.prvInsertBlockIntoFreeList
                0x08001eb4       0x48 Middlewares\Third_Party\FreeRTOS\Source\portable\MemMang\heap_4.o
 .text.pvPortMalloc
                0x08001efc      0x124 Middlewares\Third_Party\FreeRTOS\Source\portable\MemMang\heap_4.o
                0x08001efc                pvPortMalloc
 .text.vPortFree
                0x08002020       0x78 Middlewares\Third_Party\FreeRTOS\Source\portable\MemMang\heap_4.o
                0x08002020                vPortFree
 .text.prvResetNextTaskUnblockTime
                0x08002098       0x24 Middlewares\Third_Party\FreeRTOS\Source\tasks.o
 .text.prvAddCurrentTaskToDelayedList
                0x080020bc       0x8c Middlewares\Third_Party\FreeRTOS\Source\tasks.o
 .text.xTaskCreate
                0x08002148      0x1a0 Middlewares\Third_Party\FreeRTOS\Source\tasks.o
                0x08002148                xTaskCreate
 .text.vTaskStartScheduler
                0x080022e8       0x80 Middlewares\Third_Party\FreeRTOS\Source\tasks.o
                0x080022e8                vTaskStartScheduler
 .text.vTaskSuspendAll
                0x08002368       0x10 Middlewares\Third_Party\FreeRTOS\Source\tasks.o
                0x08002368                vTaskSuspendAll
 .text.xTaskIncrementTick
                0x08002378      0x128 Middlewares\Third_Party\FreeRTOS\Source\tasks.o
                0x08002378                xTaskIncrementTick
 .text.xTaskResumeAll
                0x080024a0       0xf4 Middlewares\Third_Party\FreeRTOS\Source\tasks.o
                0x080024a0                xTaskResumeAll
 .text.prvIdleTask
                0x08002594       0x74 Middlewares\Third_Party\FreeRTOS\Source\tasks.o
 .text.vTaskSwitchContext
                0x08002608       0x78 Middlewares\Third_Party\FreeRTOS\Source\tasks.o
                0x08002608                vTaskSwitchContext
 .text.xTaskGetSchedulerState
                0x08002680       0x20 Middlewares\Third_Party\FreeRTOS\Source\tasks.o
                0x08002680                xTaskGetSchedulerState
 .text.xTaskNotifyWait
                0x080026a0       0x8c Middlewares\Third_Party\FreeRTOS\Source\tasks.o
                0x080026a0                xTaskNotifyWait
 .text.StartDefaultTask
                0x0800272c       0x3c Src\freertos.o
                0x0800272c                StartDefaultTask
 .text.StartTask02
                0x08002768       0x30 Src\freertos.o
                0x08002768                StartTask02
 .text.MX_FREERTOS_Init
                0x08002798       0x48 Src\freertos.o
                0x08002798                MX_FREERTOS_Init
 .text.MX_GPIO_Init
                0x080027e0       0x90 Src\gpio.o
                0x080027e0                MX_GPIO_Init
 .text.SystemClock_Config
                0x08002870       0xc0 Src\main.o
                0x08002870                SystemClock_Config
 .text.startup.main
                0x08002930       0xb0 Src\main.o
                0x08002930                main
 .text.HAL_TIM_PeriodElapsedCallback
                0x080029e0       0x14 Src\main.o
                0x080029e0                HAL_TIM_PeriodElapsedCallback
 .text._Error_Handler
                0x080029f4        0x2 Src\main.o
                0x080029f4                _Error_Handler
 .text.HAL_MspInit
                0x080029f6       0x60 Src\stm32f7xx_hal_msp.o
                0x080029f6                HAL_MspInit
 *fill*         0x08002a56        0x2 
 .text.HAL_InitTick
                0x08002a58       0x78 Src\stm32f7xx_hal_timebase_TIM.o
                0x08002a58                HAL_InitTick
 .text.NMI_Handler
                0x08002ad0        0x2 Src\stm32f7xx_it.o
                0x08002ad0                NMI_Handler
 .text.HardFault_Handler
                0x08002ad2        0x2 Src\stm32f7xx_it.o
                0x08002ad2                HardFault_Handler
 .text.MemManage_Handler
                0x08002ad4        0x2 Src\stm32f7xx_it.o
                0x08002ad4                MemManage_Handler
 .text.BusFault_Handler
                0x08002ad6        0x2 Src\stm32f7xx_it.o
                0x08002ad6                BusFault_Handler
 .text.UsageFault_Handler
                0x08002ad8        0x2 Src\stm32f7xx_it.o
                0x08002ad8                UsageFault_Handler
 .text.DebugMon_Handler
                0x08002ada        0x2 Src\stm32f7xx_it.o
                0x08002ada                DebugMon_Handler
 .text.SysTick_Handler
                0x08002adc        0x4 Src\stm32f7xx_it.o
                0x08002adc                SysTick_Handler
 .text.TIM7_IRQHandler
                0x08002ae0        0xc Src\stm32f7xx_it.o
                0x08002ae0                TIM7_IRQHandler
 .text.SystemInit
                0x08002aec       0x4c Src\system_stm32f7xx.o
                0x08002aec                SystemInit
 .text.MX_USART1_UART_Init
                0x08002b38       0x44 Src\usart.o
                0x08002b38                MX_USART1_UART_Init
 .text.MX_USART2_UART_Init
                0x08002b7c       0x44 Src\usart.o
                0x08002b7c                MX_USART2_UART_Init
 .text.HAL_UART_MspInit
                0x08002bc0       0x8c Src\usart.o
                0x08002bc0                HAL_UART_MspInit
 .text.uart_putc
                0x08002c4c       0x20 Src\xprintf.o
                0x08002c4c                uart_putc
 .text.xprintf_init
                0x08002c6c       0x18 Src\xprintf.o
                0x08002c6c                xprintf_init
 .text.xputc    0x08002c84       0x34 Src\xprintf.o
                0x08002c84                xputc
 .text.xputs    0x08002cb8       0x12 Src\xprintf.o
                0x08002cb8                xputs
 .text.xvprintf
                0x08002cca      0x1ae Src\xprintf.o
 .text.xprintf  0x08002e78       0x1a Src\xprintf.o
                0x08002e78                xprintf
 *fill*         0x08002e92        0x2 
 .text.Reset_Handler
                0x08002e94       0x50 startup\startup_stm32f767xx.o
                0x08002e94                Reset_Handler
 .text.Default_Handler
                0x08002ee4        0x2 startup\startup_stm32f767xx.o
                0x08002ee4                RTC_Alarm_IRQHandler
                0x08002ee4                EXTI2_IRQHandler
                0x08002ee4                TIM8_CC_IRQHandler
                0x08002ee4                UART8_IRQHandler
                0x08002ee4                SPI4_IRQHandler
                0x08002ee4                TIM1_CC_IRQHandler
                0x08002ee4                DMA2_Stream5_IRQHandler
                0x08002ee4                JPEG_IRQHandler
                0x08002ee4                DMA1_Stream5_IRQHandler
                0x08002ee4                CAN3_RX1_IRQHandler
                0x08002ee4                PVD_IRQHandler
                0x08002ee4                TAMP_STAMP_IRQHandler
                0x08002ee4                CAN2_RX1_IRQHandler
                0x08002ee4                EXTI3_IRQHandler
                0x08002ee4                TIM8_TRG_COM_TIM14_IRQHandler
                0x08002ee4                DFSDM1_FLT1_IRQHandler
                0x08002ee4                TIM1_UP_TIM10_IRQHandler
                0x08002ee4                TIM8_UP_TIM13_IRQHandler
                0x08002ee4                I2C3_ER_IRQHandler
                0x08002ee4                DFSDM1_FLT2_IRQHandler
                0x08002ee4                EXTI0_IRQHandler
                0x08002ee4                I2C2_EV_IRQHandler
                0x08002ee4                DMA1_Stream2_IRQHandler
                0x08002ee4                CAN1_RX0_IRQHandler
                0x08002ee4                FPU_IRQHandler
                0x08002ee4                OTG_HS_WKUP_IRQHandler
                0x08002ee4                CAN3_SCE_IRQHandler
                0x08002ee4                LTDC_ER_IRQHandler
                0x08002ee4                CAN2_SCE_IRQHandler
                0x08002ee4                DMA2_Stream2_IRQHandler
                0x08002ee4                SPI1_IRQHandler
                0x08002ee4                TIM6_DAC_IRQHandler
                0x08002ee4                TIM1_BRK_TIM9_IRQHandler
                0x08002ee4                DCMI_IRQHandler
                0x08002ee4                CAN2_RX0_IRQHandler
                0x08002ee4                DMA2_Stream3_IRQHandler
                0x08002ee4                SAI2_IRQHandler
                0x08002ee4                DFSDM1_FLT3_IRQHandler
                0x08002ee4                USART6_IRQHandler
                0x08002ee4                CAN3_RX0_IRQHandler
                0x08002ee4                USART3_IRQHandler
                0x08002ee4                CAN1_RX1_IRQHandler
                0x08002ee4                UART5_IRQHandler
                0x08002ee4                DMA2_Stream0_IRQHandler
                0x08002ee4                TIM4_IRQHandler
                0x08002ee4                QUADSPI_IRQHandler
                0x08002ee4                I2C1_EV_IRQHandler
                0x08002ee4                DMA1_Stream6_IRQHandler
                0x08002ee4                DMA1_Stream1_IRQHandler
                0x08002ee4                UART4_IRQHandler
                0x08002ee4                TIM3_IRQHandler
                0x08002ee4                RCC_IRQHandler
                0x08002ee4                TIM8_BRK_TIM12_IRQHandler
                0x08002ee4                Default_Handler
                0x08002ee4                CEC_IRQHandler
                0x08002ee4                EXTI15_10_IRQHandler
                0x08002ee4                ADC_IRQHandler
                0x08002ee4                DMA1_Stream7_IRQHandler
                0x08002ee4                SPI5_IRQHandler
                0x08002ee4                SDMMC1_IRQHandler
                0x08002ee4                CAN2_TX_IRQHandler
                0x08002ee4                TIM5_IRQHandler
                0x08002ee4                DMA2_Stream7_IRQHandler
                0x08002ee4                I2C3_EV_IRQHandler
                0x08002ee4                EXTI9_5_IRQHandler
                0x08002ee4                RTC_WKUP_IRQHandler
                0x08002ee4                LTDC_IRQHandler
                0x08002ee4                ETH_WKUP_IRQHandler
                0x08002ee4                SPDIF_RX_IRQHandler
                0x08002ee4                SPI2_IRQHandler
                0x08002ee4                OTG_HS_EP1_IN_IRQHandler
                0x08002ee4                DMA1_Stream0_IRQHandler
                0x08002ee4                CAN1_TX_IRQHandler
                0x08002ee4                EXTI4_IRQHandler
                0x08002ee4                RNG_IRQHandler
                0x08002ee4                ETH_IRQHandler
                0x08002ee4                OTG_HS_EP1_OUT_IRQHandler
                0x08002ee4                WWDG_IRQHandler
                0x08002ee4                SPI6_IRQHandler
                0x08002ee4                MDIOS_IRQHandler
                0x08002ee4                I2C4_EV_IRQHandler
                0x08002ee4                CAN3_TX_IRQHandler
                0x08002ee4                TIM2_IRQHandler
                0x08002ee4                OTG_FS_WKUP_IRQHandler
                0x08002ee4                TIM1_TRG_COM_TIM11_IRQHandler
                0x08002ee4                OTG_HS_IRQHandler
                0x08002ee4                DMA2D_IRQHandler
                0x08002ee4                EXTI1_IRQHandler
                0x08002ee4                SDMMC2_IRQHandler
                0x08002ee4                UART7_IRQHandler
                0x08002ee4                USART2_IRQHandler
                0x08002ee4                DFSDM1_FLT0_IRQHandler
                0x08002ee4                I2C2_ER_IRQHandler
                0x08002ee4                DMA2_Stream1_IRQHandler
                0x08002ee4                CAN1_SCE_IRQHandler
                0x08002ee4                FLASH_IRQHandler
                0x08002ee4                DMA2_Stream4_IRQHandler
                0x08002ee4                USART1_IRQHandler
                0x08002ee4                OTG_FS_IRQHandler
                0x08002ee4                SPI3_IRQHandler
                0x08002ee4                DMA1_Stream4_IRQHandler
                0x08002ee4                I2C1_ER_IRQHandler
                0x08002ee4                FMC_IRQHandler
                0x08002ee4                LPTIM1_IRQHandler
                0x08002ee4                I2C4_ER_IRQHandler
                0x08002ee4                DMA2_Stream6_IRQHandler
                0x08002ee4                SAI1_IRQHandler
                0x08002ee4                DMA1_Stream3_IRQHandler
 *fill*         0x08002ee6        0x2 
 .text.__libc_init_array
                0x08002ee8       0x48 c:/program files (x86)/atollic/truestudio for stm32 9.0.0/armtools/bin/../lib/gcc/arm-atollic-eabi/6.3.1/../../../../arm-atollic-eabi/lib/armv7e-m/fpu/fpv5-d16\libc_nano.a(lib_a-init.o)
                0x08002ee8                __libc_init_array
 *(.glue_7)
 .glue_7        0x08002f30        0x0 linker stubs
 *(.glue_7t)
 .glue_7t       0x08002f30        0x0 linker stubs
 *(.eh_frame)
 .eh_frame      0x08002f30        0x0 c:/program files (x86)/atollic/truestudio for stm32 9.0.0/armtools/bin/../lib/gcc/arm-atollic-eabi/6.3.1/armv7e-m/fpu/fpv5-d16/crtbegin.o
 *(.init)
 .init          0x08002f30        0x4 c:/program files (x86)/atollic/truestudio for stm32 9.0.0/armtools/bin/../lib/gcc/arm-atollic-eabi/6.3.1/armv7e-m/fpu/fpv5-d16/crti.o
                0x08002f30                _init
 .init          0x08002f34        0x8 c:/program files (x86)/atollic/truestudio for stm32 9.0.0/armtools/bin/../lib/gcc/arm-atollic-eabi/6.3.1/armv7e-m/fpu/fpv5-d16/crtn.o
 *(.fini)
 .fini          0x08002f3c        0x4 c:/program files (x86)/atollic/truestudio for stm32 9.0.0/armtools/bin/../lib/gcc/arm-atollic-eabi/6.3.1/armv7e-m/fpu/fpv5-d16/crti.o
                0x08002f3c                _fini
 .fini          0x08002f40        0x8 c:/program files (x86)/atollic/truestudio for stm32 9.0.0/armtools/bin/../lib/gcc/arm-atollic-eabi/6.3.1/armv7e-m/fpu/fpv5-d16/crtn.o
                0x08002f48                . = ALIGN (0x4)
                0x08002f48                _etext = .

.vfp11_veneer   0x08002f48        0x0
 .vfp11_veneer  0x08002f48        0x0 linker stubs

.v4_bx          0x08002f48        0x0
 .v4_bx         0x08002f48        0x0 linker stubs

.iplt           0x08002f48        0x0
 .iplt          0x08002f48        0x0 c:/program files (x86)/atollic/truestudio for stm32 9.0.0/armtools/bin/../lib/gcc/arm-atollic-eabi/6.3.1/armv7e-m/fpu/fpv5-d16/crtbegin.o

.rodata         0x08002f48       0x84
                0x08002f48                . = ALIGN (0x4)
 *(.rodata)
 .rodata        0x08002f48       0x28 Src\freertos.o
 *(.rodata*)
 .rodata.CSWTCH.38
                0x08002f70        0x4 Drivers\STM32F7xx_HAL_Driver\Src\stm32f7xx_hal_uart.o
 .rodata.CSWTCH.39
                0x08002f74        0xd Drivers\STM32F7xx_HAL_Driver\Src\stm32f7xx_hal_uart.o
 .rodata.vTaskStartScheduler.str1.1
                0x08002f81        0x5 Middlewares\Third_Party\FreeRTOS\Source\tasks.o
 .rodata.StartDefaultTask.str1.1
                0x08002f86        0xb Src\freertos.o
 .rodata.str1.1
                0x08002f91       0x13 Src\freertos.o
 .rodata.AHBPrescTable
                0x08002fa4       0x10 Src\system_stm32f7xx.o
                0x08002fa4                AHBPrescTable
 .rodata.APBPrescTable
                0x08002fb4        0x8 Src\system_stm32f7xx.o
                0x08002fb4                APBPrescTable
 .rodata.MX_USART1_UART_Init.str1.1
                0x08002fbc        0xf Src\usart.o
                0x08002fcc                . = ALIGN (0x4)
 *fill*         0x08002fcb        0x1 

.ARM.extab
 *(.ARM.extab* .gnu.linkonce.armextab.*)

.ARM            0x08002fcc        0x8
                0x08002fcc                __exidx_start = .
 *(.ARM.exidx*)
 .ARM.exidx     0x08002fcc        0x8 c:/program files (x86)/atollic/truestudio for stm32 9.0.0/armtools/bin/../lib/gcc/arm-atollic-eabi/6.3.1/armv7e-m/fpu/fpv5-d16\libgcc.a(_udivmoddi4.o)
                0x08002fd4                __exidx_end = .

.rel.dyn        0x08002fd4        0x0
 .rel.iplt      0x08002fd4        0x0 c:/program files (x86)/atollic/truestudio for stm32 9.0.0/armtools/bin/../lib/gcc/arm-atollic-eabi/6.3.1/armv7e-m/fpu/fpv5-d16/crtbegin.o

.preinit_array  0x08002fd4        0x0
                0x08002fd4                PROVIDE (__preinit_array_start, .)
 *(.preinit_array*)
                0x08002fd4                PROVIDE (__preinit_array_end, .)

.init_array     0x08002fd4        0x4
                0x08002fd4                PROVIDE (__init_array_start, .)
 *(SORT(.init_array.*))
 *(.init_array*)
 .init_array    0x08002fd4        0x4 c:/program files (x86)/atollic/truestudio for stm32 9.0.0/armtools/bin/../lib/gcc/arm-atollic-eabi/6.3.1/armv7e-m/fpu/fpv5-d16/crtbegin.o
                0x08002fd8                PROVIDE (__init_array_end, .)

.fini_array     0x08002fd8        0x4
                [!provide]                PROVIDE (__fini_array_start, .)
 *(SORT(.fini_array.*))
 *(.fini_array*)
 .fini_array    0x08002fd8        0x4 c:/program files (x86)/atollic/truestudio for stm32 9.0.0/armtools/bin/../lib/gcc/arm-atollic-eabi/6.3.1/armv7e-m/fpu/fpv5-d16/crtbegin.o
                [!provide]                PROVIDE (__fini_array_end, .)
                0x08002fdc                _sidata = LOADADDR (.data)

.data           0x20000000        0xc load address 0x08002fdc
                0x20000000                . = ALIGN (0x4)
                0x20000000                _sdata = .
 *(.data)
 *(.data*)
 .data.uwTickFreq
                0x20000000        0x1 Drivers\STM32F7xx_HAL_Driver\Src\stm32f7xx_hal.o
                0x20000000                uwTickFreq
 *fill*         0x20000001        0x3 
 .data.uxCriticalNesting
                0x20000004        0x4 Middlewares\Third_Party\FreeRTOS\Source\portable\GCC\ARM_CM7\r0p1\port.o
 .data.SystemCoreClock
                0x20000008        0x4 Src\system_stm32f7xx.o
                0x20000008                SystemCoreClock
                0x2000000c                . = ALIGN (0x4)
                0x2000000c                _edata = .

.igot.plt       0x2000000c        0x0 load address 0x08002fe8
 .igot.plt      0x2000000c        0x0 c:/program files (x86)/atollic/truestudio for stm32 9.0.0/armtools/bin/../lib/gcc/arm-atollic-eabi/6.3.1/armv7e-m/fpu/fpv5-d16/crtbegin.o
                0x2000000c                . = ALIGN (0x4)

.bss            0x2000000c     0x3eac load address 0x08002fe8
                0x2000000c                _sbss = .
                0x2000000c                __bss_start__ = _sbss
 *(.bss)
 .bss           0x2000000c       0x1c c:/program files (x86)/atollic/truestudio for stm32 9.0.0/armtools/bin/../lib/gcc/arm-atollic-eabi/6.3.1/armv7e-m/fpu/fpv5-d16/crtbegin.o
 *(.bss*)
 .bss.ucMaxSysCallPriority
                0x20000028        0x1 Middlewares\Third_Party\FreeRTOS\Source\portable\GCC\ARM_CM7\r0p1\port.o
 *fill*         0x20000029        0x3 
 .bss.ulMaxPRIGROUPValue
                0x2000002c        0x4 Middlewares\Third_Party\FreeRTOS\Source\portable\GCC\ARM_CM7\r0p1\port.o
 .bss.pxEnd     0x20000030        0x4 Middlewares\Third_Party\FreeRTOS\Source\portable\MemMang\heap_4.o
 .bss.ucHeap    0x20000034     0x3c00 Middlewares\Third_Party\FreeRTOS\Source\portable\MemMang\heap_4.o
 .bss.xBlockAllocatedBit
                0x20003c34        0x4 Middlewares\Third_Party\FreeRTOS\Source\portable\MemMang\heap_4.o
 .bss.xFreeBytesRemaining
                0x20003c38        0x4 Middlewares\Third_Party\FreeRTOS\Source\portable\MemMang\heap_4.o
 .bss.xMinimumEverFreeBytesRemaining
                0x20003c3c        0x4 Middlewares\Third_Party\FreeRTOS\Source\portable\MemMang\heap_4.o
 .bss.xStart    0x20003c40        0x8 Middlewares\Third_Party\FreeRTOS\Source\portable\MemMang\heap_4.o
 .bss.pxCurrentTCB
                0x20003c48        0x4 Middlewares\Third_Party\FreeRTOS\Source\tasks.o
                0x20003c48                pxCurrentTCB
 .bss.pxDelayedTaskList
                0x20003c4c        0x4 Middlewares\Third_Party\FreeRTOS\Source\tasks.o
 .bss.pxOverflowDelayedTaskList
                0x20003c50        0x4 Middlewares\Third_Party\FreeRTOS\Source\tasks.o
 .bss.pxReadyTasksLists
                0x20003c54       0x8c Middlewares\Third_Party\FreeRTOS\Source\tasks.o
 .bss.uxCurrentNumberOfTasks
                0x20003ce0        0x4 Middlewares\Third_Party\FreeRTOS\Source\tasks.o
 .bss.uxDeletedTasksWaitingCleanUp
                0x20003ce4        0x4 Middlewares\Third_Party\FreeRTOS\Source\tasks.o
 .bss.uxPendedTicks
                0x20003ce8        0x4 Middlewares\Third_Party\FreeRTOS\Source\tasks.o
 .bss.uxSchedulerSuspended
                0x20003cec        0x4 Middlewares\Third_Party\FreeRTOS\Source\tasks.o
 .bss.uxTaskNumber
                0x20003cf0        0x4 Middlewares\Third_Party\FreeRTOS\Source\tasks.o
 .bss.uxTopReadyPriority
                0x20003cf4        0x4 Middlewares\Third_Party\FreeRTOS\Source\tasks.o
 .bss.xDelayedTaskList1
                0x20003cf8       0x14 Middlewares\Third_Party\FreeRTOS\Source\tasks.o
 .bss.xDelayedTaskList2
                0x20003d0c       0x14 Middlewares\Third_Party\FreeRTOS\Source\tasks.o
 .bss.xIdleTaskHandle
                0x20003d20        0x4 Middlewares\Third_Party\FreeRTOS\Source\tasks.o
 .bss.xNextTaskUnblockTime
                0x20003d24        0x4 Middlewares\Third_Party\FreeRTOS\Source\tasks.o
 .bss.xNumOfOverflows
                0x20003d28        0x4 Middlewares\Third_Party\FreeRTOS\Source\tasks.o
 .bss.xPendingReadyList
                0x20003d2c       0x14 Middlewares\Third_Party\FreeRTOS\Source\tasks.o
 .bss.xSchedulerRunning
                0x20003d40        0x4 Middlewares\Third_Party\FreeRTOS\Source\tasks.o
 .bss.xSuspendedTaskList
                0x20003d44       0x14 Middlewares\Third_Party\FreeRTOS\Source\tasks.o
 .bss.xTasksWaitingTermination
                0x20003d58       0x14 Middlewares\Third_Party\FreeRTOS\Source\tasks.o
 .bss.xTickCount
                0x20003d6c        0x4 Middlewares\Third_Party\FreeRTOS\Source\tasks.o
 .bss.xYieldPending
                0x20003d70        0x4 Middlewares\Third_Party\FreeRTOS\Source\tasks.o
 .bss.outptr    0x20003d74        0x4 Src\xprintf.o
 *(COMMON)
 COMMON         0x20003d78        0x4 Drivers\STM32F7xx_HAL_Driver\Src\stm32f7xx_hal.o
                0x20003d78                uwTick
 COMMON         0x20003d7c       0x14 Src\freertos.o
                0x20003d7c                defaultTaskHandle
                0x20003d80                UsonicHandle
                0x20003d84                flug
                0x20003d88                huart_xprintf
                0x20003d8c                count
 COMMON         0x20003d90       0x40 Src\stm32f7xx_hal_timebase_TIM.o
                0x20003d90                htim7
 COMMON         0x20003dd0       0xe0 Src\usart.o
                0x20003dd0                huart1
                0x20003e40                huart2
 COMMON         0x20003eb0        0x8 Src\xprintf.o
                0x20003eb0                xfunc_in
                0x20003eb4                xfunc_out
                0x20003eb8                . = ALIGN (0x4)
                0x20003eb8                _ebss = .
                0x20003eb8                __bss_end__ = _ebss

._user_heap_stack
                0x20003eb8      0xc00 load address 0x08002fe8
                0x20003eb8                . = ALIGN (0x4)
                [!provide]                PROVIDE (end, .)
                [!provide]                PROVIDE (_end, .)
                0x200042b8                . = (. + _Min_Heap_Size)
 *fill*         0x20003eb8      0x400 
                0x20004ab8                . = (. + _Min_Stack_Size)
 *fill*         0x200042b8      0x800 
                0x20004ab8                . = ALIGN (0x4)

/DISCARD/
 libc.a(*)
 libm.a(*)
 libgcc.a(*)

.ARM.attributes
                0x00000000       0x2e
 *(.ARM.attributes)
 .ARM.attributes
                0x00000000       0x20 c:/program files (x86)/atollic/truestudio for stm32 9.0.0/armtools/bin/../lib/gcc/arm-atollic-eabi/6.3.1/armv7e-m/fpu/fpv5-d16/crti.o
 .ARM.attributes
                0x00000020       0x32 c:/program files (x86)/atollic/truestudio for stm32 9.0.0/armtools/bin/../lib/gcc/arm-atollic-eabi/6.3.1/armv7e-m/fpu/fpv5-d16/crtbegin.o
 .ARM.attributes
                0x00000052       0x37 Drivers\STM32F7xx_HAL_Driver\Src\stm32f7xx_hal.o
 .ARM.attributes
                0x00000089       0x37 Drivers\STM32F7xx_HAL_Driver\Src\stm32f7xx_hal_cortex.o
 .ARM.attributes
                0x000000c0       0x37 Drivers\STM32F7xx_HAL_Driver\Src\stm32f7xx_hal_gpio.o
 .ARM.attributes
                0x000000f7       0x37 Drivers\STM32F7xx_HAL_Driver\Src\stm32f7xx_hal_pwr_ex.o
 .ARM.attributes
                0x0000012e       0x37 Drivers\STM32F7xx_HAL_Driver\Src\stm32f7xx_hal_rcc.o
 .ARM.attributes
                0x00000165       0x37 Drivers\STM32F7xx_HAL_Driver\Src\stm32f7xx_hal_rcc_ex.o
 .ARM.attributes
                0x0000019c       0x37 Drivers\STM32F7xx_HAL_Driver\Src\stm32f7xx_hal_tim.o
 .ARM.attributes
                0x000001d3       0x37 Drivers\STM32F7xx_HAL_Driver\Src\stm32f7xx_hal_tim_ex.o
 .ARM.attributes
                0x0000020a       0x37 Drivers\STM32F7xx_HAL_Driver\Src\stm32f7xx_hal_uart.o
 .ARM.attributes
                0x00000241       0x37 Middlewares\Third_Party\FreeRTOS\Source\CMSIS_RTOS\cmsis_os.o
 .ARM.attributes
                0x00000278       0x37 Middlewares\Third_Party\FreeRTOS\Source\list.o
 .ARM.attributes
                0x000002af       0x37 Middlewares\Third_Party\FreeRTOS\Source\portable\GCC\ARM_CM7\r0p1\port.o
 .ARM.attributes
                0x000002e6       0x37 Middlewares\Third_Party\FreeRTOS\Source\portable\MemMang\heap_4.o
 .ARM.attributes
                0x0000031d       0x37 Middlewares\Third_Party\FreeRTOS\Source\tasks.o
 .ARM.attributes
                0x00000354       0x37 Src\freertos.o
 .ARM.attributes
                0x0000038b       0x37 Src\gpio.o
 .ARM.attributes
                0x000003c2       0x37 Src\main.o
 .ARM.attributes
                0x000003f9       0x37 Src\stm32f7xx_hal_msp.o
 .ARM.attributes
                0x00000430       0x37 Src\stm32f7xx_hal_timebase_TIM.o
 .ARM.attributes
                0x00000467       0x37 Src\stm32f7xx_it.o
 .ARM.attributes
                0x0000049e       0x37 Src\system_stm32f7xx.o
 .ARM.attributes
                0x000004d5       0x37 Src\usart.o
 .ARM.attributes
                0x0000050c       0x37 Src\xprintf.o
 .ARM.attributes
                0x00000543       0x21 startup\startup_stm32f767xx.o
 .ARM.attributes
                0x00000564       0x32 c:/program files (x86)/atollic/truestudio for stm32 9.0.0/armtools/bin/../lib/gcc/arm-atollic-eabi/6.3.1/../../../../arm-atollic-eabi/lib/armv7e-m/fpu/fpv5-d16\libc_nano.a(lib_a-init.o)
 .ARM.attributes
                0x00000596       0x20 c:/program files (x86)/atollic/truestudio for stm32 9.0.0/armtools/bin/../lib/gcc/arm-atollic-eabi/6.3.1/armv7e-m/fpu/fpv5-d16\libgcc.a(_aeabi_uldivmod.o)
 .ARM.attributes
                0x000005b6       0x32 c:/program files (x86)/atollic/truestudio for stm32 9.0.0/armtools/bin/../lib/gcc/arm-atollic-eabi/6.3.1/armv7e-m/fpu/fpv5-d16\libgcc.a(_udivmoddi4.o)
 .ARM.attributes
                0x000005e8       0x20 c:/program files (x86)/atollic/truestudio for stm32 9.0.0/armtools/bin/../lib/gcc/arm-atollic-eabi/6.3.1/armv7e-m/fpu/fpv5-d16\libgcc.a(_dvmd_tls.o)
 .ARM.attributes
                0x00000608       0x20 c:/program files (x86)/atollic/truestudio for stm32 9.0.0/armtools/bin/../lib/gcc/arm-atollic-eabi/6.3.1/armv7e-m/fpu/fpv5-d16/crtn.o
OUTPUT(F767_FreeRTOS_test.elf elf32-littlearm)

.debug_info     0x00000000    0x2008c
 .debug_info    0x00000000     0x1372 Drivers\STM32F7xx_HAL_Driver\Src\stm32f7xx_hal.o
 .debug_info    0x00001372     0x19a8 Drivers\STM32F7xx_HAL_Driver\Src\stm32f7xx_hal_cortex.o
 .debug_info    0x00002d1a      0xfbc Drivers\STM32F7xx_HAL_Driver\Src\stm32f7xx_hal_gpio.o
 .debug_info    0x00003cd6     0x122c Drivers\STM32F7xx_HAL_Driver\Src\stm32f7xx_hal_pwr_ex.o
 .debug_info    0x00004f02     0x1367 Drivers\STM32F7xx_HAL_Driver\Src\stm32f7xx_hal_rcc.o
 .debug_info    0x00006269     0x108a Drivers\STM32F7xx_HAL_Driver\Src\stm32f7xx_hal_rcc_ex.o
 .debug_info    0x000072f3     0x3ad5 Drivers\STM32F7xx_HAL_Driver\Src\stm32f7xx_hal_tim.o
 .debug_info    0x0000adc8     0x1e62 Drivers\STM32F7xx_HAL_Driver\Src\stm32f7xx_hal_tim_ex.o
 .debug_info    0x0000cc2a     0x20b0 Drivers\STM32F7xx_HAL_Driver\Src\stm32f7xx_hal_uart.o
 .debug_info    0x0000ecda     0x24f5 Middlewares\Third_Party\FreeRTOS\Source\CMSIS_RTOS\cmsis_os.o
 .debug_info    0x000111cf      0xac0 Middlewares\Third_Party\FreeRTOS\Source\list.o
 .debug_info    0x00011c8f      0x4e8 Middlewares\Third_Party\FreeRTOS\Source\portable\GCC\ARM_CM7\r0p1\port.o
 .debug_info    0x00012177      0xca5 Middlewares\Third_Party\FreeRTOS\Source\portable\MemMang\heap_4.o
 .debug_info    0x00012e1c     0x2999 Middlewares\Third_Party\FreeRTOS\Source\tasks.o
 .debug_info    0x000157b5     0x11b5 Src\freertos.o
 .debug_info    0x0001696a      0xd17 Src\gpio.o
 .debug_info    0x00017681     0x20c6 Src\main.o
 .debug_info    0x00019747      0xd03 Src\stm32f7xx_hal_msp.o
 .debug_info    0x0001a44a     0x14d1 Src\stm32f7xx_hal_timebase_TIM.o
 .debug_info    0x0001b91b      0xefb Src\stm32f7xx_it.o
 .debug_info    0x0001c816      0xf05 Src\system_stm32f7xx.o
 .debug_info    0x0001d71b     0x12e1 Src\usart.o
 .debug_info    0x0001e9fc     0x15ed Src\xprintf.o
 .debug_info    0x0001ffe9       0xa3 startup\startup_stm32f767xx.o

.debug_abbrev   0x00000000     0x408a
 .debug_abbrev  0x00000000      0x2f9 Drivers\STM32F7xx_HAL_Driver\Src\stm32f7xx_hal.o
 .debug_abbrev  0x000002f9      0x399 Drivers\STM32F7xx_HAL_Driver\Src\stm32f7xx_hal_cortex.o
 .debug_abbrev  0x00000692      0x268 Drivers\STM32F7xx_HAL_Driver\Src\stm32f7xx_hal_gpio.o
 .debug_abbrev  0x000008fa      0x2b6 Drivers\STM32F7xx_HAL_Driver\Src\stm32f7xx_hal_pwr_ex.o
 .debug_abbrev  0x00000bb0      0x35e Drivers\STM32F7xx_HAL_Driver\Src\stm32f7xx_hal_rcc.o
 .debug_abbrev  0x00000f0e      0x25f Drivers\STM32F7xx_HAL_Driver\Src\stm32f7xx_hal_rcc_ex.o
 .debug_abbrev  0x0000116d      0x381 Drivers\STM32F7xx_HAL_Driver\Src\stm32f7xx_hal_tim.o
 .debug_abbrev  0x000014ee      0x30d Drivers\STM32F7xx_HAL_Driver\Src\stm32f7xx_hal_tim_ex.o
 .debug_abbrev  0x000017fb      0x3a6 Drivers\STM32F7xx_HAL_Driver\Src\stm32f7xx_hal_uart.o
 .debug_abbrev  0x00001ba1      0x468 Middlewares\Third_Party\FreeRTOS\Source\CMSIS_RTOS\cmsis_os.o
 .debug_abbrev  0x00002009      0x1e3 Middlewares\Third_Party\FreeRTOS\Source\list.o
 .debug_abbrev  0x000021ec      0x211 Middlewares\Third_Party\FreeRTOS\Source\portable\GCC\ARM_CM7\r0p1\port.o
 .debug_abbrev  0x000023fd      0x314 Middlewares\Third_Party\FreeRTOS\Source\portable\MemMang\heap_4.o
 .debug_abbrev  0x00002711      0x419 Middlewares\Third_Party\FreeRTOS\Source\tasks.o
 .debug_abbrev  0x00002b2a      0x22b Src\freertos.o
 .debug_abbrev  0x00002d55      0x1f7 Src\gpio.o
 .debug_abbrev  0x00002f4c      0x329 Src\main.o
 .debug_abbrev  0x00003275      0x1d3 Src\stm32f7xx_hal_msp.o
 .debug_abbrev  0x00003448      0x258 Src\stm32f7xx_hal_timebase_TIM.o
 .debug_abbrev  0x000036a0      0x215 Src\stm32f7xx_it.o
 .debug_abbrev  0x000038b5      0x1e6 Src\system_stm32f7xx.o
 .debug_abbrev  0x00003a9b      0x235 Src\usart.o
 .debug_abbrev  0x00003cd0      0x3a8 Src\xprintf.o
 .debug_abbrev  0x00004078       0x12 startup\startup_stm32f767xx.o

.debug_loc      0x00000000     0x9ec1
 .debug_loc     0x00000000      0x11b Drivers\STM32F7xx_HAL_Driver\Src\stm32f7xx_hal.o
 .debug_loc     0x0000011b      0x536 Drivers\STM32F7xx_HAL_Driver\Src\stm32f7xx_hal_cortex.o
 .debug_loc     0x00000651      0x3cd Drivers\STM32F7xx_HAL_Driver\Src\stm32f7xx_hal_gpio.o
 .debug_loc     0x00000a1e      0x1c2 Drivers\STM32F7xx_HAL_Driver\Src\stm32f7xx_hal_pwr_ex.o
 .debug_loc     0x00000be0      0x40a Drivers\STM32F7xx_HAL_Driver\Src\stm32f7xx_hal_rcc.o
 .debug_loc     0x00000fea      0x5dc Drivers\STM32F7xx_HAL_Driver\Src\stm32f7xx_hal_rcc_ex.o
 .debug_loc     0x000015c6     0x2eb3 Drivers\STM32F7xx_HAL_Driver\Src\stm32f7xx_hal_tim.o
 .debug_loc     0x00004479     0x1211 Drivers\STM32F7xx_HAL_Driver\Src\stm32f7xx_hal_tim_ex.o
 .debug_loc     0x0000568a     0x131b Drivers\STM32F7xx_HAL_Driver\Src\stm32f7xx_hal_uart.o
 .debug_loc     0x000069a5     0x1037 Middlewares\Third_Party\FreeRTOS\Source\CMSIS_RTOS\cmsis_os.o
 .debug_loc     0x000079dc       0x94 Middlewares\Third_Party\FreeRTOS\Source\list.o
 .debug_loc     0x00007a70       0x9d Middlewares\Third_Party\FreeRTOS\Source\portable\GCC\ARM_CM7\r0p1\port.o
 .debug_loc     0x00007b0d      0x390 Middlewares\Third_Party\FreeRTOS\Source\portable\MemMang\heap_4.o
 .debug_loc     0x00007e9d     0x124d Middlewares\Third_Party\FreeRTOS\Source\tasks.o
 .debug_loc     0x000090ea       0x42 Src\freertos.o
 .debug_loc     0x0000912c       0x6d Src\main.o
 .debug_loc     0x00009199       0xa5 Src\stm32f7xx_hal_timebase_TIM.o
 .debug_loc     0x0000923e      0x11c Src\system_stm32f7xx.o
 .debug_loc     0x0000935a       0x7f Src\usart.o
 .debug_loc     0x000093d9      0xae8 Src\xprintf.o

.debug_aranges  0x00000000      0xe78
 .debug_aranges
                0x00000000      0x108 Drivers\STM32F7xx_HAL_Driver\Src\stm32f7xx_hal.o
 .debug_aranges
                0x00000108       0xa8 Drivers\STM32F7xx_HAL_Driver\Src\stm32f7xx_hal_cortex.o
 .debug_aranges
                0x000001b0       0x58 Drivers\STM32F7xx_HAL_Driver\Src\stm32f7xx_hal_gpio.o
 .debug_aranges
                0x00000208       0x80 Drivers\STM32F7xx_HAL_Driver\Src\stm32f7xx_hal_pwr_ex.o
 .debug_aranges
                0x00000288       0x88 Drivers\STM32F7xx_HAL_Driver\Src\stm32f7xx_hal_rcc.o
 .debug_aranges
                0x00000310       0x50 Drivers\STM32F7xx_HAL_Driver\Src\stm32f7xx_hal_rcc_ex.o
 .debug_aranges
                0x00000360      0x260 Drivers\STM32F7xx_HAL_Driver\Src\stm32f7xx_hal_tim.o
 .debug_aranges
                0x000005c0      0x128 Drivers\STM32F7xx_HAL_Driver\Src\stm32f7xx_hal_tim_ex.o
 .debug_aranges
                0x000006e8      0x148 Drivers\STM32F7xx_HAL_Driver\Src\stm32f7xx_hal_uart.o
 .debug_aranges
                0x00000830      0x190 Middlewares\Third_Party\FreeRTOS\Source\CMSIS_RTOS\cmsis_os.o
 .debug_aranges
                0x000009c0       0x40 Middlewares\Third_Party\FreeRTOS\Source\list.o
 .debug_aranges
                0x00000a00       0x80 Middlewares\Third_Party\FreeRTOS\Source\portable\GCC\ARM_CM7\r0p1\port.o
 .debug_aranges
                0x00000a80       0x48 Middlewares\Third_Party\FreeRTOS\Source\portable\MemMang\heap_4.o
 .debug_aranges
                0x00000ac8      0x170 Middlewares\Third_Party\FreeRTOS\Source\tasks.o
 .debug_aranges
                0x00000c38       0x30 Src\freertos.o
 .debug_aranges
                0x00000c68       0x20 Src\gpio.o
 .debug_aranges
                0x00000c88       0x38 Src\main.o
 .debug_aranges
                0x00000cc0       0x20 Src\stm32f7xx_hal_msp.o
 .debug_aranges
                0x00000ce0       0x30 Src\stm32f7xx_hal_timebase_TIM.o
 .debug_aranges
                0x00000d10       0x50 Src\stm32f7xx_it.o
 .debug_aranges
                0x00000d60       0x28 Src\system_stm32f7xx.o
 .debug_aranges
                0x00000d88       0x38 Src\usart.o
 .debug_aranges
                0x00000dc0       0x90 Src\xprintf.o
 .debug_aranges
                0x00000e50       0x28 startup\startup_stm32f767xx.o

.debug_ranges   0x00000000     0x1200
 .debug_ranges  0x00000000       0xf8 Drivers\STM32F7xx_HAL_Driver\Src\stm32f7xx_hal.o
 .debug_ranges  0x000000f8      0x138 Drivers\STM32F7xx_HAL_Driver\Src\stm32f7xx_hal_cortex.o
 .debug_ranges  0x00000230       0x70 Drivers\STM32F7xx_HAL_Driver\Src\stm32f7xx_hal_gpio.o
 .debug_ranges  0x000002a0       0xe8 Drivers\STM32F7xx_HAL_Driver\Src\stm32f7xx_hal_pwr_ex.o
 .debug_ranges  0x00000388       0xf0 Drivers\STM32F7xx_HAL_Driver\Src\stm32f7xx_hal_rcc.o
 .debug_ranges  0x00000478       0x58 Drivers\STM32F7xx_HAL_Driver\Src\stm32f7xx_hal_rcc_ex.o
 .debug_ranges  0x000004d0      0x318 Drivers\STM32F7xx_HAL_Driver\Src\stm32f7xx_hal_tim.o
 .debug_ranges  0x000007e8      0x118 Drivers\STM32F7xx_HAL_Driver\Src\stm32f7xx_hal_tim_ex.o
 .debug_ranges  0x00000900      0x138 Drivers\STM32F7xx_HAL_Driver\Src\stm32f7xx_hal_uart.o
 .debug_ranges  0x00000a38      0x1b0 Middlewares\Third_Party\FreeRTOS\Source\CMSIS_RTOS\cmsis_os.o
 .debug_ranges  0x00000be8       0x30 Middlewares\Third_Party\FreeRTOS\Source\list.o
 .debug_ranges  0x00000c18       0x90 Middlewares\Third_Party\FreeRTOS\Source\portable\GCC\ARM_CM7\r0p1\port.o
 .debug_ranges  0x00000ca8       0x38 Middlewares\Third_Party\FreeRTOS\Source\portable\MemMang\heap_4.o
 .debug_ranges  0x00000ce0      0x278 Middlewares\Third_Party\FreeRTOS\Source\tasks.o
 .debug_ranges  0x00000f58       0x20 Src\freertos.o
 .debug_ranges  0x00000f78       0x60 Src\gpio.o
 .debug_ranges  0x00000fd8       0x70 Src\main.o
 .debug_ranges  0x00001048       0x10 Src\stm32f7xx_hal_msp.o
 .debug_ranges  0x00001058       0x40 Src\stm32f7xx_hal_timebase_TIM.o
 .debug_ranges  0x00001098       0x40 Src\stm32f7xx_it.o
 .debug_ranges  0x000010d8       0x18 Src\system_stm32f7xx.o
 .debug_ranges  0x000010f0       0x58 Src\usart.o
 .debug_ranges  0x00001148       0x98 Src\xprintf.o
 .debug_ranges  0x000011e0       0x20 startup\startup_stm32f767xx.o

.debug_line     0x00000000     0x85ff
 .debug_line    0x00000000      0x4ea Drivers\STM32F7xx_HAL_Driver\Src\stm32f7xx_hal.o
 .debug_line    0x000004ea      0x4e3 Drivers\STM32F7xx_HAL_Driver\Src\stm32f7xx_hal_cortex.o
 .debug_line    0x000009cd      0x4a8 Drivers\STM32F7xx_HAL_Driver\Src\stm32f7xx_hal_gpio.o
 .debug_line    0x00000e75      0x43c Drivers\STM32F7xx_HAL_Driver\Src\stm32f7xx_hal_pwr_ex.o
 .debug_line    0x000012b1      0x656 Drivers\STM32F7xx_HAL_Driver\Src\stm32f7xx_hal_rcc.o
 .debug_line    0x00001907      0x511 Drivers\STM32F7xx_HAL_Driver\Src\stm32f7xx_hal_rcc_ex.o
 .debug_line    0x00001e18     0x12e2 Drivers\STM32F7xx_HAL_Driver\Src\stm32f7xx_hal_tim.o
 .debug_line    0x000030fa      0x9b3 Drivers\STM32F7xx_HAL_Driver\Src\stm32f7xx_hal_tim_ex.o
 .debug_line    0x00003aad      0xc3b Drivers\STM32F7xx_HAL_Driver\Src\stm32f7xx_hal_uart.o
 .debug_line    0x000046e8      0x8f1 Middlewares\Third_Party\FreeRTOS\Source\CMSIS_RTOS\cmsis_os.o
 .debug_line    0x00004fd9      0x36e Middlewares\Third_Party\FreeRTOS\Source\list.o
 .debug_line    0x00005347      0x342 Middlewares\Third_Party\FreeRTOS\Source\portable\GCC\ARM_CM7\r0p1\port.o
 .debug_line    0x00005689      0x41b Middlewares\Third_Party\FreeRTOS\Source\portable\MemMang\heap_4.o
 .debug_line    0x00005aa4      0xba2 Middlewares\Third_Party\FreeRTOS\Source\tasks.o
 .debug_line    0x00006646      0x3c1 Src\freertos.o
 .debug_line    0x00006a07      0x291 Src\gpio.o
 .debug_line    0x00006c98      0x470 Src\main.o
 .debug_line    0x00007108      0x289 Src\stm32f7xx_hal_msp.o
 .debug_line    0x00007391      0x32c Src\stm32f7xx_hal_timebase_TIM.o
 .debug_line    0x000076bd      0x34c Src\stm32f7xx_it.o
 .debug_line    0x00007a09      0x274 Src\system_stm32f7xx.o
 .debug_line    0x00007c7d      0x34f Src\usart.o
 .debug_line    0x00007fcc      0x5b4 Src\xprintf.o
 .debug_line    0x00008580       0x7f startup\startup_stm32f767xx.o

.debug_str      0x00000000     0x5c58
 .debug_str     0x00000000     0x1157 Drivers\STM32F7xx_HAL_Driver\Src\stm32f7xx_hal.o
                               0x11fd (size before relaxing)
 .debug_str     0x00001157      0x47e Drivers\STM32F7xx_HAL_Driver\Src\stm32f7xx_hal_cortex.o
                               0x12d8 (size before relaxing)
 .debug_str     0x000015d5      0x1ad Drivers\STM32F7xx_HAL_Driver\Src\stm32f7xx_hal_gpio.o
                                0x9ac (size before relaxing)
 .debug_str     0x00001782      0x21a Drivers\STM32F7xx_HAL_Driver\Src\stm32f7xx_hal_pwr_ex.o
                                0xb07 (size before relaxing)
 .debug_str     0x0000199c      0x2e9 Drivers\STM32F7xx_HAL_Driver\Src\stm32f7xx_hal_rcc.o
                                0xb93 (size before relaxing)
 .debug_str     0x00001c85      0x3fb Drivers\STM32F7xx_HAL_Driver\Src\stm32f7xx_hal_rcc_ex.o
                                0xbe8 (size before relaxing)
 .debug_str     0x00002080     0x1158 Drivers\STM32F7xx_HAL_Driver\Src\stm32f7xx_hal_tim.o
                               0x188a (size before relaxing)
 .debug_str     0x000031d8      0x636 Drivers\STM32F7xx_HAL_Driver\Src\stm32f7xx_hal_tim_ex.o
                               0x13d0 (size before relaxing)
 .debug_str     0x0000380e      0x7c4 Drivers\STM32F7xx_HAL_Driver\Src\stm32f7xx_hal_uart.o
                               0x12be (size before relaxing)
 .debug_str     0x00003fd2      0xb40 Middlewares\Third_Party\FreeRTOS\Source\CMSIS_RTOS\cmsis_os.o
                               0x122e (size before relaxing)
 .debug_str     0x00004b12      0x159 Middlewares\Third_Party\FreeRTOS\Source\list.o
                                0x77b (size before relaxing)
 .debug_str     0x00004c6b      0x222 Middlewares\Third_Party\FreeRTOS\Source\portable\GCC\ARM_CM7\r0p1\port.o
                                0x4ae (size before relaxing)
 .debug_str     0x00004e8d      0x1e8 Middlewares\Third_Party\FreeRTOS\Source\portable\MemMang\heap_4.o
                                0x864 (size before relaxing)
 .debug_str     0x00005075      0x824 Middlewares\Third_Party\FreeRTOS\Source\tasks.o
                               0x1276 (size before relaxing)
 .debug_str     0x00005899       0xb4 Src\freertos.o
                                0xd47 (size before relaxing)
 .debug_str     0x0000594d       0x1b Src\gpio.o
                                0x845 (size before relaxing)
 .debug_str     0x00005968       0xc4 Src\main.o
                               0x1b90 (size before relaxing)
 .debug_str     0x00005a2c       0x1b Src\stm32f7xx_hal_msp.o
                                0xce5 (size before relaxing)
 .debug_str     0x00005a47       0x61 Src\stm32f7xx_hal_timebase_TIM.o
                               0x139d (size before relaxing)
 .debug_str     0x00005aa8       0x9b Src\stm32f7xx_it.o
                                0xb55 (size before relaxing)
 .debug_str     0x00005b43       0x45 Src\system_stm32f7xx.o
                                0x8d9 (size before relaxing)
 .debug_str     0x00005b88       0x1a Src\usart.o
                                0xd77 (size before relaxing)
 .debug_str     0x00005ba2       0xb6 Src\xprintf.o
                                0xc36 (size before relaxing)

.comment        0x00000000       0x7c
 .comment       0x00000000       0x7c Drivers\STM32F7xx_HAL_Driver\Src\stm32f7xx_hal.o
                                 0x7d (size before relaxing)
 .comment       0x0000007c       0x7d Drivers\STM32F7xx_HAL_Driver\Src\stm32f7xx_hal_cortex.o
 .comment       0x0000007c       0x7d Drivers\STM32F7xx_HAL_Driver\Src\stm32f7xx_hal_gpio.o
 .comment       0x0000007c       0x7d Drivers\STM32F7xx_HAL_Driver\Src\stm32f7xx_hal_pwr_ex.o
 .comment       0x0000007c       0x7d Drivers\STM32F7xx_HAL_Driver\Src\stm32f7xx_hal_rcc.o
 .comment       0x0000007c       0x7d Drivers\STM32F7xx_HAL_Driver\Src\stm32f7xx_hal_rcc_ex.o
 .comment       0x0000007c       0x7d Drivers\STM32F7xx_HAL_Driver\Src\stm32f7xx_hal_tim.o
 .comment       0x0000007c       0x7d Drivers\STM32F7xx_HAL_Driver\Src\stm32f7xx_hal_tim_ex.o
 .comment       0x0000007c       0x7d Drivers\STM32F7xx_HAL_Driver\Src\stm32f7xx_hal_uart.o
 .comment       0x0000007c       0x7d Middlewares\Third_Party\FreeRTOS\Source\CMSIS_RTOS\cmsis_os.o
 .comment       0x0000007c       0x7d Middlewares\Third_Party\FreeRTOS\Source\list.o
 .comment       0x0000007c       0x7d Middlewares\Third_Party\FreeRTOS\Source\portable\GCC\ARM_CM7\r0p1\port.o
 .comment       0x0000007c       0x7d Middlewares\Third_Party\FreeRTOS\Source\portable\MemMang\heap_4.o
 .comment       0x0000007c       0x7d Middlewares\Third_Party\FreeRTOS\Source\tasks.o
 .comment       0x0000007c       0x7d Src\freertos.o
 .comment       0x0000007c       0x7d Src\gpio.o
 .comment       0x0000007c       0x7d Src\main.o
 .comment       0x0000007c       0x7d Src\stm32f7xx_hal_msp.o
 .comment       0x0000007c       0x7d Src\stm32f7xx_hal_timebase_TIM.o
 .comment       0x0000007c       0x7d Src\stm32f7xx_it.o
 .comment       0x0000007c       0x7d Src\system_stm32f7xx.o
 .comment       0x0000007c       0x7d Src\usart.o
 .comment       0x0000007c       0x7d Src\xprintf.o

.debug_frame    0x00000000     0x2904
 .debug_frame   0x00000000      0x230 Drivers\STM32F7xx_HAL_Driver\Src\stm32f7xx_hal.o
 .debug_frame   0x00000230      0x158 Drivers\STM32F7xx_HAL_Driver\Src\stm32f7xx_hal_cortex.o
 .debug_frame   0x00000388       0xd8 Drivers\STM32F7xx_HAL_Driver\Src\stm32f7xx_hal_gpio.o
 .debug_frame   0x00000460      0x13c Drivers\STM32F7xx_HAL_Driver\Src\stm32f7xx_hal_pwr_ex.o
 .debug_frame   0x0000059c      0x148 Drivers\STM32F7xx_HAL_Driver\Src\stm32f7xx_hal_rcc.o
 .debug_frame   0x000006e4       0xcc Drivers\STM32F7xx_HAL_Driver\Src\stm32f7xx_hal_rcc_ex.o
 .debug_frame   0x000007b0      0x87c Drivers\STM32F7xx_HAL_Driver\Src\stm32f7xx_hal_tim.o
 .debug_frame   0x0000102c      0x3f4 Drivers\STM32F7xx_HAL_Driver\Src\stm32f7xx_hal_tim_ex.o
 .debug_frame   0x00001420      0x424 Drivers\STM32F7xx_HAL_Driver\Src\stm32f7xx_hal_uart.o
 .debug_frame   0x00001844      0x4d4 Middlewares\Third_Party\FreeRTOS\Source\CMSIS_RTOS\cmsis_os.o
 .debug_frame   0x00001d18       0x6c Middlewares\Third_Party\FreeRTOS\Source\list.o
 .debug_frame   0x00001d84       0xf0 Middlewares\Third_Party\FreeRTOS\Source\portable\GCC\ARM_CM7\r0p1\port.o
 .debug_frame   0x00001e74       0x98 Middlewares\Third_Party\FreeRTOS\Source\portable\MemMang\heap_4.o
 .debug_frame   0x00001f0c      0x4ac Middlewares\Third_Party\FreeRTOS\Source\tasks.o
 .debug_frame   0x000023b8       0x64 Src\freertos.o
 .debug_frame   0x0000241c       0x30 Src\gpio.o
 .debug_frame   0x0000244c       0x6c Src\main.o
 .debug_frame   0x000024b8       0x2c Src\stm32f7xx_hal_msp.o
 .debug_frame   0x000024e4       0x50 Src\stm32f7xx_hal_timebase_TIM.o
 .debug_frame   0x00002534       0x90 Src\stm32f7xx_it.o
 .debug_frame   0x000025c4       0x38 Src\system_stm32f7xx.o
 .debug_frame   0x000025fc       0x80 Src\usart.o
 .debug_frame   0x0000267c      0x1fc Src\xprintf.o
 .debug_frame   0x00002878       0x2c c:/program files (x86)/atollic/truestudio for stm32 9.0.0/armtools/bin/../lib/gcc/arm-atollic-eabi/6.3.1/../../../../arm-atollic-eabi/lib/armv7e-m/fpu/fpv5-d16\libc_nano.a(lib_a-init.o)
 .debug_frame   0x000028a4       0x2c c:/program files (x86)/atollic/truestudio for stm32 9.0.0/armtools/bin/../lib/gcc/arm-atollic-eabi/6.3.1/armv7e-m/fpu/fpv5-d16\libgcc.a(_aeabi_uldivmod.o)
 .debug_frame   0x000028d0       0x34 c:/program files (x86)/atollic/truestudio for stm32 9.0.0/armtools/bin/../lib/gcc/arm-atollic-eabi/6.3.1/armv7e-m/fpu/fpv5-d16\libgcc.a(_udivmoddi4.o)
