tim.c:66:6:MX_TIM1_Init	8	static
tim.c:149:6:MX_TIM3_Init	8	static
tim.c:279:6:MX_TIM6_Init	8	static
tim.c:499:6:HAL_TIM_Encoder_MspInit	40	static
tim.c:551:6:HAL_TIM_PWM_MspInit	24	static
tim.c:622:6:HAL_TIM_Base_MspInit	24	static
tim.c:663:6:HAL_TIM_MspPostInit	40	static
tim.c:100:6:MX_TIM2_Init	8	static
tim.c:181:6:MX_TIM4_Init	8	static
tim.c:230:6:MX_TIM5_Init	8	static
tim.c:301:6:MX_TIM8_Init	8	static
tim.c:371:6:MX_TIM9_Init	8	static
tim.c:403:6:MX_TIM10_Init	8	static
tim.c:435:6:MX_TIM11_Init	8	static
tim.c:467:6:MX_TIM12_Init	8	static
tim.c:850:6:HAL_TIM_Encoder_MspDeInit	0	static
tim.c:891:6:HAL_TIM_PWM_MspDeInit	0	static
tim.c:962:6:HAL_TIM_Base_MspDeInit	0	static
