xprintf.c:41:6:uart_putc	16	static
xprintf.c:27:6:xprintf_init	0	static
xprintf.c:32:9:uart_getc	16	static
xprintf.c:48:6:uart_puts	24	static
xprintf.c:55:6:xputc	8	static
xprintf.c:117:6:xvprintf	56	static
xprintf.c:73:6:xputs	8	static
xprintf.c:82:6:xfputs	16	static
xprintf.c:194:6:xprintf	16	static
xprintf.c:208:6:xsprintf	20	static
xprintf.c:228:6:xfprintf	20	static
xprintf.c:254:6:put_dump	24	static
xprintf.c:306:5:xgets	24	static
xprintf.c:337:5:xfgets	16	static
xprintf.c:368:5:xatoi	12	static
