22:57:26 **** Rebuild of configuration Debug for project ADC_test ****
Info: Internal Builder is used for build
arm-atollic-eabi-gcc -c ..\Drivers\STM32F3xx_HAL_Driver\Src\stm32f3xx_hal_adc_ex.c -mthumb -mcpu=cortex-m4 -mfloat-abi=hard -mfpu=fpv4-sp-d16 -std=gnu11 -D__weak=__attribute__((weak)) -D__packed=__attribute__((__packed__)) -DUSE_HAL_DRIVER -DSTM32F303x8 -I../Inc -I../Drivers/STM32F3xx_HAL_Driver/Inc -I../Drivers/STM32F3xx_HAL_Driver/Inc/Legacy -I../Drivers/CMSIS/Device/ST/STM32F3xx/Include -I../Drivers/CMSIS/Include -I../Inc -Og -ffunction-sections -g3 -fstack-usage -Wall -fmessage-length=0 -specs=nano.specs -o Drivers\STM32F3xx_HAL_Driver\Src\stm32f3xx_hal_adc_ex.o 
arm-atollic-eabi-gcc -c ..\Drivers\STM32F3xx_HAL_Driver\Src\stm32f3xx_hal_flash.c -mthumb -mcpu=cortex-m4 -mfloat-abi=hard -mfpu=fpv4-sp-d16 -std=gnu11 -D__weak=__attribute__((weak)) -D__packed=__attribute__((__packed__)) -DUSE_HAL_DRIVER -DSTM32F303x8 -I../Inc -I../Drivers/STM32F3xx_HAL_Driver/Inc -I../Drivers/STM32F3xx_HAL_Driver/Inc/Legacy -I../Drivers/CMSIS/Device/ST/STM32F3xx/Include -I../Drivers/CMSIS/Include -I../Inc -Og -ffunction-sections -g3 -fstack-usage -Wall -fmessage-length=0 -specs=nano.specs -o Drivers\STM32F3xx_HAL_Driver\Src\stm32f3xx_hal_flash.o 
arm-atollic-eabi-gcc -c ..\Drivers\STM32F3xx_HAL_Driver\Src\stm32f3xx_hal_tim.c -mthumb -mcpu=cortex-m4 -mfloat-abi=hard -mfpu=fpv4-sp-d16 -std=gnu11 -D__weak=__attribute__((weak)) -D__packed=__attribute__((__packed__)) -DUSE_HAL_DRIVER -DSTM32F303x8 -I../Inc -I../Drivers/STM32F3xx_HAL_Driver/Inc -I../Drivers/STM32F3xx_HAL_Driver/Inc/Legacy -I../Drivers/CMSIS/Device/ST/STM32F3xx/Include -I../Drivers/CMSIS/Include -I../Inc -Og -ffunction-sections -g3 -fstack-usage -Wall -fmessage-length=0 -specs=nano.specs -o Drivers\STM32F3xx_HAL_Driver\Src\stm32f3xx_hal_tim.o 
arm-atollic-eabi-gcc -c ..\Drivers\STM32F3xx_HAL_Driver\Src\stm32f3xx_hal_pwr.c -mthumb -mcpu=cortex-m4 -mfloat-abi=hard -mfpu=fpv4-sp-d16 -std=gnu11 -D__weak=__attribute__((weak)) -D__packed=__attribute__((__packed__)) -DUSE_HAL_DRIVER -DSTM32F303x8 -I../Inc -I../Drivers/STM32F3xx_HAL_Driver/Inc -I../Drivers/STM32F3xx_HAL_Driver/Inc/Legacy -I../Drivers/CMSIS/Device/ST/STM32F3xx/Include -I../Drivers/CMSIS/Include -I../Inc -Og -ffunction-sections -g3 -fstack-usage -Wall -fmessage-length=0 -specs=nano.specs -o Drivers\STM32F3xx_HAL_Driver\Src\stm32f3xx_hal_pwr.o 
arm-atollic-eabi-gcc -c ..\Src\main.c -mthumb -mcpu=cortex-m4 -mfloat-abi=hard -mfpu=fpv4-sp-d16 -std=gnu11 -D__weak=__attribute__((weak)) -D__packed=__attribute__((__packed__)) -DUSE_HAL_DRIVER -DSTM32F303x8 -I../Inc -I../Drivers/STM32F3xx_HAL_Driver/Inc -I../Drivers/STM32F3xx_HAL_Driver/Inc/Legacy -I../Drivers/CMSIS/Device/ST/STM32F3xx/Include -I../Drivers/CMSIS/Include -I../Inc -Og -ffunction-sections -g3 -fstack-usage -Wall -fmessage-length=0 -specs=nano.specs -o Src\main.o 
arm-atollic-eabi-gcc -c ..\Drivers\STM32F3xx_HAL_Driver\Src\stm32f3xx_hal_pwr_ex.c -mthumb -mcpu=cortex-m4 -mfloat-abi=hard -mfpu=fpv4-sp-d16 -std=gnu11 -D__weak=__attribute__((weak)) -D__packed=__attribute__((__packed__)) -DUSE_HAL_DRIVER -DSTM32F303x8 -I../Inc -I../Drivers/STM32F3xx_HAL_Driver/Inc -I../Drivers/STM32F3xx_HAL_Driver/Inc/Legacy -I../Drivers/CMSIS/Device/ST/STM32F3xx/Include -I../Drivers/CMSIS/Include -I../Inc -Og -ffunction-sections -g3 -fstack-usage -Wall -fmessage-length=0 -specs=nano.specs -o Drivers\STM32F3xx_HAL_Driver\Src\stm32f3xx_hal_pwr_ex.o 
arm-atollic-eabi-gcc -c ..\Drivers\STM32F3xx_HAL_Driver\Src\stm32f3xx_hal.c -mthumb -mcpu=cortex-m4 -mfloat-abi=hard -mfpu=fpv4-sp-d16 -std=gnu11 -D__weak=__attribute__((weak)) -D__packed=__attribute__((__packed__)) -DUSE_HAL_DRIVER -DSTM32F303x8 -I../Inc -I../Drivers/STM32F3xx_HAL_Driver/Inc -I../Drivers/STM32F3xx_HAL_Driver/Inc/Legacy -I../Drivers/CMSIS/Device/ST/STM32F3xx/Include -I../Drivers/CMSIS/Include -I../Inc -Og -ffunction-sections -g3 -fstack-usage -Wall -fmessage-length=0 -specs=nano.specs -o Drivers\STM32F3xx_HAL_Driver\Src\stm32f3xx_hal.o 
arm-atollic-eabi-gcc -c ..\Drivers\STM32F3xx_HAL_Driver\Src\stm32f3xx_hal_dma.c -mthumb -mcpu=cortex-m4 -mfloat-abi=hard -mfpu=fpv4-sp-d16 -std=gnu11 -D__weak=__attribute__((weak)) -D__packed=__attribute__((__packed__)) -DUSE_HAL_DRIVER -DSTM32F303x8 -I../Inc -I../Drivers/STM32F3xx_HAL_Driver/Inc -I../Drivers/STM32F3xx_HAL_Driver/Inc/Legacy -I../Drivers/CMSIS/Device/ST/STM32F3xx/Include -I../Drivers/CMSIS/Include -I../Inc -Og -ffunction-sections -g3 -fstack-usage -Wall -fmessage-length=0 -specs=nano.specs -o Drivers\STM32F3xx_HAL_Driver\Src\stm32f3xx_hal_dma.o 
arm-atollic-eabi-gcc -c ..\Drivers\STM32F3xx_HAL_Driver\Src\stm32f3xx_hal_uart_ex.c -mthumb -mcpu=cortex-m4 -mfloat-abi=hard -mfpu=fpv4-sp-d16 -std=gnu11 -D__weak=__attribute__((weak)) -D__packed=__attribute__((__packed__)) -DUSE_HAL_DRIVER -DSTM32F303x8 -I../Inc -I../Drivers/STM32F3xx_HAL_Driver/Inc -I../Drivers/STM32F3xx_HAL_Driver/Inc/Legacy -I../Drivers/CMSIS/Device/ST/STM32F3xx/Include -I../Drivers/CMSIS/Include -I../Inc -Og -ffunction-sections -g3 -fstack-usage -Wall -fmessage-length=0 -specs=nano.specs -o Drivers\STM32F3xx_HAL_Driver\Src\stm32f3xx_hal_uart_ex.o 
arm-atollic-eabi-gcc -c ..\Drivers\STM32F3xx_HAL_Driver\Src\stm32f3xx_hal_uart.c -mthumb -mcpu=cortex-m4 -mfloat-abi=hard -mfpu=fpv4-sp-d16 -std=gnu11 -D__weak=__attribute__((weak)) -D__packed=__attribute__((__packed__)) -DUSE_HAL_DRIVER -DSTM32F303x8 -I../Inc -I../Drivers/STM32F3xx_HAL_Driver/Inc -I../Drivers/STM32F3xx_HAL_Driver/Inc/Legacy -I../Drivers/CMSIS/Device/ST/STM32F3xx/Include -I../Drivers/CMSIS/Include -I../Inc -Og -ffunction-sections -g3 -fstack-usage -Wall -fmessage-length=0 -specs=nano.specs -o Drivers\STM32F3xx_HAL_Driver\Src\stm32f3xx_hal_uart.o 
arm-atollic-eabi-gcc -c -mthumb -mcpu=cortex-m4 -mfloat-abi=hard -mfpu=fpv4-sp-d16 -g -Wa,--warn -x assembler-with-cpp -specs=nano.specs -o startup\startup_stm32f303x8.o ..\startup\startup_stm32f303x8.s 
arm-atollic-eabi-gcc -c ..\Src\stm32f3xx_it.c -mthumb -mcpu=cortex-m4 -mfloat-abi=hard -mfpu=fpv4-sp-d16 -std=gnu11 -D__weak=__attribute__((weak)) -D__packed=__attribute__((__packed__)) -DUSE_HAL_DRIVER -DSTM32F303x8 -I../Inc -I../Drivers/STM32F3xx_HAL_Driver/Inc -I../Drivers/STM32F3xx_HAL_Driver/Inc/Legacy -I../Drivers/CMSIS/Device/ST/STM32F3xx/Include -I../Drivers/CMSIS/Include -I../Inc -Og -ffunction-sections -g3 -fstack-usage -Wall -fmessage-length=0 -specs=nano.specs -o Src\stm32f3xx_it.o 
arm-atollic-eabi-gcc -c ..\Src\system_stm32f3xx.c -mthumb -mcpu=cortex-m4 -mfloat-abi=hard -mfpu=fpv4-sp-d16 -std=gnu11 -D__weak=__attribute__((weak)) -D__packed=__attribute__((__packed__)) -DUSE_HAL_DRIVER -DSTM32F303x8 -I../Inc -I../Drivers/STM32F3xx_HAL_Driver/Inc -I../Drivers/STM32F3xx_HAL_Driver/Inc/Legacy -I../Drivers/CMSIS/Device/ST/STM32F3xx/Include -I../Drivers/CMSIS/Include -I../Inc -Og -ffunction-sections -g3 -fstack-usage -Wall -fmessage-length=0 -specs=nano.specs -o Src\system_stm32f3xx.o 
arm-atollic-eabi-gcc -c ..\Drivers\STM32F3xx_HAL_Driver\Src\stm32f3xx_hal_i2c_ex.c -mthumb -mcpu=cortex-m4 -mfloat-abi=hard -mfpu=fpv4-sp-d16 -std=gnu11 -D__weak=__attribute__((weak)) -D__packed=__attribute__((__packed__)) -DUSE_HAL_DRIVER -DSTM32F303x8 -I../Inc -I../Drivers/STM32F3xx_HAL_Driver/Inc -I../Drivers/STM32F3xx_HAL_Driver/Inc/Legacy -I../Drivers/CMSIS/Device/ST/STM32F3xx/Include -I../Drivers/CMSIS/Include -I../Inc -Og -ffunction-sections -g3 -fstack-usage -Wall -fmessage-length=0 -specs=nano.specs -o Drivers\STM32F3xx_HAL_Driver\Src\stm32f3xx_hal_i2c_ex.o 
arm-atollic-eabi-gcc -c ..\Drivers\STM32F3xx_HAL_Driver\Src\stm32f3xx_hal_gpio.c -mthumb -mcpu=cortex-m4 -mfloat-abi=hard -mfpu=fpv4-sp-d16 -std=gnu11 -D__weak=__attribute__((weak)) -D__packed=__attribute__((__packed__)) -DUSE_HAL_DRIVER -DSTM32F303x8 -I../Inc -I../Drivers/STM32F3xx_HAL_Driver/Inc -I../Drivers/STM32F3xx_HAL_Driver/Inc/Legacy -I../Drivers/CMSIS/Device/ST/STM32F3xx/Include -I../Drivers/CMSIS/Include -I../Inc -Og -ffunction-sections -g3 -fstack-usage -Wall -fmessage-length=0 -specs=nano.specs -o Drivers\STM32F3xx_HAL_Driver\Src\stm32f3xx_hal_gpio.o 
arm-atollic-eabi-gcc -c ..\Drivers\STM32F3xx_HAL_Driver\Src\stm32f3xx_hal_flash_ex.c -mthumb -mcpu=cortex-m4 -mfloat-abi=hard -mfpu=fpv4-sp-d16 -std=gnu11 -D__weak=__attribute__((weak)) -D__packed=__attribute__((__packed__)) -DUSE_HAL_DRIVER -DSTM32F303x8 -I../Inc -I../Drivers/STM32F3xx_HAL_Driver/Inc -I../Drivers/STM32F3xx_HAL_Driver/Inc/Legacy -I../Drivers/CMSIS/Device/ST/STM32F3xx/Include -I../Drivers/CMSIS/Include -I../Inc -Og -ffunction-sections -g3 -fstack-usage -Wall -fmessage-length=0 -specs=nano.specs -o Drivers\STM32F3xx_HAL_Driver\Src\stm32f3xx_hal_flash_ex.o 
arm-atollic-eabi-gcc -c ..\Src\stm32f3xx_hal_msp.c -mthumb -mcpu=cortex-m4 -mfloat-abi=hard -mfpu=fpv4-sp-d16 -std=gnu11 -D__weak=__attribute__((weak)) -D__packed=__attribute__((__packed__)) -DUSE_HAL_DRIVER -DSTM32F303x8 -I../Inc -I../Drivers/STM32F3xx_HAL_Driver/Inc -I../Drivers/STM32F3xx_HAL_Driver/Inc/Legacy -I../Drivers/CMSIS/Device/ST/STM32F3xx/Include -I../Drivers/CMSIS/Include -I../Inc -Og -ffunction-sections -g3 -fstack-usage -Wall -fmessage-length=0 -specs=nano.specs -o Src\stm32f3xx_hal_msp.o 
arm-atollic-eabi-gcc -c ..\Drivers\STM32F3xx_HAL_Driver\Src\stm32f3xx_hal_rcc_ex.c -mthumb -mcpu=cortex-m4 -mfloat-abi=hard -mfpu=fpv4-sp-d16 -std=gnu11 -D__weak=__attribute__((weak)) -D__packed=__attribute__((__packed__)) -DUSE_HAL_DRIVER -DSTM32F303x8 -I../Inc -I../Drivers/STM32F3xx_HAL_Driver/Inc -I../Drivers/STM32F3xx_HAL_Driver/Inc/Legacy -I../Drivers/CMSIS/Device/ST/STM32F3xx/Include -I../Drivers/CMSIS/Include -I../Inc -Og -ffunction-sections -g3 -fstack-usage -Wall -fmessage-length=0 -specs=nano.specs -o Drivers\STM32F3xx_HAL_Driver\Src\stm32f3xx_hal_rcc_ex.o 
arm-atollic-eabi-gcc -c ..\Drivers\STM32F3xx_HAL_Driver\Src\stm32f3xx_hal_rcc.c -mthumb -mcpu=cortex-m4 -mfloat-abi=hard -mfpu=fpv4-sp-d16 -std=gnu11 -D__weak=__attribute__((weak)) -D__packed=__attribute__((__packed__)) -DUSE_HAL_DRIVER -DSTM32F303x8 -I../Inc -I../Drivers/STM32F3xx_HAL_Driver/Inc -I../Drivers/STM32F3xx_HAL_Driver/Inc/Legacy -I../Drivers/CMSIS/Device/ST/STM32F3xx/Include -I../Drivers/CMSIS/Include -I../Inc -Og -ffunction-sections -g3 -fstack-usage -Wall -fmessage-length=0 -specs=nano.specs -o Drivers\STM32F3xx_HAL_Driver\Src\stm32f3xx_hal_rcc.o 
arm-atollic-eabi-gcc -c ..\Drivers\STM32F3xx_HAL_Driver\Src\stm32f3xx_hal_cortex.c -mthumb -mcpu=cortex-m4 -mfloat-abi=hard -mfpu=fpv4-sp-d16 -std=gnu11 -D__weak=__attribute__((weak)) -D__packed=__attribute__((__packed__)) -DUSE_HAL_DRIVER -DSTM32F303x8 -I../Inc -I../Drivers/STM32F3xx_HAL_Driver/Inc -I../Drivers/STM32F3xx_HAL_Driver/Inc/Legacy -I../Drivers/CMSIS/Device/ST/STM32F3xx/Include -I../Drivers/CMSIS/Include -I../Inc -Og -ffunction-sections -g3 -fstack-usage -Wall -fmessage-length=0 -specs=nano.specs -o Drivers\STM32F3xx_HAL_Driver\Src\stm32f3xx_hal_cortex.o 
arm-atollic-eabi-gcc -c ..\Drivers\STM32F3xx_HAL_Driver\Src\stm32f3xx_hal_i2c.c -mthumb -mcpu=cortex-m4 -mfloat-abi=hard -mfpu=fpv4-sp-d16 -std=gnu11 -D__weak=__attribute__((weak)) -D__packed=__attribute__((__packed__)) -DUSE_HAL_DRIVER -DSTM32F303x8 -I../Inc -I../Drivers/STM32F3xx_HAL_Driver/Inc -I../Drivers/STM32F3xx_HAL_Driver/Inc/Legacy -I../Drivers/CMSIS/Device/ST/STM32F3xx/Include -I../Drivers/CMSIS/Include -I../Inc -Og -ffunction-sections -g3 -fstack-usage -Wall -fmessage-length=0 -specs=nano.specs -o Drivers\STM32F3xx_HAL_Driver\Src\stm32f3xx_hal_i2c.o 
arm-atollic-eabi-gcc -c ..\Drivers\STM32F3xx_HAL_Driver\Src\stm32f3xx_hal_tim_ex.c -mthumb -mcpu=cortex-m4 -mfloat-abi=hard -mfpu=fpv4-sp-d16 -std=gnu11 -D__weak=__attribute__((weak)) -D__packed=__attribute__((__packed__)) -DUSE_HAL_DRIVER -DSTM32F303x8 -I../Inc -I../Drivers/STM32F3xx_HAL_Driver/Inc -I../Drivers/STM32F3xx_HAL_Driver/Inc/Legacy -I../Drivers/CMSIS/Device/ST/STM32F3xx/Include -I../Drivers/CMSIS/Include -I../Inc -Og -ffunction-sections -g3 -fstack-usage -Wall -fmessage-length=0 -specs=nano.specs -o Drivers\STM32F3xx_HAL_Driver\Src\stm32f3xx_hal_tim_ex.o 
arm-atollic-eabi-gcc -c ..\Drivers\STM32F3xx_HAL_Driver\Src\stm32f3xx_hal_adc.c -mthumb -mcpu=cortex-m4 -mfloat-abi=hard -mfpu=fpv4-sp-d16 -std=gnu11 -D__weak=__attribute__((weak)) -D__packed=__attribute__((__packed__)) -DUSE_HAL_DRIVER -DSTM32F303x8 -I../Inc -I../Drivers/STM32F3xx_HAL_Driver/Inc -I../Drivers/STM32F3xx_HAL_Driver/Inc/Legacy -I../Drivers/CMSIS/Device/ST/STM32F3xx/Include -I../Drivers/CMSIS/Include -I../Inc -Og -ffunction-sections -g3 -fstack-usage -Wall -fmessage-length=0 -specs=nano.specs -o Drivers\STM32F3xx_HAL_Driver\Src\stm32f3xx_hal_adc.o 
arm-atollic-eabi-gcc -o ADC_test.elf Drivers\STM32F3xx_HAL_Driver\Src\stm32f3xx_hal.o Drivers\STM32F3xx_HAL_Driver\Src\stm32f3xx_hal_adc.o Drivers\STM32F3xx_HAL_Driver\Src\stm32f3xx_hal_adc_ex.o Drivers\STM32F3xx_HAL_Driver\Src\stm32f3xx_hal_cortex.o Drivers\STM32F3xx_HAL_Driver\Src\stm32f3xx_hal_dma.o Drivers\STM32F3xx_HAL_Driver\Src\stm32f3xx_hal_flash.o Drivers\STM32F3xx_HAL_Driver\Src\stm32f3xx_hal_flash_ex.o Drivers\STM32F3xx_HAL_Driver\Src\stm32f3xx_hal_gpio.o Drivers\STM32F3xx_HAL_Driver\Src\stm32f3xx_hal_i2c.o Drivers\STM32F3xx_HAL_Driver\Src\stm32f3xx_hal_i2c_ex.o Drivers\STM32F3xx_HAL_Driver\Src\stm32f3xx_hal_pwr.o Drivers\STM32F3xx_HAL_Driver\Src\stm32f3xx_hal_pwr_ex.o Drivers\STM32F3xx_HAL_Driver\Src\stm32f3xx_hal_rcc.o Drivers\STM32F3xx_HAL_Driver\Src\stm32f3xx_hal_rcc_ex.o Drivers\STM32F3xx_HAL_Driver\Src\stm32f3xx_hal_tim.o Drivers\STM32F3xx_HAL_Driver\Src\stm32f3xx_hal_tim_ex.o Drivers\STM32F3xx_HAL_Driver\Src\stm32f3xx_hal_uart.o Drivers\STM32F3xx_HAL_Driver\Src\stm32f3xx_hal_uart_ex.o Src\main.o Src\stm32f3xx_hal_msp.o Src\stm32f3xx_it.o Src\system_stm32f3xx.o startup\startup_stm32f303x8.o -mthumb -mcpu=cortex-m4 -mfloat-abi=hard -mfpu=fpv4-sp-d16 -T../STM32F303K8Tx_FLASH.ld -specs=nosys.specs -static -Wl,-Map=ADC_test.map -Wl,--gc-sections -Wl,--defsym=malloc_getpagesize_P=0x80 -Wl,--start-group -lc -lm -Wl,--end-group -specs=nano.specs 
C:\Program Files (x86)\Atollic\TrueSTUDIO for ARM 8.1.0\ide\jre\bin\java -jar C:\Program Files (x86)\Atollic\TrueSTUDIO for ARM 8.1.0\Tools\arm-atollic-reports.jar sizeinfo list ADC_test.elf 
Generate build reports...
Print size information
   text	   data	    bss	    dec	    hex	filename
   7256	     12	   1764	   9032	   2348	ADC_test.elf
Print size information done
Generate listing file
Output sent to: ADC_test.list
Generate listing file done
Generate build reports done

22:57:54 Build Finished (took 27s.896ms)

