22:04:50 **** Incremental Build of configuration Debug for project F303K_IMU_test ****
Info: Internal Builder is used for build
arm-atollic-eabi-gcc -c -mthumb -mcpu=cortex-m4 -mfloat-abi=hard -mfpu=fpv4-sp-d16 -std=gnu11 -D__weak=__attribute__((weak)) -D__packed=__attribute__((__packed__)) -DUSE_HAL_DRIVER -DSTM32F303x8 -I../Inc -I../Drivers/STM32F3xx_HAL_Driver/Inc -I../Drivers/STM32F3xx_HAL_Driver/Inc/Legacy -I../Drivers/CMSIS/Device/ST/STM32F3xx/Include -I../Drivers/CMSIS/Include -Os -ffunction-sections -fdata-sections -g -fstack-usage -Wall -specs=nano.specs -o Src\main.o ..\Src\main.c 
arm-atollic-eabi-gcc -o F303K_IMU_test.elf Drivers\STM32F3xx_HAL_Driver\Src\stm32f3xx_hal.o Drivers\STM32F3xx_HAL_Driver\Src\stm32f3xx_hal_cortex.o Drivers\STM32F3xx_HAL_Driver\Src\stm32f3xx_hal_dma.o Drivers\STM32F3xx_HAL_Driver\Src\stm32f3xx_hal_flash.o Drivers\STM32F3xx_HAL_Driver\Src\stm32f3xx_hal_flash_ex.o Drivers\STM32F3xx_HAL_Driver\Src\stm32f3xx_hal_gpio.o Drivers\STM32F3xx_HAL_Driver\Src\stm32f3xx_hal_i2c.o Drivers\STM32F3xx_HAL_Driver\Src\stm32f3xx_hal_i2c_ex.o Drivers\STM32F3xx_HAL_Driver\Src\stm32f3xx_hal_pwr.o Drivers\STM32F3xx_HAL_Driver\Src\stm32f3xx_hal_pwr_ex.o Drivers\STM32F3xx_HAL_Driver\Src\stm32f3xx_hal_rcc.o Drivers\STM32F3xx_HAL_Driver\Src\stm32f3xx_hal_rcc_ex.o Drivers\STM32F3xx_HAL_Driver\Src\stm32f3xx_hal_tim.o Drivers\STM32F3xx_HAL_Driver\Src\stm32f3xx_hal_tim_ex.o Drivers\STM32F3xx_HAL_Driver\Src\stm32f3xx_hal_uart.o Drivers\STM32F3xx_HAL_Driver\Src\stm32f3xx_hal_uart_ex.o Src\main.o Src\stm32f3xx_hal_msp.o Src\stm32f3xx_it.o Src\system_stm32f3xx.o Src\xprintf.o startup\startup_stm32f303x8.o -mthumb -mcpu=cortex-m4 -mfloat-abi=hard -mfpu=fpv4-sp-d16 -T../STM32F303K8_FLASH.ld -specs=nosys.specs -static -Wl,-Map=F303K_IMU_test.map -Wl,--gc-sections -Wl,--defsym=malloc_getpagesize_P=0x80 -Wl,--start-group -lc -lm -Wl,--end-group -specs=nano.specs 
C:\Program Files (x86)\Atollic\TrueSTUDIO for ARM 8.0.0\ide\jre\bin\java -jar C:\Program Files (x86)\Atollic\TrueSTUDIO for ARM 8.0.0\Tools\arm-atollic-reports.jar sizeinfo list C:\Users\ryouma\OneDrive\ロボットファクトリー\18回レスコン\組み込み\F303K_IMU_test\Debug\F303K_IMU_test.elf 
Generate build reports...
Print size information
   text	   data	    bss	    dec	    hex	filename
   7696	     12	   1788	   9496	   2518	C:\Users\ryouma\OneDrive\ロボットファクトリー\18回レスコン\組み込み\F303K_IMU_test\Debug\F303K_IMU_test.elf
Print size information done
Generate listing file
Output sent to: C:\Users\ryouma\OneDrive\ロボットファクトリー\18回レスコン\組み込み\F303K_IMU_test\Debug\F303K_IMU_test.list
Generate listing file done
Generate build reports done

22:04:51 Build Finished (took 892ms)

